---
http_interactions:
- request:
    method: post
    uri: https://api.ionos.com/cloudapi/v6/datacenters/28746096-a5b8-4372-b428-e28c3d86ae98/applicationloadbalancers/47b2cde7-2a72-48aa-afa9-9b467215ec7f/forwardingrules
    body:
      encoding: UTF-8
      string: '{"properties":{"name":"regula","protocol":"HTTP","listenerIp":"85.215.240.45","listenerPort":49,"healthCheck":{"clientTimeout":50000},"serverCertificates":[],"httpRules":[{"name":"nume3","type":"STATIC","statusCode":303,"responseMessage":"Test
        message.","conditions":[{"type":"path","condition":"STARTS_WITH","negate":true,"value":"Sunday"}]},{"name":"nume2","type":"STATIC","statusCode":599,"responseMessage":"Application
        Still Down","contentType":"application/json","conditions":[{"type":"header","condition":"STARTS_WITH","negate":true,"value":"Friday"}]}]}}'
    headers:
      User-Agent:
      - OpenAPI-Generator/1.0.0/ruby
      Content-Type:
      - application/json
      Accept:
      - application/json
      Authorization: Basic dXNlcm5hbWU6cGFzc3dvcmQ=
      Expect:
      - ''
  response:
    status:
      code: 202
      message: Accepted
    headers:
      Date:
      - Mon, 09 Aug 2021 14:34:21 GMT
      Server:
      - Apache/2.4.38 (Debian)
      Content-Length:
      - '1609'
      Content-Type:
      - application/json
      Etag:
      - ad5ee55893c38602738bbbe67a85bf0e
      Location:
      - https://api.ionos.com/cloudapi/v6/requests/16c26d56-8033-42d4-b5f4-a2d165d2cdce/status
      X-Frame-Options:
      - SAMEORIGIN
      X-Ratelimit-Burst:
      - '50'
      X-Ratelimit-Limit:
      - '120'
      X-Ratelimit-Remaining:
      - '49'
      Access-Control-Allow-Origin:
      - "*"
      Access-Control-Allow-Headers:
      - "*"
      Access-Control-Expose-Headers:
      - "*"
      Access-Control-Allow-Methods:
      - "*"
      Access-Control-Allow-Credentials:
      - 'true'
    body:
      encoding: ASCII-8BIT
      string: |
        {
          "id" : "82b27184-f332-4cda-a9cf-2e38fd08a4b6",
          "type" : "forwarding-rule",
          "href" : "https://api.ionos.com/cloudapi/v6/datacenters/28746096-a5b8-4372-b428-e28c3d86ae98/applicationloadbalancers/47b2cde7-2a72-48aa-afa9-9b467215ec7f/forwardingrules/82b27184-f332-4cda-a9cf-2e38fd08a4b6",
          "metadata" : {
            "etag" : "ad5ee55893c38602738bbbe67a85bf0e",
            "createdDate" : "2021-08-09T14:34:21Z",
            "createdBy" : "username",
            "createdByUserId" : "99156d9e-eb3f-4024-a3a4-283be74699c0",
            "lastModifiedDate" : "2021-08-09T14:34:21Z",
            "lastModifiedBy" : "username",
            "lastModifiedByUserId" : "99156d9e-eb3f-4024-a3a4-283be74699c0",
            "state" : "BUSY"
          },
          "properties" : {
            "name" : "regula",
            "protocol" : "HTTP",
            "listenerIp" : "85.215.240.45",
            "listenerPort" : 49,
            "serverCertificates" : [ ],
            "httpRules" : [ {
              "name" : "nume3",
              "type" : "STATIC",
              "statusCode" : 303,
              "responseMessage" : "Test message.",
              "conditions" : [ {
                "type" : "path",
                "condition" : "STARTS_WITH",
                "negate" : true,
                "key" : null,
                "value" : "Sunday"
              } ]
            }, {
              "name" : "nume2",
              "type" : "STATIC",
              "statusCode" : 599,
              "responseMessage" : "Application Still Down",
              "contentType" : "application/json",
              "conditions" : [ {
                "type" : "header",
                "condition" : "STARTS_WITH",
                "negate" : true,
                "key" : null,
                "value" : "Friday"
              } ]
            } ],
            "healthCheck" : {
              "clientTimeout" : 50000
            }
          }
        }
  recorded_at: Mon, 09 Aug 2021 14:34:21 GMT
- request:
    method: post
    uri: https://api.ionos.com/cloudapi/v6/datacenters/28746096-a5b8-4372-b428-e28c3d86ae98/applicationloadbalancers/47b2cde7-2a72-48aa-afa9-9b467215ec7f/forwardingrules
    body:
      encoding: UTF-8
      string: '{"properties":{"name":"regula2","protocol":"HTTP","listenerIp":"85.215.240.44","listenerPort":23,"healthCheck":{"clientTimeout":45000},"serverCertificates":[],"httpRules":[]}}'
    headers:
      User-Agent:
      - OpenAPI-Generator/1.0.0/ruby
      Content-Type:
      - application/json
      Accept:
      - application/json
      Authorization: Basic dXNlcm5hbWU6cGFzc3dvcmQ=
      Expect:
      - ''
  response:
    status:
      code: 202
      message: Accepted
    headers:
      Date:
      - Mon, 09 Aug 2021 14:34:22 GMT
      Server:
      - Apache/2.4.38 (Debian)
      Content-Length:
      - '962'
      Content-Type:
      - application/json
      Etag:
      - 2a53bd98eee24d79193dcc8b7fc4baf2
      Location:
      - https://api.ionos.com/cloudapi/v6/requests/a3154a28-6a81-4c23-9e26-fdae2c6aacae/status
      X-Frame-Options:
      - SAMEORIGIN
      X-Ratelimit-Burst:
      - '50'
      X-Ratelimit-Limit:
      - '120'
      X-Ratelimit-Remaining:
      - '49'
      Access-Control-Allow-Origin:
      - "*"
      Access-Control-Allow-Headers:
      - "*"
      Access-Control-Expose-Headers:
      - "*"
      Access-Control-Allow-Methods:
      - "*"
      Access-Control-Allow-Credentials:
      - 'true'
    body:
      encoding: ASCII-8BIT
      string: |
        {
          "id" : "b98475e7-5296-414e-a3bb-3de81812de62",
          "type" : "forwarding-rule",
          "href" : "https://api.ionos.com/cloudapi/v6/datacenters/28746096-a5b8-4372-b428-e28c3d86ae98/applicationloadbalancers/47b2cde7-2a72-48aa-afa9-9b467215ec7f/forwardingrules/b98475e7-5296-414e-a3bb-3de81812de62",
          "metadata" : {
            "etag" : "2a53bd98eee24d79193dcc8b7fc4baf2",
            "createdDate" : "2021-08-09T14:34:22Z",
            "createdBy" : "username",
            "createdByUserId" : "99156d9e-eb3f-4024-a3a4-283be74699c0",
            "lastModifiedDate" : "2021-08-09T14:34:22Z",
            "lastModifiedBy" : "username",
            "lastModifiedByUserId" : "99156d9e-eb3f-4024-a3a4-283be74699c0",
            "state" : "BUSY"
          },
          "properties" : {
            "name" : "regula2",
            "protocol" : "HTTP",
            "listenerIp" : "85.215.240.44",
            "listenerPort" : 23,
            "serverCertificates" : [ ],
            "httpRules" : [ ],
            "healthCheck" : {
              "clientTimeout" : 45000
            }
          }
        }
  recorded_at: Mon, 09 Aug 2021 14:34:22 GMT
- request:
    method: patch
    uri: https://api.ionos.com/cloudapi/v6/datacenters/28746096-a5b8-4372-b428-e28c3d86ae98/applicationloadbalancers/47b2cde7-2a72-48aa-afa9-9b467215ec7f
    body:
      encoding: UTF-8
      string: '{"ips":["85.215.240.44","85.215.240.45"]}'
    headers:
      User-Agent:
      - OpenAPI-Generator/1.0.0/ruby
      Content-Type:
      - application/json
      Accept:
      - application/json
      Authorization: Basic dXNlcm5hbWU6cGFzc3dvcmQ=
      Expect:
      - ''
  response:
    status:
      code: 202
      message: Accepted
    headers:
      Date:
      - Mon, 09 Aug 2021 14:34:22 GMT
      Server:
      - Apache/2.4.38 (Debian)
      Content-Length:
      - '1526'
      Content-Type:
      - application/json
      Etag:
      - c8e296c64e5837994b11ca1210ac40a7
      Location:
      - https://api.ionos.com/cloudapi/v6/requests/362eff3e-8d18-4f60-8828-4f965b8d770f/status
      X-Frame-Options:
      - SAMEORIGIN
      X-Ratelimit-Burst:
      - '50'
      X-Ratelimit-Limit:
      - '120'
      X-Ratelimit-Remaining:
      - '49'
      Access-Control-Allow-Origin:
      - "*"
      Access-Control-Allow-Headers:
      - "*"
      Access-Control-Expose-Headers:
      - "*"
      Access-Control-Allow-Methods:
      - "*"
      Access-Control-Allow-Credentials:
      - 'true'
    body:
      encoding: ASCII-8BIT
      string: |
        {
          "id" : "47b2cde7-2a72-48aa-afa9-9b467215ec7f",
          "type" : "applicationloadbalancer",
          "href" : "https://api.ionos.com/cloudapi/v6/datacenters/28746096-a5b8-4372-b428-e28c3d86ae98/applicationloadbalancers/47b2cde7-2a72-48aa-afa9-9b467215ec7f",
          "metadata" : {
            "etag" : "c8e296c64e5837994b11ca1210ac40a7",
            "createdDate" : "2021-08-09T14:23:49Z",
            "createdBy" : "username",
            "createdByUserId" : "99156d9e-eb3f-4024-a3a4-283be74699c0",
            "lastModifiedDate" : "2021-08-09T14:34:22Z",
            "lastModifiedBy" : "username",
            "lastModifiedByUserId" : "99156d9e-eb3f-4024-a3a4-283be74699c0",
            "state" : "BUSY"
          },
          "properties" : {
            "name" : "puppet_module_test1",
            "listenerLan" : 2,
            "targetLan" : 1,
            "ips" : [ "85.215.240.44", "85.215.240.45" ],
            "lbPrivateIps" : [ "10.12.106.235/24", "10.12.106.215/24", "10.12.106.232/24" ]
          },
          "entities" : {
            "forwardingrules" : {
              "id" : "47b2cde7-2a72-48aa-afa9-9b467215ec7f/forwardingrules",
              "type" : "collection",
              "href" : "https://api.ionos.com/cloudapi/v6/datacenters/28746096-a5b8-4372-b428-e28c3d86ae98/applicationloadbalancers/47b2cde7-2a72-48aa-afa9-9b467215ec7f/forwardingrules"
            },
            "flowlogs" : {
              "id" : "47b2cde7-2a72-48aa-afa9-9b467215ec7f/flowlogs",
              "type" : "collection",
              "href" : "https://api.ionos.com/cloudapi/v6/datacenters/28746096-a5b8-4372-b428-e28c3d86ae98/applicationloadbalancers/47b2cde7-2a72-48aa-afa9-9b467215ec7f/flowlogs"
            }
          }
        }
  recorded_at: Mon, 09 Aug 2021 14:34:22 GMT
- request:
    method: get
    uri: https://api.ionos.com/cloudapi/v6/requests/16c26d56-8033-42d4-b5f4-a2d165d2cdce/status
    body:
      encoding: US-ASCII
      string: ''
    headers:
      User-Agent:
      - OpenAPI-Generator/1.0.0/ruby
      Content-Type:
      - application/json
      Accept:
      - application/json
      Authorization: Basic dXNlcm5hbWU6cGFzc3dvcmQ=
      Expect:
      - ''
  response:
    status:
      code: 200
      message: OK
    headers:
      Date:
      - Mon, 09 Aug 2021 14:34:53 GMT
      Server:
      - Apache/2.4.38 (Debian)
      Content-Length:
      - '729'
      Content-Type:
      - application/json
      Etag:
      - 2ba22e58ca17bb728d522bba36cf8350
      X-Frame-Options:
      - SAMEORIGIN
      X-Ratelimit-Burst:
      - '900'
      X-Ratelimit-Limit:
      - '1150'
      X-Ratelimit-Remaining:
      - '899'
      Access-Control-Allow-Origin:
      - "*"
      Access-Control-Allow-Headers:
      - "*"
      Access-Control-Expose-Headers:
      - "*"
      Access-Control-Allow-Methods:
      - "*"
      Access-Control-Allow-Credentials:
      - 'true'
    body:
      encoding: UTF-8
      string: |
        {
          "id" : "16c26d56-8033-42d4-b5f4-a2d165d2cdce/status",
          "type" : "request-status",
          "href" : "https://api.ionos.com/cloudapi/v6/requests/16c26d56-8033-42d4-b5f4-a2d165d2cdce/status",
          "metadata" : {
            "status" : "DONE",
            "message" : "Request has been successfully executed",
            "etag" : "2ba22e58ca17bb728d522bba36cf8350",
            "targets" : [ {
              "target" : {
                "id" : "82b27184-f332-4cda-a9cf-2e38fd08a4b6",
                "type" : "forwarding-rule",
                "href" : "https://api.ionos.com/cloudapi/v6/datacenters/28746096-a5b8-4372-b428-e28c3d86ae98/applicationloadbalancers/47b2cde7-2a72-48aa-afa9-9b467215ec7f/forwardingrules/82b27184-f332-4cda-a9cf-2e38fd08a4b6"
              },
              "status" : "DONE"
            } ]
          }
        }
  recorded_at: Mon, 09 Aug 2021 14:34:53 GMT
- request:
    method: get
    uri: https://api.ionos.com/cloudapi/v6/requests/a3154a28-6a81-4c23-9e26-fdae2c6aacae/status
    body:
      encoding: US-ASCII
      string: ''
    headers:
      User-Agent:
      - OpenAPI-Generator/1.0.0/ruby
      Content-Type:
      - application/json
      Accept:
      - application/json
      Authorization: Basic dXNlcm5hbWU6cGFzc3dvcmQ=
      Expect:
      - ''
  response:
    status:
      code: 200
      message: OK
    headers:
      Date:
      - Mon, 09 Aug 2021 14:35:30 GMT
      Server:
      - Apache/2.4.38 (Debian)
      Content-Length:
      - '729'
      Content-Type:
      - application/json
      Etag:
      - 2ba22e58ca17bb728d522bba36cf8350
      X-Frame-Options:
      - SAMEORIGIN
      X-Ratelimit-Burst:
      - '900'
      X-Ratelimit-Limit:
      - '1150'
      X-Ratelimit-Remaining:
      - '899'
      Access-Control-Allow-Origin:
      - "*"
      Access-Control-Allow-Headers:
      - "*"
      Access-Control-Expose-Headers:
      - "*"
      Access-Control-Allow-Methods:
      - "*"
      Access-Control-Allow-Credentials:
      - 'true'
    body:
      encoding: UTF-8
      string: |
        {
          "id" : "a3154a28-6a81-4c23-9e26-fdae2c6aacae/status",
          "type" : "request-status",
          "href" : "https://api.ionos.com/cloudapi/v6/requests/a3154a28-6a81-4c23-9e26-fdae2c6aacae/status",
          "metadata" : {
            "status" : "DONE",
            "message" : "Request has been successfully executed",
            "etag" : "2ba22e58ca17bb728d522bba36cf8350",
            "targets" : [ {
              "target" : {
                "id" : "b98475e7-5296-414e-a3bb-3de81812de62",
                "type" : "forwarding-rule",
                "href" : "https://api.ionos.com/cloudapi/v6/datacenters/28746096-a5b8-4372-b428-e28c3d86ae98/applicationloadbalancers/47b2cde7-2a72-48aa-afa9-9b467215ec7f/forwardingrules/b98475e7-5296-414e-a3bb-3de81812de62"
              },
              "status" : "DONE"
            } ]
          }
        }
  recorded_at: Mon, 09 Aug 2021 14:35:30 GMT
- request:
    method: get
    uri: https://api.ionos.com/cloudapi/v6/requests/362eff3e-8d18-4f60-8828-4f965b8d770f/status
    body:
      encoding: US-ASCII
      string: ''
    headers:
      User-Agent:
      - OpenAPI-Generator/1.0.0/ruby
      Content-Type:
      - application/json
      Accept:
      - application/json
      Authorization: Basic dXNlcm5hbWU6cGFzc3dvcmQ=
      Expect:
      - ''
  response:
    status:
      code: 200
      message: OK
    headers:
      Date:
      - Mon, 09 Aug 2021 14:35:41 GMT
      Server:
      - Apache/2.4.38 (Debian)
      Content-Length:
      - '684'
      Content-Type:
      - application/json
      Etag:
      - 2ba22e58ca17bb728d522bba36cf8350
      X-Frame-Options:
      - SAMEORIGIN
      X-Ratelimit-Burst:
      - '900'
      X-Ratelimit-Limit:
      - '1150'
      X-Ratelimit-Remaining:
      - '899'
      Access-Control-Allow-Origin:
      - "*"
      Access-Control-Allow-Headers:
      - "*"
      Access-Control-Expose-Headers:
      - "*"
      Access-Control-Allow-Methods:
      - "*"
      Access-Control-Allow-Credentials:
      - 'true'
    body:
      encoding: UTF-8
      string: |
        {
          "id" : "362eff3e-8d18-4f60-8828-4f965b8d770f/status",
          "type" : "request-status",
          "href" : "https://api.ionos.com/cloudapi/v6/requests/362eff3e-8d18-4f60-8828-4f965b8d770f/status",
          "metadata" : {
            "status" : "DONE",
            "message" : "Request has been successfully executed",
            "etag" : "2ba22e58ca17bb728d522bba36cf8350",
            "targets" : [ {
              "target" : {
                "id" : "47b2cde7-2a72-48aa-afa9-9b467215ec7f",
                "type" : "applicationloadbalancer",
                "href" : "https://api.ionos.com/cloudapi/v6/datacenters/28746096-a5b8-4372-b428-e28c3d86ae98/applicationloadbalancers/47b2cde7-2a72-48aa-afa9-9b467215ec7f"
              },
              "status" : "DONE"
            } ]
          }
        }
  recorded_at: Mon, 09 Aug 2021 14:35:41 GMT
- request:
    method: get
    uri: https://api.ionos.com/cloudapi/v6/datacenters?depth=1
    body:
      encoding: US-ASCII
      string: ''
    headers:
      User-Agent:
      - OpenAPI-Generator/1.0.0/ruby
      Content-Type:
      - application/json
      Accept:
      - application/json
      Authorization: Basic dXNlcm5hbWU6cGFzc3dvcmQ=
      Expect:
      - ''
  response:
    status:
      code: 200
      message: OK
    headers:
      Date:
      - Mon, 09 Aug 2021 14:35:41 GMT
      Server:
      - Apache/2.4.38 (Debian)
      Content-Type:
      - application/json
      X-Frame-Options:
      - SAMEORIGIN
      X-Ratelimit-Burst:
      - '900'
      X-Ratelimit-Limit:
      - '1150'
      X-Ratelimit-Remaining:
      - '899'
      Access-Control-Allow-Origin:
      - "*"
      Access-Control-Allow-Headers:
      - "*"
      Access-Control-Expose-Headers:
      - "*"
      Access-Control-Allow-Methods:
      - "*"
      Access-Control-Allow-Credentials:
      - 'true'
      Transfer-Encoding:
      - chunked
    body:
      encoding: ASCII-8BIT
      string: |
        {
          "id" : "datacenters",
          "type" : "collection",
          "href" : "https://api.ionos.com/cloudapi/v6/datacenters",
          "items" : [ {
            "id" : "28746096-a5b8-4372-b428-e28c3d86ae98",
            "type" : "datacenter",
            "href" : "https://api.ionos.com/cloudapi/v6/datacenters/28746096-a5b8-4372-b428-e28c3d86ae98",
            "metadata" : {
              "etag" : "3ce7f57d4ac3ae440ed78fc7e4eec772",
              "createdDate" : "2021-08-09T11:52:44Z",
              "createdBy" : "username",
              "createdByUserId" : "99156d9e-eb3f-4024-a3a4-283be74699c0",
              "lastModifiedDate" : "2021-08-09T14:35:29Z",
              "lastModifiedBy" : "username",
              "lastModifiedByUserId" : "99156d9e-eb3f-4024-a3a4-283be74699c0",
              "state" : "AVAILABLE"
            },
            "properties" : {
              "name" : "puppet_module_test2523525325f796d0ebc5ed",
              "description" : "Puppet Module test description",
              "location" : "de/txl",
              "version" : 22,
              "features" : [ "vnf-nat", "ssd", "vnf-nat-pcc-connection", "k8s", "ssd-storage-zoning", "vnf-fw", "nic-hot-plug", "vnf-lb", "vnf-nlb-pcc-connection", "pcc", "nic-hot-unplug", "contract-identities", "disk-vio-hot-unplug", "application-load-balancer", "disk-vio-hot-plug", "flow-logs", "cpu-hot-plug", "vnf-cidr", "core-vps", "k8s-cidr-s3-support", "mem-hot-plug", "private-loadbalancer" ],
              "secAuthProtection" : false,
              "cpuArchitecture" : [ {
                "cpuFamily" : "INTEL_SKYLAKE",
                "vendor" : "GenuineIntel",
                "maxCores" : 4,
                "maxRam" : 20480
              } ]
            },
            "entities" : {
              "servers" : {
                "id" : "28746096-a5b8-4372-b428-e28c3d86ae98/servers",
                "type" : "collection",
                "href" : "https://api.ionos.com/cloudapi/v6/datacenters/28746096-a5b8-4372-b428-e28c3d86ae98/servers"
              },
              "volumes" : {
                "id" : "28746096-a5b8-4372-b428-e28c3d86ae98/volumes",
                "type" : "collection",
                "href" : "https://api.ionos.com/cloudapi/v6/datacenters/28746096-a5b8-4372-b428-e28c3d86ae98/volumes"
              },
              "loadbalancers" : {
                "id" : "28746096-a5b8-4372-b428-e28c3d86ae98/loadbalancers",
                "type" : "collection",
                "href" : "https://api.ionos.com/cloudapi/v6/datacenters/28746096-a5b8-4372-b428-e28c3d86ae98/loadbalancers"
              },
              "lans" : {
                "id" : "28746096-a5b8-4372-b428-e28c3d86ae98/lans",
                "type" : "collection",
                "href" : "https://api.ionos.com/cloudapi/v6/datacenters/28746096-a5b8-4372-b428-e28c3d86ae98/lans"
              },
              "applicationloadbalancers" : {
                "id" : "28746096-a5b8-4372-b428-e28c3d86ae98/applicationloadbalancers",
                "type" : "collection",
                "href" : "https://api.ionos.com/cloudapi/v6/datacenters/28746096-a5b8-4372-b428-e28c3d86ae98/applicationloadbalancers"
              },
              "networkloadbalancers" : {
                "id" : "28746096-a5b8-4372-b428-e28c3d86ae98/networkloadbalancers",
                "type" : "collection",
                "href" : "https://api.ionos.com/cloudapi/v6/datacenters/28746096-a5b8-4372-b428-e28c3d86ae98/networkloadbalancers"
              },
              "natgateways" : {
                "id" : "28746096-a5b8-4372-b428-e28c3d86ae98/natgateways",
                "type" : "collection",
                "href" : "https://api.ionos.com/cloudapi/v6/datacenters/28746096-a5b8-4372-b428-e28c3d86ae98/natgateways"
              }
            }
          }, {
            "id" : "19a7b582-967c-4b9e-8918-505fba8e1f25",
            "type" : "datacenter",
            "href" : "https://api.ionos.com/cloudapi/v6/datacenters/19a7b582-967c-4b9e-8918-505fba8e1f25",
            "metadata" : {
              "etag" : "9852a7fb3ea98681e3c1e4a97010abc3",
              "createdDate" : "2021-07-30T13:33:56Z",
              "createdBy" : "username",
              "createdByUserId" : "99156d9e-eb3f-4024-a3a4-283be74699c0",
              "lastModifiedDate" : "2021-07-30T15:09:11Z",
              "lastModifiedBy" : "[UNKNOWN]",
              "lastModifiedByUserId" : "[UNKNOWN]",
              "state" : "AVAILABLE"
            },
            "properties" : {
              "name" : "puppet_module_tes24334qwfqfwqfwqfqwfqg4b390h30",
              "description" : "Puppet Module test description",
              "location" : "de/txl",
              "version" : 15,
              "features" : [ "vnf-nat", "ssd", "vnf-nat-pcc-connection", "k8s", "ssd-storage-zoning", "vnf-fw", "nic-hot-plug", "vnf-lb", "vnf-nlb-pcc-connection", "pcc", "nic-hot-unplug", "contract-identities", "disk-vio-hot-unplug", "application-load-balancer", "disk-vio-hot-plug", "flow-logs", "cpu-hot-plug", "vnf-cidr", "core-vps", "k8s-cidr-s3-support", "mem-hot-plug", "private-loadbalancer" ],
              "secAuthProtection" : false,
              "cpuArchitecture" : [ {
                "cpuFamily" : "INTEL_SKYLAKE",
                "vendor" : "GenuineIntel",
                "maxCores" : 4,
                "maxRam" : 20480
              } ]
            },
            "entities" : {
              "servers" : {
                "id" : "19a7b582-967c-4b9e-8918-505fba8e1f25/servers",
                "type" : "collection",
                "href" : "https://api.ionos.com/cloudapi/v6/datacenters/19a7b582-967c-4b9e-8918-505fba8e1f25/servers"
              },
              "volumes" : {
                "id" : "19a7b582-967c-4b9e-8918-505fba8e1f25/volumes",
                "type" : "collection",
                "href" : "https://api.ionos.com/cloudapi/v6/datacenters/19a7b582-967c-4b9e-8918-505fba8e1f25/volumes"
              },
              "loadbalancers" : {
                "id" : "19a7b582-967c-4b9e-8918-505fba8e1f25/loadbalancers",
                "type" : "collection",
                "href" : "https://api.ionos.com/cloudapi/v6/datacenters/19a7b582-967c-4b9e-8918-505fba8e1f25/loadbalancers"
              },
              "lans" : {
                "id" : "19a7b582-967c-4b9e-8918-505fba8e1f25/lans",
                "type" : "collection",
                "href" : "https://api.ionos.com/cloudapi/v6/datacenters/19a7b582-967c-4b9e-8918-505fba8e1f25/lans"
              },
              "applicationloadbalancers" : {
                "id" : "19a7b582-967c-4b9e-8918-505fba8e1f25/applicationloadbalancers",
                "type" : "collection",
                "href" : "https://api.ionos.com/cloudapi/v6/datacenters/19a7b582-967c-4b9e-8918-505fba8e1f25/applicationloadbalancers"
              },
              "networkloadbalancers" : {
                "id" : "19a7b582-967c-4b9e-8918-505fba8e1f25/networkloadbalancers",
                "type" : "collection",
                "href" : "https://api.ionos.com/cloudapi/v6/datacenters/19a7b582-967c-4b9e-8918-505fba8e1f25/networkloadbalancers"
              },
              "natgateways" : {
                "id" : "19a7b582-967c-4b9e-8918-505fba8e1f25/natgateways",
                "type" : "collection",
                "href" : "https://api.ionos.com/cloudapi/v6/datacenters/19a7b582-967c-4b9e-8918-505fba8e1f25/natgateways"
              }
            }
          }, {
            "id" : "0bfb0ccb-946f-4039-986d-cdd3d3903549",
            "type" : "datacenter",
            "href" : "https://api.ionos.com/cloudapi/v6/datacenters/0bfb0ccb-946f-4039-986d-cdd3d3903549",
            "metadata" : {
              "etag" : "eb7991b283abe285e613b78fc95e7ab7",
              "createdDate" : "2021-07-30T13:14:37Z",
              "createdBy" : "username",
              "createdByUserId" : "99156d9e-eb3f-4024-a3a4-283be74699c0",
              "lastModifiedDate" : "2021-07-30T13:52:41Z",
              "lastModifiedBy" : "[UNKNOWN]",
              "lastModifiedByUserId" : "[UNKNOWN]",
              "state" : "AVAILABLE"
            },
            "properties" : {
              "name" : "puppet_module_tes24334gvg3v43vg4b390h30",
              "description" : "Puppet Module test description",
              "location" : "de/txl",
              "version" : 6,
              "features" : [ "vnf-nat", "ssd", "vnf-nat-pcc-connection", "k8s", "ssd-storage-zoning", "vnf-fw", "nic-hot-plug", "vnf-lb", "vnf-nlb-pcc-connection", "pcc", "nic-hot-unplug", "contract-identities", "disk-vio-hot-unplug", "application-load-balancer", "disk-vio-hot-plug", "flow-logs", "cpu-hot-plug", "vnf-cidr", "core-vps", "k8s-cidr-s3-support", "mem-hot-plug", "private-loadbalancer" ],
              "secAuthProtection" : false,
              "cpuArchitecture" : [ {
                "cpuFamily" : "INTEL_SKYLAKE",
                "vendor" : "GenuineIntel",
                "maxCores" : 4,
                "maxRam" : 20480
              } ]
            },
            "entities" : {
              "servers" : {
                "id" : "0bfb0ccb-946f-4039-986d-cdd3d3903549/servers",
                "type" : "collection",
                "href" : "https://api.ionos.com/cloudapi/v6/datacenters/0bfb0ccb-946f-4039-986d-cdd3d3903549/servers"
              },
              "volumes" : {
                "id" : "0bfb0ccb-946f-4039-986d-cdd3d3903549/volumes",
                "type" : "collection",
                "href" : "https://api.ionos.com/cloudapi/v6/datacenters/0bfb0ccb-946f-4039-986d-cdd3d3903549/volumes"
              },
              "loadbalancers" : {
                "id" : "0bfb0ccb-946f-4039-986d-cdd3d3903549/loadbalancers",
                "type" : "collection",
                "href" : "https://api.ionos.com/cloudapi/v6/datacenters/0bfb0ccb-946f-4039-986d-cdd3d3903549/loadbalancers"
              },
              "lans" : {
                "id" : "0bfb0ccb-946f-4039-986d-cdd3d3903549/lans",
                "type" : "collection",
                "href" : "https://api.ionos.com/cloudapi/v6/datacenters/0bfb0ccb-946f-4039-986d-cdd3d3903549/lans"
              },
              "applicationloadbalancers" : {
                "id" : "0bfb0ccb-946f-4039-986d-cdd3d3903549/applicationloadbalancers",
                "type" : "collection",
                "href" : "https://api.ionos.com/cloudapi/v6/datacenters/0bfb0ccb-946f-4039-986d-cdd3d3903549/applicationloadbalancers"
              },
              "networkloadbalancers" : {
                "id" : "0bfb0ccb-946f-4039-986d-cdd3d3903549/networkloadbalancers",
                "type" : "collection",
                "href" : "https://api.ionos.com/cloudapi/v6/datacenters/0bfb0ccb-946f-4039-986d-cdd3d3903549/networkloadbalancers"
              },
              "natgateways" : {
                "id" : "0bfb0ccb-946f-4039-986d-cdd3d3903549/natgateways",
                "type" : "collection",
                "href" : "https://api.ionos.com/cloudapi/v6/datacenters/0bfb0ccb-946f-4039-986d-cdd3d3903549/natgateways"
              }
            }
          }, {
            "id" : "b4e89773-8aab-4a50-8ccf-f63d7ebeb823",
            "type" : "datacenter",
            "href" : "https://api.ionos.com/cloudapi/v6/datacenters/b4e89773-8aab-4a50-8ccf-f63d7ebeb823",
            "metadata" : {
              "etag" : "f293565404bc48b1b8afb160febc6dcb",
              "createdDate" : "2021-07-13T11:57:10Z",
              "createdBy" : "username",
              "createdByUserId" : "99156d9e-eb3f-4024-a3a4-283be74699c0",
              "lastModifiedDate" : "2021-08-09T14:06:35Z",
              "lastModifiedBy" : "[UNKNOWN]",
              "lastModifiedByUserId" : "[UNKNOWN]",
              "state" : "AVAILABLE"
            },
            "properties" : {
              "name" : "testdc1",
              "description" : "my data center desc.",
              "location" : "us/las",
              "version" : 106,
              "features" : [ "vnf-nat", "ssd", "vnf-nat-pcc-connection", "k8s", "ssd-storage-zoning", "vnf-fw", "nic-hot-plug", "vnf-lb", "vnf-nlb-pcc-connection", "pcc", "nic-hot-unplug", "contract-identities", "disk-vio-hot-unplug", "disk-vio-hot-plug", "flow-logs", "cpu-hot-plug", "vnf-cidr", "k8s-cidr-s3-support", "mem-hot-plug", "private-loadbalancer" ],
              "secAuthProtection" : false,
              "cpuArchitecture" : [ {
                "cpuFamily" : "AMD_OPTERON",
                "vendor" : "AuthenticAMD",
                "maxCores" : 4,
                "maxRam" : 20480
              }, {
                "cpuFamily" : "INTEL_XEON",
                "vendor" : "GenuineIntel",
                "maxCores" : 4,
                "maxRam" : 20480
              } ]
            },
            "entities" : {
              "servers" : {
                "id" : "b4e89773-8aab-4a50-8ccf-f63d7ebeb823/servers",
                "type" : "collection",
                "href" : "https://api.ionos.com/cloudapi/v6/datacenters/b4e89773-8aab-4a50-8ccf-f63d7ebeb823/servers"
              },
              "volumes" : {
                "id" : "b4e89773-8aab-4a50-8ccf-f63d7ebeb823/volumes",
                "type" : "collection",
                "href" : "https://api.ionos.com/cloudapi/v6/datacenters/b4e89773-8aab-4a50-8ccf-f63d7ebeb823/volumes"
              },
              "loadbalancers" : {
                "id" : "b4e89773-8aab-4a50-8ccf-f63d7ebeb823/loadbalancers",
                "type" : "collection",
                "href" : "https://api.ionos.com/cloudapi/v6/datacenters/b4e89773-8aab-4a50-8ccf-f63d7ebeb823/loadbalancers"
              },
              "lans" : {
                "id" : "b4e89773-8aab-4a50-8ccf-f63d7ebeb823/lans",
                "type" : "collection",
                "href" : "https://api.ionos.com/cloudapi/v6/datacenters/b4e89773-8aab-4a50-8ccf-f63d7ebeb823/lans"
              },
              "applicationloadbalancers" : {
                "id" : "b4e89773-8aab-4a50-8ccf-f63d7ebeb823/applicationloadbalancers",
                "type" : "collection",
                "href" : "https://api.ionos.com/cloudapi/v6/datacenters/b4e89773-8aab-4a50-8ccf-f63d7ebeb823/applicationloadbalancers"
              },
              "networkloadbalancers" : {
                "id" : "b4e89773-8aab-4a50-8ccf-f63d7ebeb823/networkloadbalancers",
                "type" : "collection",
                "href" : "https://api.ionos.com/cloudapi/v6/datacenters/b4e89773-8aab-4a50-8ccf-f63d7ebeb823/networkloadbalancers"
              },
              "natgateways" : {
                "id" : "b4e89773-8aab-4a50-8ccf-f63d7ebeb823/natgateways",
                "type" : "collection",
                "href" : "https://api.ionos.com/cloudapi/v6/datacenters/b4e89773-8aab-4a50-8ccf-f63d7ebeb823/natgateways"
              }
            }
          }, {
            "id" : "64d0766b-0fd0-458e-9bc9-33c885f2d513",
            "type" : "datacenter",
            "href" : "https://api.ionos.com/cloudapi/v6/datacenters/64d0766b-0fd0-458e-9bc9-33c885f2d513",
            "metadata" : {
              "etag" : "9afd51d9fc58a3effee34c9ceb1ea15e",
              "createdDate" : "2021-05-20T07:30:50Z",
              "createdBy" : "username",
              "createdByUserId" : "99156d9e-eb3f-4024-a3a4-283be74699c0",
              "lastModifiedDate" : "2021-05-20T19:42:10Z",
              "lastModifiedBy" : "[UNKNOWN]",
              "lastModifiedByUserId" : "[UNKNOWN]",
              "state" : "AVAILABLE"
            },
            "properties" : {
              "name" : "SDK AUTO-TEST",
              "description" : "Datacenter created by an automated test.",
              "location" : "de/fra",
              "version" : 9,
              "features" : [ "vnf-nat", "ssd", "vnf-nat-pcc-connection", "k8s", "ssd-storage-zoning", "vnf-fw", "nic-hot-plug", "vnf-lb", "vnf-nlb-pcc-connection", "pcc", "nic-hot-unplug", "contract-identities", "disk-vio-hot-unplug", "disk-vio-hot-plug", "flow-logs", "cpu-hot-plug", "vnf-cidr", "k8s-cidr-s3-support", "mem-hot-plug", "private-loadbalancer" ],
              "secAuthProtection" : false,
              "cpuArchitecture" : [ {
                "cpuFamily" : "INTEL_SKYLAKE",
                "vendor" : "GenuineIntel",
                "maxCores" : 4,
                "maxRam" : 20480
              } ]
            },
            "entities" : {
              "servers" : {
                "id" : "64d0766b-0fd0-458e-9bc9-33c885f2d513/servers",
                "type" : "collection",
                "href" : "https://api.ionos.com/cloudapi/v6/datacenters/64d0766b-0fd0-458e-9bc9-33c885f2d513/servers"
              },
              "volumes" : {
                "id" : "64d0766b-0fd0-458e-9bc9-33c885f2d513/volumes",
                "type" : "collection",
                "href" : "https://api.ionos.com/cloudapi/v6/datacenters/64d0766b-0fd0-458e-9bc9-33c885f2d513/volumes"
              },
              "loadbalancers" : {
                "id" : "64d0766b-0fd0-458e-9bc9-33c885f2d513/loadbalancers",
                "type" : "collection",
                "href" : "https://api.ionos.com/cloudapi/v6/datacenters/64d0766b-0fd0-458e-9bc9-33c885f2d513/loadbalancers"
              },
              "lans" : {
                "id" : "64d0766b-0fd0-458e-9bc9-33c885f2d513/lans",
                "type" : "collection",
                "href" : "https://api.ionos.com/cloudapi/v6/datacenters/64d0766b-0fd0-458e-9bc9-33c885f2d513/lans"
              },
              "applicationloadbalancers" : {
                "id" : "64d0766b-0fd0-458e-9bc9-33c885f2d513/applicationloadbalancers",
                "type" : "collection",
                "href" : "https://api.ionos.com/cloudapi/v6/datacenters/64d0766b-0fd0-458e-9bc9-33c885f2d513/applicationloadbalancers"
              },
              "networkloadbalancers" : {
                "id" : "64d0766b-0fd0-458e-9bc9-33c885f2d513/networkloadbalancers",
                "type" : "collection",
                "href" : "https://api.ionos.com/cloudapi/v6/datacenters/64d0766b-0fd0-458e-9bc9-33c885f2d513/networkloadbalancers"
              },
              "natgateways" : {
                "id" : "64d0766b-0fd0-458e-9bc9-33c885f2d513/natgateways",
                "type" : "collection",
                "href" : "https://api.ionos.com/cloudapi/v6/datacenters/64d0766b-0fd0-458e-9bc9-33c885f2d513/natgateways"
              }
            }
          } ]
        }
  recorded_at: Mon, 09 Aug 2021 14:35:41 GMT
- request:
    method: get
    uri: https://api.ionos.com/cloudapi/v6/datacenters/28746096-a5b8-4372-b428-e28c3d86ae98/applicationloadbalancers?depth=5
    body:
      encoding: US-ASCII
      string: ''
    headers:
      User-Agent:
      - OpenAPI-Generator/1.0.0/ruby
      Content-Type:
      - application/json
      Accept:
      - application/json
      Authorization: Basic dXNlcm5hbWU6cGFzc3dvcmQ=
      Expect:
      - ''
  response:
    status:
      code: 200
      message: OK
    headers:
      Date:
      - Mon, 09 Aug 2021 14:35:42 GMT
      Server:
      - Apache/2.4.38 (Debian)
      Content-Type:
      - application/json
      X-Frame-Options:
      - SAMEORIGIN
      X-Ratelimit-Burst:
      - '900'
      X-Ratelimit-Limit:
      - '1150'
      X-Ratelimit-Remaining:
      - '899'
      Access-Control-Allow-Origin:
      - "*"
      Access-Control-Allow-Headers:
      - "*"
      Access-Control-Expose-Headers:
      - "*"
      Access-Control-Allow-Methods:
      - "*"
      Access-Control-Allow-Credentials:
      - 'true'
      Transfer-Encoding:
      - chunked
    body:
      encoding: ASCII-8BIT
      string: |
        {
          "id" : "28746096-a5b8-4372-b428-e28c3d86ae98/applicationloadbalancers",
          "type" : "collection",
          "href" : "https://api.ionos.com/cloudapi/v6/datacenters/28746096-a5b8-4372-b428-e28c3d86ae98/applicationloadbalancers",
          "items" : [ {
            "id" : "47b2cde7-2a72-48aa-afa9-9b467215ec7f",
            "type" : "applicationloadbalancer",
            "href" : "https://api.ionos.com/cloudapi/v6/datacenters/28746096-a5b8-4372-b428-e28c3d86ae98/applicationloadbalancers/47b2cde7-2a72-48aa-afa9-9b467215ec7f",
            "metadata" : {
              "etag" : "98efe8cad65434030963ea94f729539c",
              "createdDate" : "2021-08-09T14:23:49Z",
              "createdBy" : "username",
              "createdByUserId" : "99156d9e-eb3f-4024-a3a4-283be74699c0",
              "lastModifiedDate" : "2021-08-09T14:23:49Z",
              "lastModifiedBy" : "username",
              "lastModifiedByUserId" : "99156d9e-eb3f-4024-a3a4-283be74699c0",
              "state" : "AVAILABLE"
            },
            "properties" : {
              "name" : "puppet_module_test1",
              "listenerLan" : 2,
              "targetLan" : 1,
              "ips" : [ "85.215.240.44", "85.215.240.45" ],
              "lbPrivateIps" : [ "10.12.106.235/24", "10.12.106.215/24", "10.12.106.232/24" ]
            },
            "entities" : {
              "forwardingrules" : {
                "id" : "47b2cde7-2a72-48aa-afa9-9b467215ec7f/forwardingrules",
                "type" : "collection",
                "href" : "https://api.ionos.com/cloudapi/v6/datacenters/28746096-a5b8-4372-b428-e28c3d86ae98/applicationloadbalancers/47b2cde7-2a72-48aa-afa9-9b467215ec7f/forwardingrules",
                "items" : [ {
                  "id" : "b98475e7-5296-414e-a3bb-3de81812de62",
                  "type" : "forwarding-rule",
                  "href" : "https://api.ionos.com/cloudapi/v6/datacenters/28746096-a5b8-4372-b428-e28c3d86ae98/applicationloadbalancers/47b2cde7-2a72-48aa-afa9-9b467215ec7f/forwardingrules/b98475e7-5296-414e-a3bb-3de81812de62",
                  "metadata" : {
                    "etag" : "3ce7f57d4ac3ae440ed78fc7e4eec772",
                    "createdDate" : "2021-08-09T14:34:55Z",
                    "createdBy" : "username",
                    "createdByUserId" : "99156d9e-eb3f-4024-a3a4-283be74699c0",
                    "lastModifiedDate" : "2021-08-09T14:35:29Z",
                    "lastModifiedBy" : "username",
                    "lastModifiedByUserId" : "99156d9e-eb3f-4024-a3a4-283be74699c0",
                    "state" : "AVAILABLE"
                  },
                  "properties" : {
                    "name" : "regula2",
                    "protocol" : "HTTP",
                    "listenerIp" : "85.215.240.44",
                    "listenerPort" : 23,
                    "serverCertificates" : [ ],
                    "httpRules" : null,
                    "healthCheck" : {
                      "clientTimeout" : 45000
                    }
                  }
                }, {
                  "id" : "82b27184-f332-4cda-a9cf-2e38fd08a4b6",
                  "type" : "forwarding-rule",
                  "href" : "https://api.ionos.com/cloudapi/v6/datacenters/28746096-a5b8-4372-b428-e28c3d86ae98/applicationloadbalancers/47b2cde7-2a72-48aa-afa9-9b467215ec7f/forwardingrules/82b27184-f332-4cda-a9cf-2e38fd08a4b6",
                  "metadata" : {
                    "etag" : "3ce7f57d4ac3ae440ed78fc7e4eec772",
                    "createdDate" : "2021-08-09T14:34:23Z",
                    "createdBy" : "username",
                    "createdByUserId" : "99156d9e-eb3f-4024-a3a4-283be74699c0",
                    "lastModifiedDate" : "2021-08-09T14:35:29Z",
                    "lastModifiedBy" : "username",
                    "lastModifiedByUserId" : "99156d9e-eb3f-4024-a3a4-283be74699c0",
                    "state" : "AVAILABLE"
                  },
                  "properties" : {
                    "name" : "regula",
                    "protocol" : "HTTP",
                    "listenerIp" : "85.215.240.45",
                    "listenerPort" : 49,
                    "serverCertificates" : [ ],
                    "httpRules" : [ {
                      "name" : "nume3",
                      "type" : "STATIC",
                      "statusCode" : 303,
                      "responseMessage" : "Test message.",
                      "contentType" : "text/plain",
                      "conditions" : [ {
                        "type" : "path",
                        "condition" : "starts-with",
                        "negate" : true,
                        "key" : null,
                        "value" : "Sunday"
                      } ]
                    }, {
                      "name" : "nume2",
                      "type" : "STATIC",
                      "statusCode" : 599,
                      "responseMessage" : "Application Still Down",
                      "contentType" : "application/json",
                      "conditions" : [ {
                        "type" : "header",
                        "condition" : "starts-with",
                        "negate" : true,
                        "key" : null,
                        "value" : "Friday"
                      } ]
                    } ],
                    "healthCheck" : {
                      "clientTimeout" : 50000
                    }
                  }
                }, {
                  "id" : "ebbd382b-b1e3-4c8b-b100-85521ab16725",
                  "type" : "forwarding-rule",
                  "href" : "https://api.ionos.com/cloudapi/v6/datacenters/28746096-a5b8-4372-b428-e28c3d86ae98/applicationloadbalancers/47b2cde7-2a72-48aa-afa9-9b467215ec7f/forwardingrules/ebbd382b-b1e3-4c8b-b100-85521ab16725",
                  "metadata" : {
                    "etag" : "3ce7f57d4ac3ae440ed78fc7e4eec772",
                    "createdDate" : "2021-08-09T14:23:49Z",
                    "createdBy" : "username",
                    "createdByUserId" : "99156d9e-eb3f-4024-a3a4-283be74699c0",
                    "lastModifiedDate" : "2021-08-09T14:35:29Z",
                    "lastModifiedBy" : "username",
                    "lastModifiedByUserId" : "99156d9e-eb3f-4024-a3a4-283be74699c0",
                    "state" : "AVAILABLE"
                  },
                  "properties" : {
                    "name" : "regula",
                    "protocol" : "HTTP",
                    "listenerIp" : "85.215.240.45",
                    "listenerPort" : 47,
                    "serverCertificates" : [ ],
                    "httpRules" : [ {
                      "name" : "nume1",
                      "type" : "REDIRECT",
                      "dropQuery" : true,
                      "location" : "www.ionos.com",
                      "statusCode" : 303,
                      "conditions" : [ {
                        "type" : "header",
                        "condition" : "starts-with",
                        "negate" : true,
                        "key" : "forward-at",
                        "value" : "Friday"
                      } ]
                    }, {
                      "name" : "nume2",
                      "type" : "STATIC",
                      "statusCode" : 303,
                      "responseMessage" : "Application Down",
                      "contentType" : "text/html",
                      "conditions" : [ {
                        "type" : "query",
                        "condition" : "starts-with",
                        "negate" : true,
                        "key" : "forward-at",
                        "value" : "Friday"
                      } ]
                    } ],
                    "healthCheck" : {
                      "clientTimeout" : 50000
                    }
                  }
                }, {
                  "id" : "8ef0cb1e-338d-45f4-8344-45cd951bd437",
                  "type" : "forwarding-rule",
                  "href" : "https://api.ionos.com/cloudapi/v6/datacenters/28746096-a5b8-4372-b428-e28c3d86ae98/applicationloadbalancers/47b2cde7-2a72-48aa-afa9-9b467215ec7f/forwardingrules/8ef0cb1e-338d-45f4-8344-45cd951bd437",
                  "metadata" : {
                    "etag" : "3ce7f57d4ac3ae440ed78fc7e4eec772",
                    "createdDate" : "2021-08-09T14:23:49Z",
                    "createdBy" : "username",
                    "createdByUserId" : "99156d9e-eb3f-4024-a3a4-283be74699c0",
                    "lastModifiedDate" : "2021-08-09T14:35:29Z",
                    "lastModifiedBy" : "username",
                    "lastModifiedByUserId" : "99156d9e-eb3f-4024-a3a4-283be74699c0",
                    "state" : "AVAILABLE"
                  },
                  "properties" : {
                    "name" : "regula2",
                    "protocol" : "HTTP",
                    "listenerIp" : "85.215.240.45",
                    "listenerPort" : 28,
                    "serverCertificates" : [ ],
                    "httpRules" : null,
                    "healthCheck" : {
                      "clientTimeout" : 35000
                    }
                  }
                } ]
              },
              "flowlogs" : {
                "id" : "47b2cde7-2a72-48aa-afa9-9b467215ec7f/flowlogs",
                "type" : "collection",
                "href" : "https://api.ionos.com/cloudapi/v6/datacenters/28746096-a5b8-4372-b428-e28c3d86ae98/applicationloadbalancers/47b2cde7-2a72-48aa-afa9-9b467215ec7f/flowlogs",
                "items" : [ ]
              }
            }
          }, {
            "id" : "69154132-9d45-4c6b-8be5-ffabf9fb1bdf",
            "type" : "applicationloadbalancer",
            "href" : "https://api.ionos.com/cloudapi/v6/datacenters/28746096-a5b8-4372-b428-e28c3d86ae98/applicationloadbalancers/69154132-9d45-4c6b-8be5-ffabf9fb1bdf",
            "metadata" : {
              "etag" : "496d7ba4fc9a89ad0907265dce909d11",
              "createdDate" : "2021-08-09T14:28:27Z",
              "createdBy" : "username",
              "createdByUserId" : "99156d9e-eb3f-4024-a3a4-283be74699c0",
              "lastModifiedDate" : "2021-08-09T14:28:27Z",
              "lastModifiedBy" : "username",
              "lastModifiedByUserId" : "99156d9e-eb3f-4024-a3a4-283be74699c0",
              "state" : "AVAILABLE"
            },
            "properties" : {
              "name" : "puppet_module_test2",
              "listenerLan" : 2,
              "targetLan" : 3,
              "ips" : [ "85.215.240.47", "85.215.240.46" ],
              "lbPrivateIps" : [ "10.12.106.205/24", "10.12.106.222/24" ]
            },
            "entities" : {
              "forwardingrules" : {
                "id" : "69154132-9d45-4c6b-8be5-ffabf9fb1bdf/forwardingrules",
                "type" : "collection",
                "href" : "https://api.ionos.com/cloudapi/v6/datacenters/28746096-a5b8-4372-b428-e28c3d86ae98/applicationloadbalancers/69154132-9d45-4c6b-8be5-ffabf9fb1bdf/forwardingrules",
                "items" : [ ]
              },
              "flowlogs" : {
                "id" : "69154132-9d45-4c6b-8be5-ffabf9fb1bdf/flowlogs",
                "type" : "collection",
                "href" : "https://api.ionos.com/cloudapi/v6/datacenters/28746096-a5b8-4372-b428-e28c3d86ae98/applicationloadbalancers/69154132-9d45-4c6b-8be5-ffabf9fb1bdf/flowlogs",
                "items" : [ ]
              }
            }
          } ]
        }
  recorded_at: Mon, 09 Aug 2021 14:35:42 GMT
- request:
    method: get
    uri: https://api.ionos.com/cloudapi/v6/datacenters/19a7b582-967c-4b9e-8918-505fba8e1f25/applicationloadbalancers?depth=5
    body:
      encoding: US-ASCII
      string: ''
    headers:
      User-Agent:
      - OpenAPI-Generator/1.0.0/ruby
      Content-Type:
      - application/json
      Accept:
      - application/json
      Authorization: Basic dXNlcm5hbWU6cGFzc3dvcmQ=
      Expect:
      - ''
  response:
    status:
      code: 200
      message: OK
    headers:
      Date:
      - Mon, 09 Aug 2021 14:35:42 GMT
      Server:
      - Apache/2.4.38 (Debian)
      Content-Length:
      - '241'
      Content-Type:
      - application/json
      X-Frame-Options:
      - SAMEORIGIN
      X-Ratelimit-Burst:
      - '900'
      X-Ratelimit-Limit:
      - '1150'
      X-Ratelimit-Remaining:
      - '899'
      Access-Control-Allow-Origin:
      - "*"
      Access-Control-Allow-Headers:
      - "*"
      Access-Control-Expose-Headers:
      - "*"
      Access-Control-Allow-Methods:
      - "*"
      Access-Control-Allow-Credentials:
      - 'true'
    body:
      encoding: ASCII-8BIT
      string: |
        {
          "id" : "19a7b582-967c-4b9e-8918-505fba8e1f25/applicationloadbalancers",
          "type" : "collection",
          "href" : "https://api.ionos.com/cloudapi/v6/datacenters/19a7b582-967c-4b9e-8918-505fba8e1f25/applicationloadbalancers",
          "items" : [ ]
        }
  recorded_at: Mon, 09 Aug 2021 14:35:42 GMT
- request:
    method: get
    uri: https://api.ionos.com/cloudapi/v6/datacenters/0bfb0ccb-946f-4039-986d-cdd3d3903549/applicationloadbalancers?depth=5
    body:
      encoding: US-ASCII
      string: ''
    headers:
      User-Agent:
      - OpenAPI-Generator/1.0.0/ruby
      Content-Type:
      - application/json
      Accept:
      - application/json
      Authorization: Basic dXNlcm5hbWU6cGFzc3dvcmQ=
      Expect:
      - ''
  response:
    status:
      code: 200
      message: OK
    headers:
      Date:
      - Mon, 09 Aug 2021 14:35:43 GMT
      Server:
      - Apache/2.4.38 (Debian)
      Content-Length:
      - '241'
      Content-Type:
      - application/json
      X-Frame-Options:
      - SAMEORIGIN
      X-Ratelimit-Burst:
      - '900'
      X-Ratelimit-Limit:
      - '1150'
      X-Ratelimit-Remaining:
      - '899'
      Access-Control-Allow-Origin:
      - "*"
      Access-Control-Allow-Headers:
      - "*"
      Access-Control-Expose-Headers:
      - "*"
      Access-Control-Allow-Methods:
      - "*"
      Access-Control-Allow-Credentials:
      - 'true'
    body:
      encoding: ASCII-8BIT
      string: |
        {
          "id" : "0bfb0ccb-946f-4039-986d-cdd3d3903549/applicationloadbalancers",
          "type" : "collection",
          "href" : "https://api.ionos.com/cloudapi/v6/datacenters/0bfb0ccb-946f-4039-986d-cdd3d3903549/applicationloadbalancers",
          "items" : [ ]
        }
  recorded_at: Mon, 09 Aug 2021 14:35:43 GMT
- request:
    method: get
    uri: https://api.ionos.com/cloudapi/v6/datacenters/b4e89773-8aab-4a50-8ccf-f63d7ebeb823/applicationloadbalancers?depth=5
    body:
      encoding: US-ASCII
      string: ''
    headers:
      User-Agent:
      - OpenAPI-Generator/1.0.0/ruby
      Content-Type:
      - application/json
      Accept:
      - application/json
      Authorization: Basic dXNlcm5hbWU6cGFzc3dvcmQ=
      Expect:
      - ''
  response:
    status:
      code: 200
      message: OK
    headers:
      Date:
      - Mon, 09 Aug 2021 14:35:43 GMT
      Server:
      - Apache/2.4.38 (Debian)
      Content-Length:
      - '241'
      Content-Type:
      - application/json
      X-Frame-Options:
      - SAMEORIGIN
      X-Ratelimit-Burst:
      - '900'
      X-Ratelimit-Limit:
      - '1150'
      X-Ratelimit-Remaining:
      - '899'
      Access-Control-Allow-Origin:
      - "*"
      Access-Control-Allow-Headers:
      - "*"
      Access-Control-Expose-Headers:
      - "*"
      Access-Control-Allow-Methods:
      - "*"
      Access-Control-Allow-Credentials:
      - 'true'
    body:
      encoding: ASCII-8BIT
      string: |
        {
          "id" : "b4e89773-8aab-4a50-8ccf-f63d7ebeb823/applicationloadbalancers",
          "type" : "collection",
          "href" : "https://api.ionos.com/cloudapi/v6/datacenters/b4e89773-8aab-4a50-8ccf-f63d7ebeb823/applicationloadbalancers",
          "items" : [ ]
        }
  recorded_at: Mon, 09 Aug 2021 14:35:43 GMT
- request:
    method: get
    uri: https://api.ionos.com/cloudapi/v6/datacenters/64d0766b-0fd0-458e-9bc9-33c885f2d513/applicationloadbalancers?depth=5
    body:
      encoding: US-ASCII
      string: ''
    headers:
      User-Agent:
      - OpenAPI-Generator/1.0.0/ruby
      Content-Type:
      - application/json
      Accept:
      - application/json
      Authorization: Basic dXNlcm5hbWU6cGFzc3dvcmQ=
      Expect:
      - ''
  response:
    status:
      code: 200
      message: OK
    headers:
      Date:
      - Mon, 09 Aug 2021 14:35:43 GMT
      Server:
      - Apache/2.4.38 (Debian)
      Content-Length:
      - '241'
      Content-Type:
      - application/json
      X-Frame-Options:
      - SAMEORIGIN
      X-Ratelimit-Burst:
      - '900'
      X-Ratelimit-Limit:
      - '1150'
      X-Ratelimit-Remaining:
      - '899'
      Access-Control-Allow-Origin:
      - "*"
      Access-Control-Allow-Headers:
      - "*"
      Access-Control-Expose-Headers:
      - "*"
      Access-Control-Allow-Methods:
      - "*"
      Access-Control-Allow-Credentials:
      - 'true'
    body:
      encoding: ASCII-8BIT
      string: |
        {
          "id" : "64d0766b-0fd0-458e-9bc9-33c885f2d513/applicationloadbalancers",
          "type" : "collection",
          "href" : "https://api.ionos.com/cloudapi/v6/datacenters/64d0766b-0fd0-458e-9bc9-33c885f2d513/applicationloadbalancers",
          "items" : [ ]
        }
  recorded_at: Mon, 09 Aug 2021 14:35:43 GMT
recorded_with: VCR 6.0.0
