---
http_interactions:
- request:
    method: get
    uri: https://api.ionos.com/cloudapi/v5/k8s?depth=3
    body:
      encoding: US-ASCII
      string: ''
    headers:
      User-Agent:
      - OpenAPI-Generator/5.1.0/ruby
      Content-Type:
      - application/json
      Accept:
      - application/json
      Authorization: Basic dXNlcm5hbWU6cGFzc3dvcmQ=
      Expect:
      - ''
  response:
    status:
      code: 200
      message: OK
    headers:
      Date:
      - Mon, 24 May 2021 13:59:36 GMT
      Server:
      - Apache/2.4.38 (Debian)
      Content-Type:
      - application/json
      X-Frame-Options:
      - SAMEORIGIN
      X-Ratelimit-Burst:
      - '900'
      X-Ratelimit-Limit:
      - '1150'
      X-Ratelimit-Remaining:
      - '899'
      Access-Control-Allow-Origin:
      - "*"
      Access-Control-Allow-Headers:
      - "*"
      Access-Control-Expose-Headers:
      - "*"
      Access-Control-Allow-Methods:
      - "*"
      Access-Control-Allow-Credentials:
      - 'true'
      Transfer-Encoding:
      - chunked
    body:
      encoding: ASCII-8BIT
      string: |
        {
          "id" : "k8s",
          "type" : "collection",
          "href" : "https://api.ionos.com/cloudapi/v5/k8s",
          "items" : [ {
            "id" : "7f15fe31-f8b9-4ebf-a092-91abc67cda4d",
            "type" : "k8s",
            "href" : "https://api.ionos.com/cloudapi/v5/k8s/7f15fe31-f8b9-4ebf-a092-91abc67cda4d",
            "metadata" : {
              "etag" : "b06a1af2b4bc791ff13995fc11e03cc4",
              "createdDate" : "2021-05-24T13:13:07Z",
              "createdBy" : "username",
              "createdByUserId" : "99156d9e-eb3f-4024-a3a4-283be74699c0",
              "lastModifiedDate" : "2021-05-24T13:13:07Z",
              "lastModifiedBy" : "username",
              "lastModifiedByUserId" : "99156d9e-eb3f-4024-a3a4-283be74699c0",
              "state" : "ACTIVE"
            },
            "properties" : {
              "name" : "puppet_module_testc",
              "k8sVersion" : "1.18.5",
              "maintenanceWindow" : {
                "dayOfTheWeek" : "Sunday",
                "time" : "04:52:07Z"
              },
              "availableUpgradeVersions" : [ "1.18.9", "1.18.12", "1.18.18", "1.19.10" ],
              "viableNodePoolVersions" : [ "1.18.5", "1.18.9", "1.18.12", "1.18.18" ],
              "public" : true
            },
            "entities" : {
              "nodepools" : {
                "id" : "7f15fe31-f8b9-4ebf-a092-91abc67cda4d/nodepools",
                "type" : "collection",
                "href" : "https://api.ionos.com/cloudapi/v5/k8s/7f15fe31-f8b9-4ebf-a092-91abc67cda4d/nodepools",
                "items" : [ {
                  "id" : "244c2ffe-aa77-4bdd-98d8-db0cea41ee91",
                  "type" : "nodepool",
                  "href" : "https://api.ionos.com/cloudapi/v5/k8s/7f15fe31-f8b9-4ebf-a092-91abc67cda4d/nodepools/244c2ffe-aa77-4bdd-98d8-db0cea41ee91",
                  "metadata" : {
                    "etag" : "612003131b8b4e89df138cec47330c64",
                    "createdDate" : "2021-05-24T13:47:07Z",
                    "createdBy" : "username",
                    "createdByUserId" : "99156d9e-eb3f-4024-a3a4-283be74699c0",
                    "lastModifiedDate" : "2021-05-24T13:47:07Z",
                    "lastModifiedBy" : "username",
                    "lastModifiedByUserId" : "99156d9e-eb3f-4024-a3a4-283be74699c0",
                    "state" : "ACTIVE"
                  },
                  "properties" : {
                    "name" : "puppet_module_test6fqfwdqwdqwdqwdwq5eh4d0ebc5ed",
                    "datacenterId" : "ba825e75-3bea-4cf5-af27-e537219a4226",
                    "nodeCount" : 1,
                    "cpuFamily" : "INTEL_XEON",
                    "coresCount" : 1,
                    "ramSize" : 2048,
                    "availabilityZone" : "AUTO",
                    "storageType" : "SSD",
                    "storageSize" : 10,
                    "k8sVersion" : "1.18.5",
                    "maintenanceWindow" : {
                      "dayOfTheWeek" : "Sunday",
                      "time" : "14:52:00Z"
                    },
                    "autoScaling" : {
                      "minNodeCount" : 1,
                      "maxNodeCount" : 2
                    },
                    "lans" : [ ],
                    "labels" : { },
                    "annotations" : { },
                    "availableUpgradeVersions" : [ "1.18.9", "1.18.12", "1.18.18" ],
                    "publicIps" : null
                  }
                } ]
              }
            }
          }, {
            "id" : "b69a49c7-ba45-4ebb-833d-26ca7b3864ea",
            "type" : "k8s",
            "href" : "https://api.ionos.com/cloudapi/v5/k8s/b69a49c7-ba45-4ebb-833d-26ca7b3864ea",
            "metadata" : {
              "etag" : "fb61f81240506dea4f32ec7b9aa5a1e1",
              "createdDate" : "2021-05-24T11:43:50Z",
              "createdBy" : "username",
              "createdByUserId" : "99156d9e-eb3f-4024-a3a4-283be74699c0",
              "lastModifiedDate" : "2021-05-24T11:43:50Z",
              "lastModifiedBy" : "username",
              "lastModifiedByUserId" : "99156d9e-eb3f-4024-a3a4-283be74699c0",
              "state" : "ACTIVE"
            },
            "properties" : {
              "name" : "puppet_module_test6wgwgwegwedhehehebc5ed",
              "k8sVersion" : "1.18.5",
              "maintenanceWindow" : {
                "dayOfTheWeek" : "Sunday",
                "time" : "14:54:00Z"
              },
              "availableUpgradeVersions" : [ "1.18.9", "1.18.12", "1.18.18", "1.19.10" ],
              "viableNodePoolVersions" : [ "1.18.5", "1.18.9", "1.18.12", "1.18.18" ],
              "public" : true
            },
            "entities" : {
              "nodepools" : {
                "id" : "b69a49c7-ba45-4ebb-833d-26ca7b3864ea/nodepools",
                "type" : "collection",
                "href" : "https://api.ionos.com/cloudapi/v5/k8s/b69a49c7-ba45-4ebb-833d-26ca7b3864ea/nodepools",
                "items" : [ ]
              }
            }
          }, {
            "id" : "c5d3b438-0ad7-45a3-a105-c9bc8eebaa57",
            "type" : "k8s",
            "href" : "https://api.ionos.com/cloudapi/v5/k8s/c5d3b438-0ad7-45a3-a105-c9bc8eebaa57",
            "metadata" : {
              "etag" : "522b9da59908d4bdced8e9ba778fd80a",
              "createdDate" : "2021-05-24T11:32:34Z",
              "createdBy" : "username",
              "createdByUserId" : "99156d9e-eb3f-4024-a3a4-283be74699c0",
              "lastModifiedDate" : "2021-05-24T11:32:34Z",
              "lastModifiedBy" : "username",
              "lastModifiedByUserId" : "99156d9e-eb3f-4024-a3a4-283be74699c0",
              "state" : "ACTIVE"
            },
            "properties" : {
              "name" : "puppet_module_testb",
              "k8sVersion" : "1.18.5",
              "maintenanceWindow" : {
                "dayOfTheWeek" : "Saturday",
                "time" : "20:04:34Z"
              },
              "availableUpgradeVersions" : [ "1.18.9", "1.18.12", "1.18.18", "1.19.10" ],
              "viableNodePoolVersions" : [ "1.18.5", "1.18.9", "1.18.12", "1.18.18" ],
              "public" : true
            },
            "entities" : {
              "nodepools" : {
                "id" : "c5d3b438-0ad7-45a3-a105-c9bc8eebaa57/nodepools",
                "type" : "collection",
                "href" : "https://api.ionos.com/cloudapi/v5/k8s/c5d3b438-0ad7-45a3-a105-c9bc8eebaa57/nodepools",
                "items" : [ ]
              }
            }
          }, {
            "id" : "8de02f04-7e07-4150-a81b-136be2be7b24",
            "type" : "k8s",
            "href" : "https://api.ionos.com/cloudapi/v5/k8s/8de02f04-7e07-4150-a81b-136be2be7b24",
            "metadata" : {
              "etag" : "4e5fae1552ebbfdac98b3732364593a8",
              "createdDate" : "2021-05-24T11:32:22Z",
              "createdBy" : "username",
              "createdByUserId" : "99156d9e-eb3f-4024-a3a4-283be74699c0",
              "lastModifiedDate" : "2021-05-24T11:32:22Z",
              "lastModifiedBy" : "username",
              "lastModifiedByUserId" : "99156d9e-eb3f-4024-a3a4-283be74699c0",
              "state" : "ACTIVE"
            },
            "properties" : {
              "name" : "puppet_module_testa",
              "k8sVersion" : "1.18.5",
              "maintenanceWindow" : {
                "dayOfTheWeek" : "Saturday",
                "time" : "17:25:22Z"
              },
              "availableUpgradeVersions" : [ "1.18.9", "1.18.12", "1.18.18", "1.19.10" ],
              "viableNodePoolVersions" : [ "1.18.5", "1.18.9", "1.18.12", "1.18.18" ],
              "public" : true
            },
            "entities" : {
              "nodepools" : {
                "id" : "8de02f04-7e07-4150-a81b-136be2be7b24/nodepools",
                "type" : "collection",
                "href" : "https://api.ionos.com/cloudapi/v5/k8s/8de02f04-7e07-4150-a81b-136be2be7b24/nodepools",
                "items" : [ {
                  "id" : "99bd9244-6d46-4cf8-8239-e103820deb73",
                  "type" : "nodepool",
                  "href" : "https://api.ionos.com/cloudapi/v5/k8s/8de02f04-7e07-4150-a81b-136be2be7b24/nodepools/99bd9244-6d46-4cf8-8239-e103820deb73",
                  "metadata" : {
                    "etag" : "db9f2c718db5351ad2baece77b91503d",
                    "createdDate" : "2021-05-24T12:48:58Z",
                    "createdBy" : "username",
                    "createdByUserId" : "99156d9e-eb3f-4024-a3a4-283be74699c0",
                    "lastModifiedDate" : "2021-05-24T13:59:30Z",
                    "lastModifiedBy" : "username",
                    "lastModifiedByUserId" : "99156d9e-eb3f-4024-a3a4-283be74699c0",
                    "state" : "UPDATING"
                  },
                  "properties" : {
                    "name" : "puppet_module_test6fqfwdqwdqwdqwdwq5eh4d0ebc5ed",
                    "datacenterId" : "be9e5eec-c005-4c9a-baca-d6e9987fc8b8",
                    "nodeCount" : 2,
                    "cpuFamily" : "INTEL_XEON",
                    "coresCount" : 1,
                    "ramSize" : 2048,
                    "availabilityZone" : "AUTO",
                    "storageType" : "SSD",
                    "storageSize" : 10,
                    "k8sVersion" : "1.18.9",
                    "maintenanceWindow" : {
                      "dayOfTheWeek" : "Sunday",
                      "time" : "14:55:00Z"
                    },
                    "autoScaling" : {
                      "minNodeCount" : 1,
                      "maxNodeCount" : 2
                    },
                    "lans" : [ {
                      "id" : 1
                    } ],
                    "labels" : { },
                    "annotations" : { },
                    "availableUpgradeVersions" : [ "1.18.12", "1.18.18" ],
                    "publicIps" : null
                  }
                } ]
              }
            }
          }, {
            "id" : "383a718a-a737-452b-a82d-397f8e46030b",
            "type" : "k8s",
            "href" : "https://api.ionos.com/cloudapi/v5/k8s/383a718a-a737-452b-a82d-397f8e46030b",
            "metadata" : {
              "etag" : "f25df7f7639b81e1a1c4db3a6b717fd0",
              "createdDate" : "2021-05-24T08:08:42Z",
              "createdBy" : "username",
              "createdByUserId" : "99156d9e-eb3f-4024-a3a4-283be74699c0",
              "lastModifiedDate" : "2021-05-24T08:08:42Z",
              "lastModifiedBy" : "username",
              "lastModifiedByUserId" : "99156d9e-eb3f-4024-a3a4-283be74699c0",
              "state" : "FAILED"
            },
            "properties" : {
              "name" : "puppet_module_test6fqdqwdqwdqwd5eh4d0ebc5ed",
              "k8sVersion" : "1.18.5",
              "maintenanceWindow" : {
                "dayOfTheWeek" : "Sunday",
                "time" : "14:53:00Z"
              },
              "availableUpgradeVersions" : [ "1.18.9", "1.18.12", "1.18.18", "1.19.10" ],
              "viableNodePoolVersions" : [ "1.18.5", "1.18.9", "1.18.12", "1.18.18" ],
              "public" : true
            },
            "entities" : {
              "nodepools" : {
                "id" : "383a718a-a737-452b-a82d-397f8e46030b/nodepools",
                "type" : "collection",
                "href" : "https://api.ionos.com/cloudapi/v5/k8s/383a718a-a737-452b-a82d-397f8e46030b/nodepools",
                "items" : [ ]
              }
            }
          } ]
        }
  recorded_at: Mon, 24 May 2021 13:59:37 GMT
- request:
    method: get
    uri: https://api.ionos.com/cloudapi/v5/k8s/7f15fe31-f8b9-4ebf-a092-91abc67cda4d/nodepools?depth=1
    body:
      encoding: US-ASCII
      string: ''
    headers:
      User-Agent:
      - OpenAPI-Generator/5.1.0/ruby
      Content-Type:
      - application/json
      Accept:
      - application/json
      Authorization: Basic dXNlcm5hbWU6cGFzc3dvcmQ=
      Expect:
      - ''
  response:
    status:
      code: 200
      message: OK
    headers:
      Date:
      - Mon, 24 May 2021 13:59:37 GMT
      Server:
      - Apache/2.4.38 (Debian)
      Content-Length:
      - '1604'
      Content-Type:
      - application/json
      X-Frame-Options:
      - SAMEORIGIN
      X-Ratelimit-Burst:
      - '900'
      X-Ratelimit-Limit:
      - '1150'
      X-Ratelimit-Remaining:
      - '899'
      Access-Control-Allow-Origin:
      - "*"
      Access-Control-Allow-Headers:
      - "*"
      Access-Control-Expose-Headers:
      - "*"
      Access-Control-Allow-Methods:
      - "*"
      Access-Control-Allow-Credentials:
      - 'true'
    body:
      encoding: UTF-8
      string: |
        {
          "id" : "7f15fe31-f8b9-4ebf-a092-91abc67cda4d/nodepools",
          "type" : "collection",
          "href" : "https://api.ionos.com/cloudapi/v5/k8s/7f15fe31-f8b9-4ebf-a092-91abc67cda4d/nodepools",
          "items" : [ {
            "id" : "244c2ffe-aa77-4bdd-98d8-db0cea41ee91",
            "type" : "nodepool",
            "href" : "https://api.ionos.com/cloudapi/v5/k8s/7f15fe31-f8b9-4ebf-a092-91abc67cda4d/nodepools/244c2ffe-aa77-4bdd-98d8-db0cea41ee91",
            "metadata" : {
              "etag" : "612003131b8b4e89df138cec47330c64",
              "createdDate" : "2021-05-24T13:47:07Z",
              "createdBy" : "username",
              "createdByUserId" : "99156d9e-eb3f-4024-a3a4-283be74699c0",
              "lastModifiedDate" : "2021-05-24T13:47:07Z",
              "lastModifiedBy" : "username",
              "lastModifiedByUserId" : "99156d9e-eb3f-4024-a3a4-283be74699c0",
              "state" : "ACTIVE"
            },
            "properties" : {
              "name" : "puppet_module_test6fqfwdqwdqwdqwdwq5eh4d0ebc5ed",
              "datacenterId" : "ba825e75-3bea-4cf5-af27-e537219a4226",
              "nodeCount" : 1,
              "cpuFamily" : "INTEL_XEON",
              "coresCount" : 1,
              "ramSize" : 2048,
              "availabilityZone" : "AUTO",
              "storageType" : "SSD",
              "storageSize" : 10,
              "k8sVersion" : "1.18.5",
              "maintenanceWindow" : {
                "dayOfTheWeek" : "Sunday",
                "time" : "14:52:00Z"
              },
              "autoScaling" : {
                "minNodeCount" : 1,
                "maxNodeCount" : 2
              },
              "lans" : [ ],
              "labels" : { },
              "annotations" : { },
              "availableUpgradeVersions" : [ "1.18.9", "1.18.12", "1.18.18" ],
              "publicIps" : null
            }
          } ]
        }
  recorded_at: Mon, 24 May 2021 13:59:37 GMT
- request:
    method: get
    uri: https://api.ionos.com/cloudapi/v5/k8s/7f15fe31-f8b9-4ebf-a092-91abc67cda4d/nodepools/244c2ffe-aa77-4bdd-98d8-db0cea41ee91/nodes?depth=1
    body:
      encoding: US-ASCII
      string: ''
    headers:
      User-Agent:
      - OpenAPI-Generator/5.1.0/ruby
      Content-Type:
      - application/json
      Accept:
      - application/json
      Authorization: Basic dXNlcm5hbWU6cGFzc3dvcmQ=
      Expect:
      - ''
  response:
    status:
      code: 200
      message: OK
    headers:
      Date:
      - Mon, 24 May 2021 13:59:37 GMT
      Server:
      - Apache/2.4.38 (Debian)
      Content-Length:
      - '784'
      Content-Type:
      - application/json
      Access-Control-Allow-Origin:
      - "*"
      Access-Control-Allow-Headers:
      - "*"
      Access-Control-Expose-Headers:
      - "*"
      Access-Control-Allow-Methods:
      - "*"
      Access-Control-Allow-Credentials:
      - 'true'
    body:
      encoding: UTF-8
      string: '{"id":"244c2ffe-aa77-4bdd-98d8-db0cea41ee91/nodes","type":"collection","href":"https://api.ionos.com/cloudapi/v5/k8s/7f15fe31-f8b9-4ebf-a092-91abc67cda4d/nodepools/244c2ffe-aa77-4bdd-98d8-db0cea41ee91/nodes","items":[{"id":"3cbe06e2-7b7a-474b-8eb6-871f6867d44a","type":"node","href":"https://api.ionos.com/cloudapi/v5/k8s/7f15fe31-f8b9-4ebf-a092-91abc67cda4d/nodepools/244c2ffe-aa77-4bdd-98d8-db0cea41ee91/nodes/3cbe06e2-7b7a-474b-8eb6-871f6867d44a","metadata":{"etag":"d2e0f3a62076894fe621e9bef00c94ea","lastModifiedDate":"2021-05-24T13:47:55Z","state":"READY","createdDate":"2021-05-24T13:47:55Z","lastSoftwareUpdatedDate":"2021-05-24T13:47:52Z"},"properties":{"name":"puppet-module-test6fqfwdqwdqwdqwdwq5eh4d0ebc5ed-2tfgdaiwfc","k8sVersion":"1.18.5","publicIP":"162.254.26.135"}}]}'
  recorded_at: Mon, 24 May 2021 13:59:37 GMT
- request:
    method: get
    uri: https://api.ionos.com/cloudapi/v5/datacenters/ba825e75-3bea-4cf5-af27-e537219a4226
    body:
      encoding: US-ASCII
      string: ''
    headers:
      User-Agent:
      - OpenAPI-Generator/5.1.0/ruby
      Content-Type:
      - application/json
      Accept:
      - application/json
      Authorization: Basic dXNlcm5hbWU6cGFzc3dvcmQ=
      Expect:
      - ''
  response:
    status:
      code: 200
      message: OK
    headers:
      Date:
      - Mon, 24 May 2021 13:59:37 GMT
      Server:
      - Apache/2.4.38 (Debian)
      Content-Length:
      - '1749'
      Content-Type:
      - application/json
      Etag:
      - 8dd8efd839841ff8dcd0b5f9f9704bc4
      X-Frame-Options:
      - SAMEORIGIN
      X-Ratelimit-Burst:
      - '900'
      X-Ratelimit-Limit:
      - '1150'
      X-Ratelimit-Remaining:
      - '899'
      Access-Control-Allow-Origin:
      - "*"
      Access-Control-Allow-Headers:
      - "*"
      Access-Control-Expose-Headers:
      - "*"
      Access-Control-Allow-Methods:
      - "*"
      Access-Control-Allow-Credentials:
      - 'true'
    body:
      encoding: ASCII-8BIT
      string: |
        {
          "id" : "ba825e75-3bea-4cf5-af27-e537219a4226",
          "type" : "datacenter",
          "href" : "https://api.ionos.com/cloudapi/v5/datacenters/ba825e75-3bea-4cf5-af27-e537219a4226",
          "metadata" : {
            "etag" : "8dd8efd839841ff8dcd0b5f9f9704bc4",
            "createdDate" : "2021-05-24T13:46:58Z",
            "createdBy" : "username",
            "createdByUserId" : "99156d9e-eb3f-4024-a3a4-283be74699c0",
            "lastModifiedDate" : "2021-05-24T13:47:55Z",
            "lastModifiedBy" : "[UNKNOWN]",
            "lastModifiedByUserId" : "[UNKNOWN]",
            "state" : "AVAILABLE"
          },
          "properties" : {
            "name" : "puppet_module_test23523f23f2g2g23g323f3h4d0ebc5ed",
            "description" : "Puppet Module test description",
            "location" : "us/las",
            "version" : 4,
            "features" : [ "SSD_STORAGE_ZONING", "SSD" ],
            "secAuthProtection" : false
          },
          "entities" : {
            "servers" : {
              "id" : "ba825e75-3bea-4cf5-af27-e537219a4226/servers",
              "type" : "collection",
              "href" : "https://api.ionos.com/cloudapi/v5/datacenters/ba825e75-3bea-4cf5-af27-e537219a4226/servers"
            },
            "volumes" : {
              "id" : "ba825e75-3bea-4cf5-af27-e537219a4226/volumes",
              "type" : "collection",
              "href" : "https://api.ionos.com/cloudapi/v5/datacenters/ba825e75-3bea-4cf5-af27-e537219a4226/volumes"
            },
            "loadbalancers" : {
              "id" : "ba825e75-3bea-4cf5-af27-e537219a4226/loadbalancers",
              "type" : "collection",
              "href" : "https://api.ionos.com/cloudapi/v5/datacenters/ba825e75-3bea-4cf5-af27-e537219a4226/loadbalancers"
            },
            "lans" : {
              "id" : "ba825e75-3bea-4cf5-af27-e537219a4226/lans",
              "type" : "collection",
              "href" : "https://api.ionos.com/cloudapi/v5/datacenters/ba825e75-3bea-4cf5-af27-e537219a4226/lans"
            }
          }
        }
  recorded_at: Mon, 24 May 2021 13:59:37 GMT
- request:
    method: get
    uri: https://api.ionos.com/cloudapi/v5/k8s/b69a49c7-ba45-4ebb-833d-26ca7b3864ea/nodepools?depth=1
    body:
      encoding: US-ASCII
      string: ''
    headers:
      User-Agent:
      - OpenAPI-Generator/5.1.0/ruby
      Content-Type:
      - application/json
      Accept:
      - application/json
      Authorization: Basic dXNlcm5hbWU6cGFzc3dvcmQ=
      Expect:
      - ''
  response:
    status:
      code: 200
      message: OK
    headers:
      Date:
      - Mon, 24 May 2021 13:59:38 GMT
      Server:
      - Apache/2.4.38 (Debian)
      Content-Length:
      - '203'
      Content-Type:
      - application/json
      X-Frame-Options:
      - SAMEORIGIN
      X-Ratelimit-Burst:
      - '900'
      X-Ratelimit-Limit:
      - '1150'
      X-Ratelimit-Remaining:
      - '899'
      Access-Control-Allow-Origin:
      - "*"
      Access-Control-Allow-Headers:
      - "*"
      Access-Control-Expose-Headers:
      - "*"
      Access-Control-Allow-Methods:
      - "*"
      Access-Control-Allow-Credentials:
      - 'true'
    body:
      encoding: UTF-8
      string: |
        {
          "id" : "b69a49c7-ba45-4ebb-833d-26ca7b3864ea/nodepools",
          "type" : "collection",
          "href" : "https://api.ionos.com/cloudapi/v5/k8s/b69a49c7-ba45-4ebb-833d-26ca7b3864ea/nodepools",
          "items" : [ ]
        }
  recorded_at: Mon, 24 May 2021 13:59:38 GMT
- request:
    method: get
    uri: https://api.ionos.com/cloudapi/v5/k8s/c5d3b438-0ad7-45a3-a105-c9bc8eebaa57/nodepools?depth=1
    body:
      encoding: US-ASCII
      string: ''
    headers:
      User-Agent:
      - OpenAPI-Generator/5.1.0/ruby
      Content-Type:
      - application/json
      Accept:
      - application/json
      Authorization: Basic dXNlcm5hbWU6cGFzc3dvcmQ=
      Expect:
      - ''
  response:
    status:
      code: 200
      message: OK
    headers:
      Date:
      - Mon, 24 May 2021 13:59:38 GMT
      Server:
      - Apache/2.4.38 (Debian)
      Content-Length:
      - '203'
      Content-Type:
      - application/json
      X-Frame-Options:
      - SAMEORIGIN
      X-Ratelimit-Burst:
      - '900'
      X-Ratelimit-Limit:
      - '1150'
      X-Ratelimit-Remaining:
      - '899'
      Access-Control-Allow-Origin:
      - "*"
      Access-Control-Allow-Headers:
      - "*"
      Access-Control-Expose-Headers:
      - "*"
      Access-Control-Allow-Methods:
      - "*"
      Access-Control-Allow-Credentials:
      - 'true'
    body:
      encoding: UTF-8
      string: |
        {
          "id" : "c5d3b438-0ad7-45a3-a105-c9bc8eebaa57/nodepools",
          "type" : "collection",
          "href" : "https://api.ionos.com/cloudapi/v5/k8s/c5d3b438-0ad7-45a3-a105-c9bc8eebaa57/nodepools",
          "items" : [ ]
        }
  recorded_at: Mon, 24 May 2021 13:59:38 GMT
- request:
    method: get
    uri: https://api.ionos.com/cloudapi/v5/k8s/8de02f04-7e07-4150-a81b-136be2be7b24/nodepools?depth=1
    body:
      encoding: US-ASCII
      string: ''
    headers:
      User-Agent:
      - OpenAPI-Generator/5.1.0/ruby
      Content-Type:
      - application/json
      Accept:
      - application/json
      Authorization: Basic dXNlcm5hbWU6cGFzc3dvcmQ=
      Expect:
      - ''
  response:
    status:
      code: 200
      message: OK
    headers:
      Date:
      - Mon, 24 May 2021 13:59:38 GMT
      Server:
      - Apache/2.4.38 (Debian)
      Content-Length:
      - '1621'
      Content-Type:
      - application/json
      X-Frame-Options:
      - SAMEORIGIN
      X-Ratelimit-Burst:
      - '900'
      X-Ratelimit-Limit:
      - '1150'
      X-Ratelimit-Remaining:
      - '899'
      Access-Control-Allow-Origin:
      - "*"
      Access-Control-Allow-Headers:
      - "*"
      Access-Control-Expose-Headers:
      - "*"
      Access-Control-Allow-Methods:
      - "*"
      Access-Control-Allow-Credentials:
      - 'true'
    body:
      encoding: UTF-8
      string: |
        {
          "id" : "8de02f04-7e07-4150-a81b-136be2be7b24/nodepools",
          "type" : "collection",
          "href" : "https://api.ionos.com/cloudapi/v5/k8s/8de02f04-7e07-4150-a81b-136be2be7b24/nodepools",
          "items" : [ {
            "id" : "99bd9244-6d46-4cf8-8239-e103820deb73",
            "type" : "nodepool",
            "href" : "https://api.ionos.com/cloudapi/v5/k8s/8de02f04-7e07-4150-a81b-136be2be7b24/nodepools/99bd9244-6d46-4cf8-8239-e103820deb73",
            "metadata" : {
              "etag" : "8c13847d6cac4e182d5f86af5b87e1ab",
              "createdDate" : "2021-05-24T12:48:58Z",
              "createdBy" : "username",
              "createdByUserId" : "99156d9e-eb3f-4024-a3a4-283be74699c0",
              "lastModifiedDate" : "2021-05-24T13:59:30Z",
              "lastModifiedBy" : "username",
              "lastModifiedByUserId" : "99156d9e-eb3f-4024-a3a4-283be74699c0",
              "state" : "ACTIVE"
            },
            "properties" : {
              "name" : "puppet_module_test6fqfwdqwdqwdqwdwq5eh4d0ebc5ed",
              "datacenterId" : "be9e5eec-c005-4c9a-baca-d6e9987fc8b8",
              "nodeCount" : 2,
              "cpuFamily" : "INTEL_XEON",
              "coresCount" : 1,
              "ramSize" : 2048,
              "availabilityZone" : "AUTO",
              "storageType" : "SSD",
              "storageSize" : 10,
              "k8sVersion" : "1.18.9",
              "maintenanceWindow" : {
                "dayOfTheWeek" : "Sunday",
                "time" : "14:55:00Z"
              },
              "autoScaling" : {
                "minNodeCount" : 1,
                "maxNodeCount" : 2
              },
              "lans" : [ {
                "id" : 1
              } ],
              "labels" : { },
              "annotations" : { },
              "availableUpgradeVersions" : [ "1.18.12", "1.18.18" ],
              "publicIps" : null
            }
          } ]
        }
  recorded_at: Mon, 24 May 2021 13:59:38 GMT
- request:
    method: get
    uri: https://api.ionos.com/cloudapi/v5/k8s/8de02f04-7e07-4150-a81b-136be2be7b24/nodepools/99bd9244-6d46-4cf8-8239-e103820deb73/nodes?depth=1
    body:
      encoding: US-ASCII
      string: ''
    headers:
      User-Agent:
      - OpenAPI-Generator/5.1.0/ruby
      Content-Type:
      - application/json
      Accept:
      - application/json
      Authorization: Basic dXNlcm5hbWU6cGFzc3dvcmQ=
      Expect:
      - ''
  response:
    status:
      code: 200
      message: OK
    headers:
      Date:
      - Mon, 24 May 2021 13:59:39 GMT
      Server:
      - Apache/2.4.38 (Debian)
      Content-Length:
      - '1351'
      Content-Type:
      - application/json
      Access-Control-Allow-Origin:
      - "*"
      Access-Control-Allow-Headers:
      - "*"
      Access-Control-Expose-Headers:
      - "*"
      Access-Control-Allow-Methods:
      - "*"
      Access-Control-Allow-Credentials:
      - 'true'
    body:
      encoding: UTF-8
      string: '{"id":"99bd9244-6d46-4cf8-8239-e103820deb73/nodes","type":"collection","href":"https://api.ionos.com/cloudapi/v5/k8s/8de02f04-7e07-4150-a81b-136be2be7b24/nodepools/99bd9244-6d46-4cf8-8239-e103820deb73/nodes","items":[{"id":"8b4da514-5f2c-46b7-8c0e-038b7e699279","type":"node","href":"https://api.ionos.com/cloudapi/v5/k8s/8de02f04-7e07-4150-a81b-136be2be7b24/nodepools/99bd9244-6d46-4cf8-8239-e103820deb73/nodes/8b4da514-5f2c-46b7-8c0e-038b7e699279","metadata":{"etag":"156c2e8124c6abf197563ecd616aac9c","lastModifiedDate":"2021-05-24T13:27:44Z","state":"READY","createdDate":"2021-05-24T13:27:44Z","lastSoftwareUpdatedDate":"2021-05-24T13:27:40Z"},"properties":{"name":"puppet-module-test6fqfwdqwdqwdqwdwq5eh4d0ebc5ed-2rvkvehbo7","k8sVersion":"1.18.9","publicIP":"162.254.25.252"}},{"id":"266f3c8f-3dad-4ce5-8d28-0627f27b1706","type":"node","href":"https://api.ionos.com/cloudapi/v5/k8s/8de02f04-7e07-4150-a81b-136be2be7b24/nodepools/99bd9244-6d46-4cf8-8239-e103820deb73/nodes/266f3c8f-3dad-4ce5-8d28-0627f27b1706","metadata":{"etag":"b1d346890bf5f045ed6bab120cd34418","lastModifiedDate":"2021-05-24T13:42:01Z","state":"READY","createdDate":"2021-05-24T13:42:01Z","lastSoftwareUpdatedDate":"2021-05-24T13:27:40Z"},"properties":{"name":"puppet-module-test6fqfwdqwdqwdqwdwq5eh4d0ebc5ed-lvyqjp7ajj","k8sVersion":"1.18.9","publicIP":"158.222.102.251"}}]}'
  recorded_at: Mon, 24 May 2021 13:59:39 GMT
- request:
    method: get
    uri: https://api.ionos.com/cloudapi/v5/datacenters/be9e5eec-c005-4c9a-baca-d6e9987fc8b8
    body:
      encoding: US-ASCII
      string: ''
    headers:
      User-Agent:
      - OpenAPI-Generator/5.1.0/ruby
      Content-Type:
      - application/json
      Accept:
      - application/json
      Authorization: Basic dXNlcm5hbWU6cGFzc3dvcmQ=
      Expect:
      - ''
  response:
    status:
      code: 200
      message: OK
    headers:
      Date:
      - Mon, 24 May 2021 13:59:39 GMT
      Server:
      - Apache/2.4.38 (Debian)
      Content-Length:
      - '1749'
      Content-Type:
      - application/json
      Etag:
      - 9c640f3d65d2aa82f9ed80f6ca8d17be
      X-Frame-Options:
      - SAMEORIGIN
      X-Ratelimit-Burst:
      - '900'
      X-Ratelimit-Limit:
      - '1150'
      X-Ratelimit-Remaining:
      - '899'
      Access-Control-Allow-Origin:
      - "*"
      Access-Control-Allow-Headers:
      - "*"
      Access-Control-Expose-Headers:
      - "*"
      Access-Control-Allow-Methods:
      - "*"
      Access-Control-Allow-Credentials:
      - 'true'
    body:
      encoding: ASCII-8BIT
      string: |
        {
          "id" : "be9e5eec-c005-4c9a-baca-d6e9987fc8b8",
          "type" : "datacenter",
          "href" : "https://api.ionos.com/cloudapi/v5/datacenters/be9e5eec-c005-4c9a-baca-d6e9987fc8b8",
          "metadata" : {
            "etag" : "9c640f3d65d2aa82f9ed80f6ca8d17be",
            "createdDate" : "2021-05-24T12:48:49Z",
            "createdBy" : "username",
            "createdByUserId" : "99156d9e-eb3f-4024-a3a4-283be74699c0",
            "lastModifiedDate" : "2021-05-24T13:53:48Z",
            "lastModifiedBy" : "[UNKNOWN]",
            "lastModifiedByUserId" : "[UNKNOWN]",
            "state" : "AVAILABLE"
          },
          "properties" : {
            "name" : "puppet_module_test64s56bedyeye5u5ygh5eh4d0ebc5ed",
            "description" : "Puppet Module test description",
            "location" : "us/las",
            "version" : 14,
            "features" : [ "SSD_STORAGE_ZONING", "SSD" ],
            "secAuthProtection" : false
          },
          "entities" : {
            "servers" : {
              "id" : "be9e5eec-c005-4c9a-baca-d6e9987fc8b8/servers",
              "type" : "collection",
              "href" : "https://api.ionos.com/cloudapi/v5/datacenters/be9e5eec-c005-4c9a-baca-d6e9987fc8b8/servers"
            },
            "volumes" : {
              "id" : "be9e5eec-c005-4c9a-baca-d6e9987fc8b8/volumes",
              "type" : "collection",
              "href" : "https://api.ionos.com/cloudapi/v5/datacenters/be9e5eec-c005-4c9a-baca-d6e9987fc8b8/volumes"
            },
            "loadbalancers" : {
              "id" : "be9e5eec-c005-4c9a-baca-d6e9987fc8b8/loadbalancers",
              "type" : "collection",
              "href" : "https://api.ionos.com/cloudapi/v5/datacenters/be9e5eec-c005-4c9a-baca-d6e9987fc8b8/loadbalancers"
            },
            "lans" : {
              "id" : "be9e5eec-c005-4c9a-baca-d6e9987fc8b8/lans",
              "type" : "collection",
              "href" : "https://api.ionos.com/cloudapi/v5/datacenters/be9e5eec-c005-4c9a-baca-d6e9987fc8b8/lans"
            }
          }
        }
  recorded_at: Mon, 24 May 2021 13:59:39 GMT
- request:
    method: get
    uri: https://api.ionos.com/cloudapi/v5/k8s/383a718a-a737-452b-a82d-397f8e46030b/nodepools?depth=1
    body:
      encoding: US-ASCII
      string: ''
    headers:
      User-Agent:
      - OpenAPI-Generator/5.1.0/ruby
      Content-Type:
      - application/json
      Accept:
      - application/json
      Authorization: Basic dXNlcm5hbWU6cGFzc3dvcmQ=
      Expect:
      - ''
  response:
    status:
      code: 200
      message: OK
    headers:
      Date:
      - Mon, 24 May 2021 13:59:39 GMT
      Server:
      - Apache/2.4.38 (Debian)
      Content-Length:
      - '203'
      Content-Type:
      - application/json
      X-Frame-Options:
      - SAMEORIGIN
      X-Ratelimit-Burst:
      - '900'
      X-Ratelimit-Limit:
      - '1150'
      X-Ratelimit-Remaining:
      - '899'
      Access-Control-Allow-Origin:
      - "*"
      Access-Control-Allow-Headers:
      - "*"
      Access-Control-Expose-Headers:
      - "*"
      Access-Control-Allow-Methods:
      - "*"
      Access-Control-Allow-Credentials:
      - 'true'
    body:
      encoding: UTF-8
      string: |
        {
          "id" : "383a718a-a737-452b-a82d-397f8e46030b/nodepools",
          "type" : "collection",
          "href" : "https://api.ionos.com/cloudapi/v5/k8s/383a718a-a737-452b-a82d-397f8e46030b/nodepools",
          "items" : [ ]
        }
  recorded_at: Mon, 24 May 2021 13:59:39 GMT
- request:
    method: get
    uri: https://api.ionos.com/cloudapi/v5/k8s/7f15fe31-f8b9-4ebf-a092-91abc67cda4d/nodepools/244c2ffe-aa77-4bdd-98d8-db0cea41ee91
    body:
      encoding: US-ASCII
      string: ''
    headers:
      User-Agent:
      - OpenAPI-Generator/5.1.0/ruby
      Content-Type:
      - application/json
      Accept:
      - application/json
      Authorization: Basic dXNlcm5hbWU6cGFzc3dvcmQ=
      Expect:
      - ''
  response:
    status:
      code: 200
      message: OK
    headers:
      Date:
      - Mon, 24 May 2021 13:59:39 GMT
      Server:
      - Apache/2.4.38 (Debian)
      Content-Length:
      - '1060'
      Content-Type:
      - application/json
      Access-Control-Allow-Origin:
      - "*"
      Access-Control-Allow-Headers:
      - "*"
      Access-Control-Expose-Headers:
      - "*"
      Access-Control-Allow-Methods:
      - "*"
      Access-Control-Allow-Credentials:
      - 'true'
    body:
      encoding: UTF-8
      string: '{"id":"244c2ffe-aa77-4bdd-98d8-db0cea41ee91","type":"nodepool","href":"https://api.ionos.com/cloudapi/v5/k8s/7f15fe31-f8b9-4ebf-a092-91abc67cda4d/nodepools/244c2ffe-aa77-4bdd-98d8-db0cea41ee91","metadata":{"etag":"612003131b8b4e89df138cec47330c64","createdDate":"2021-05-24T13:47:07Z","createdBy":"username","createdByUserId":"99156d9e-eb3f-4024-a3a4-283be74699c0","lastModifiedDate":"2021-05-24T13:47:07Z","lastModifiedBy":"username","lastModifiedByUserId":"99156d9e-eb3f-4024-a3a4-283be74699c0","state":"ACTIVE"},"properties":{"name":"puppet_module_test6fqfwdqwdqwdqwdwq5eh4d0ebc5ed","datacenterId":"ba825e75-3bea-4cf5-af27-e537219a4226","nodeCount":1,"cpuFamily":"INTEL_XEON","coresCount":1,"ramSize":2048,"availabilityZone":"AUTO","storageType":"SSD","storageSize":10,"k8sVersion":"1.18.5","maintenanceWindow":{"dayOfTheWeek":"Sunday","time":"14:52:00Z"},"autoScaling":{"minNodeCount":1,"maxNodeCount":2},"lans":[],"labels":{},"annotations":{},"availableUpgradeVersions":["1.18.9","1.18.12","1.18.18"],"publicIps":[]}}'
  recorded_at: Mon, 24 May 2021 13:59:39 GMT
- request:
    method: put
    uri: https://api.ionos.com/cloudapi/v5/k8s/8de02f04-7e07-4150-a81b-136be2be7b24/nodepools/99bd9244-6d46-4cf8-8239-e103820deb73
    body:
      encoding: UTF-8
      string: '{"properties":{"nodeCount":2,"k8sVersion":"1.18.9","maintenanceWindow":{"dayOfTheWeek":"Sunday","time":"14:55:00Z"},"autoScaling":{"minNodeCount":1,"maxNodeCount":2},"lans":[{"id":1}]}}'
    headers:
      User-Agent:
      - OpenAPI-Generator/5.1.0/ruby
      Content-Type:
      - application/json
      Accept:
      - application/json
      Authorization: Basic dXNlcm5hbWU6cGFzc3dvcmQ=
      Expect:
      - ''
  response:
    status:
      code: 202
      message: Accepted
    headers:
      Date:
      - Mon, 24 May 2021 13:59:41 GMT
      Server:
      - Apache/2.4.38 (Debian)
      Content-Length:
      - '1338'
      Content-Type:
      - application/json
      Etag:
      - 27fe4eb61ec5fc6cf7eba0ec8e2cdd44
      X-Frame-Options:
      - SAMEORIGIN
      X-Ratelimit-Burst:
      - '50'
      X-Ratelimit-Limit:
      - '120'
      X-Ratelimit-Remaining:
      - '49'
      Access-Control-Allow-Origin:
      - "*"
      Access-Control-Allow-Headers:
      - "*"
      Access-Control-Expose-Headers:
      - "*"
      Access-Control-Allow-Methods:
      - "*"
      Access-Control-Allow-Credentials:
      - 'true'
    body:
      encoding: ASCII-8BIT
      string: |
        {
          "id" : "99bd9244-6d46-4cf8-8239-e103820deb73",
          "type" : "nodepool",
          "href" : "https://api.ionos.com/cloudapi/v5/k8s/8de02f04-7e07-4150-a81b-136be2be7b24/nodepools/99bd9244-6d46-4cf8-8239-e103820deb73",
          "metadata" : {
            "etag" : "27fe4eb61ec5fc6cf7eba0ec8e2cdd44",
            "createdDate" : "2021-05-24T12:48:58Z",
            "createdBy" : "username",
            "createdByUserId" : "99156d9e-eb3f-4024-a3a4-283be74699c0",
            "lastModifiedDate" : "2021-05-24T13:59:41Z",
            "lastModifiedBy" : "username",
            "lastModifiedByUserId" : "99156d9e-eb3f-4024-a3a4-283be74699c0",
            "state" : "UPDATING"
          },
          "properties" : {
            "name" : "puppet_module_test6fqfwdqwdqwdqwdwq5eh4d0ebc5ed",
            "datacenterId" : "be9e5eec-c005-4c9a-baca-d6e9987fc8b8",
            "nodeCount" : 2,
            "cpuFamily" : "INTEL_XEON",
            "coresCount" : 1,
            "ramSize" : 2048,
            "availabilityZone" : "AUTO",
            "storageType" : "SSD",
            "storageSize" : 10,
            "k8sVersion" : "1.18.9",
            "maintenanceWindow" : {
              "dayOfTheWeek" : "Sunday",
              "time" : "14:55:00Z"
            },
            "autoScaling" : {
              "minNodeCount" : 1,
              "maxNodeCount" : 2
            },
            "lans" : [ {
              "id" : 1
            } ],
            "labels" : { },
            "annotations" : { },
            "availableUpgradeVersions" : [ "1.18.12", "1.18.18" ],
            "publicIps" : null
          }
        }
  recorded_at: Mon, 24 May 2021 13:59:41 GMT
- request:
    method: get
    uri: https://api.ionos.com/cloudapi/v5/k8s/7f15fe31-f8b9-4ebf-a092-91abc67cda4d/nodepools/244c2ffe-aa77-4bdd-98d8-db0cea41ee91
    body:
      encoding: US-ASCII
      string: ''
    headers:
      User-Agent:
      - OpenAPI-Generator/5.1.0/ruby
      Content-Type:
      - application/json
      Accept:
      - application/json
      Authorization: Basic dXNlcm5hbWU6cGFzc3dvcmQ=
      Expect:
      - ''
  response:
    status:
      code: 200
      message: OK
    headers:
      Date:
      - Mon, 24 May 2021 13:59:41 GMT
      Server:
      - Apache/2.4.38 (Debian)
      Content-Length:
      - '1060'
      Content-Type:
      - application/json
      Access-Control-Allow-Origin:
      - "*"
      Access-Control-Allow-Headers:
      - "*"
      Access-Control-Expose-Headers:
      - "*"
      Access-Control-Allow-Methods:
      - "*"
      Access-Control-Allow-Credentials:
      - 'true'
    body:
      encoding: UTF-8
      string: '{"id":"244c2ffe-aa77-4bdd-98d8-db0cea41ee91","type":"nodepool","href":"https://api.ionos.com/cloudapi/v5/k8s/7f15fe31-f8b9-4ebf-a092-91abc67cda4d/nodepools/244c2ffe-aa77-4bdd-98d8-db0cea41ee91","metadata":{"etag":"612003131b8b4e89df138cec47330c64","createdDate":"2021-05-24T13:47:07Z","createdBy":"username","createdByUserId":"99156d9e-eb3f-4024-a3a4-283be74699c0","lastModifiedDate":"2021-05-24T13:47:07Z","lastModifiedBy":"username","lastModifiedByUserId":"99156d9e-eb3f-4024-a3a4-283be74699c0","state":"ACTIVE"},"properties":{"name":"puppet_module_test6fqfwdqwdqwdqwdwq5eh4d0ebc5ed","datacenterId":"ba825e75-3bea-4cf5-af27-e537219a4226","nodeCount":1,"cpuFamily":"INTEL_XEON","coresCount":1,"ramSize":2048,"availabilityZone":"AUTO","storageType":"SSD","storageSize":10,"k8sVersion":"1.18.5","maintenanceWindow":{"dayOfTheWeek":"Sunday","time":"14:52:00Z"},"autoScaling":{"minNodeCount":1,"maxNodeCount":2},"lans":[],"labels":{},"annotations":{},"availableUpgradeVersions":["1.18.9","1.18.12","1.18.18"],"publicIps":[]}}'
  recorded_at: Mon, 24 May 2021 13:59:41 GMT
- request:
    method: get
    uri: https://api.ionos.com/cloudapi/v5/k8s?depth=3
    body:
      encoding: US-ASCII
      string: ''
    headers:
      User-Agent:
      - OpenAPI-Generator/5.1.0/ruby
      Content-Type:
      - application/json
      Accept:
      - application/json
      Authorization: Basic dXNlcm5hbWU6cGFzc3dvcmQ=
      Expect:
      - ''
  response:
    status:
      code: 200
      message: OK
    headers:
      Date:
      - Mon, 24 May 2021 13:59:43 GMT
      Server:
      - Apache/2.4.38 (Debian)
      Content-Type:
      - application/json
      X-Frame-Options:
      - SAMEORIGIN
      X-Ratelimit-Burst:
      - '900'
      X-Ratelimit-Limit:
      - '1150'
      X-Ratelimit-Remaining:
      - '899'
      Access-Control-Allow-Origin:
      - "*"
      Access-Control-Allow-Headers:
      - "*"
      Access-Control-Expose-Headers:
      - "*"
      Access-Control-Allow-Methods:
      - "*"
      Access-Control-Allow-Credentials:
      - 'true'
      Transfer-Encoding:
      - chunked
    body:
      encoding: ASCII-8BIT
      string: |
        {
          "id" : "k8s",
          "type" : "collection",
          "href" : "https://api.ionos.com/cloudapi/v5/k8s",
          "items" : [ {
            "id" : "7f15fe31-f8b9-4ebf-a092-91abc67cda4d",
            "type" : "k8s",
            "href" : "https://api.ionos.com/cloudapi/v5/k8s/7f15fe31-f8b9-4ebf-a092-91abc67cda4d",
            "metadata" : {
              "etag" : "b06a1af2b4bc791ff13995fc11e03cc4",
              "createdDate" : "2021-05-24T13:13:07Z",
              "createdBy" : "username",
              "createdByUserId" : "99156d9e-eb3f-4024-a3a4-283be74699c0",
              "lastModifiedDate" : "2021-05-24T13:13:07Z",
              "lastModifiedBy" : "username",
              "lastModifiedByUserId" : "99156d9e-eb3f-4024-a3a4-283be74699c0",
              "state" : "ACTIVE"
            },
            "properties" : {
              "name" : "puppet_module_testc",
              "k8sVersion" : "1.18.5",
              "maintenanceWindow" : {
                "dayOfTheWeek" : "Sunday",
                "time" : "04:52:07Z"
              },
              "availableUpgradeVersions" : [ "1.18.9", "1.18.12", "1.18.18", "1.19.10" ],
              "viableNodePoolVersions" : [ "1.18.5", "1.18.9", "1.18.12", "1.18.18" ],
              "public" : true
            },
            "entities" : {
              "nodepools" : {
                "id" : "7f15fe31-f8b9-4ebf-a092-91abc67cda4d/nodepools",
                "type" : "collection",
                "href" : "https://api.ionos.com/cloudapi/v5/k8s/7f15fe31-f8b9-4ebf-a092-91abc67cda4d/nodepools",
                "items" : [ {
                  "id" : "244c2ffe-aa77-4bdd-98d8-db0cea41ee91",
                  "type" : "nodepool",
                  "href" : "https://api.ionos.com/cloudapi/v5/k8s/7f15fe31-f8b9-4ebf-a092-91abc67cda4d/nodepools/244c2ffe-aa77-4bdd-98d8-db0cea41ee91",
                  "metadata" : {
                    "etag" : "612003131b8b4e89df138cec47330c64",
                    "createdDate" : "2021-05-24T13:47:07Z",
                    "createdBy" : "username",
                    "createdByUserId" : "99156d9e-eb3f-4024-a3a4-283be74699c0",
                    "lastModifiedDate" : "2021-05-24T13:47:07Z",
                    "lastModifiedBy" : "username",
                    "lastModifiedByUserId" : "99156d9e-eb3f-4024-a3a4-283be74699c0",
                    "state" : "ACTIVE"
                  },
                  "properties" : {
                    "name" : "puppet_module_test6fqfwdqwdqwdqwdwq5eh4d0ebc5ed",
                    "datacenterId" : "ba825e75-3bea-4cf5-af27-e537219a4226",
                    "nodeCount" : 1,
                    "cpuFamily" : "INTEL_XEON",
                    "coresCount" : 1,
                    "ramSize" : 2048,
                    "availabilityZone" : "AUTO",
                    "storageType" : "SSD",
                    "storageSize" : 10,
                    "k8sVersion" : "1.18.5",
                    "maintenanceWindow" : {
                      "dayOfTheWeek" : "Sunday",
                      "time" : "14:52:00Z"
                    },
                    "autoScaling" : {
                      "minNodeCount" : 1,
                      "maxNodeCount" : 2
                    },
                    "lans" : [ ],
                    "labels" : { },
                    "annotations" : { },
                    "availableUpgradeVersions" : [ "1.18.9", "1.18.12", "1.18.18" ],
                    "publicIps" : null
                  }
                } ]
              }
            }
          }, {
            "id" : "b69a49c7-ba45-4ebb-833d-26ca7b3864ea",
            "type" : "k8s",
            "href" : "https://api.ionos.com/cloudapi/v5/k8s/b69a49c7-ba45-4ebb-833d-26ca7b3864ea",
            "metadata" : {
              "etag" : "fb61f81240506dea4f32ec7b9aa5a1e1",
              "createdDate" : "2021-05-24T11:43:50Z",
              "createdBy" : "username",
              "createdByUserId" : "99156d9e-eb3f-4024-a3a4-283be74699c0",
              "lastModifiedDate" : "2021-05-24T11:43:50Z",
              "lastModifiedBy" : "username",
              "lastModifiedByUserId" : "99156d9e-eb3f-4024-a3a4-283be74699c0",
              "state" : "ACTIVE"
            },
            "properties" : {
              "name" : "puppet_module_test6wgwgwegwedhehehebc5ed",
              "k8sVersion" : "1.18.5",
              "maintenanceWindow" : {
                "dayOfTheWeek" : "Sunday",
                "time" : "14:54:00Z"
              },
              "availableUpgradeVersions" : [ "1.18.9", "1.18.12", "1.18.18", "1.19.10" ],
              "viableNodePoolVersions" : [ "1.18.5", "1.18.9", "1.18.12", "1.18.18" ],
              "public" : true
            },
            "entities" : {
              "nodepools" : {
                "id" : "b69a49c7-ba45-4ebb-833d-26ca7b3864ea/nodepools",
                "type" : "collection",
                "href" : "https://api.ionos.com/cloudapi/v5/k8s/b69a49c7-ba45-4ebb-833d-26ca7b3864ea/nodepools",
                "items" : [ ]
              }
            }
          }, {
            "id" : "c5d3b438-0ad7-45a3-a105-c9bc8eebaa57",
            "type" : "k8s",
            "href" : "https://api.ionos.com/cloudapi/v5/k8s/c5d3b438-0ad7-45a3-a105-c9bc8eebaa57",
            "metadata" : {
              "etag" : "522b9da59908d4bdced8e9ba778fd80a",
              "createdDate" : "2021-05-24T11:32:34Z",
              "createdBy" : "username",
              "createdByUserId" : "99156d9e-eb3f-4024-a3a4-283be74699c0",
              "lastModifiedDate" : "2021-05-24T11:32:34Z",
              "lastModifiedBy" : "username",
              "lastModifiedByUserId" : "99156d9e-eb3f-4024-a3a4-283be74699c0",
              "state" : "ACTIVE"
            },
            "properties" : {
              "name" : "puppet_module_testb",
              "k8sVersion" : "1.18.5",
              "maintenanceWindow" : {
                "dayOfTheWeek" : "Saturday",
                "time" : "20:04:34Z"
              },
              "availableUpgradeVersions" : [ "1.18.9", "1.18.12", "1.18.18", "1.19.10" ],
              "viableNodePoolVersions" : [ "1.18.5", "1.18.9", "1.18.12", "1.18.18" ],
              "public" : true
            },
            "entities" : {
              "nodepools" : {
                "id" : "c5d3b438-0ad7-45a3-a105-c9bc8eebaa57/nodepools",
                "type" : "collection",
                "href" : "https://api.ionos.com/cloudapi/v5/k8s/c5d3b438-0ad7-45a3-a105-c9bc8eebaa57/nodepools",
                "items" : [ ]
              }
            }
          }, {
            "id" : "8de02f04-7e07-4150-a81b-136be2be7b24",
            "type" : "k8s",
            "href" : "https://api.ionos.com/cloudapi/v5/k8s/8de02f04-7e07-4150-a81b-136be2be7b24",
            "metadata" : {
              "etag" : "4e5fae1552ebbfdac98b3732364593a8",
              "createdDate" : "2021-05-24T11:32:22Z",
              "createdBy" : "username",
              "createdByUserId" : "99156d9e-eb3f-4024-a3a4-283be74699c0",
              "lastModifiedDate" : "2021-05-24T11:32:22Z",
              "lastModifiedBy" : "username",
              "lastModifiedByUserId" : "99156d9e-eb3f-4024-a3a4-283be74699c0",
              "state" : "ACTIVE"
            },
            "properties" : {
              "name" : "puppet_module_testa",
              "k8sVersion" : "1.18.5",
              "maintenanceWindow" : {
                "dayOfTheWeek" : "Saturday",
                "time" : "17:25:22Z"
              },
              "availableUpgradeVersions" : [ "1.18.9", "1.18.12", "1.18.18", "1.19.10" ],
              "viableNodePoolVersions" : [ "1.18.5", "1.18.9", "1.18.12", "1.18.18" ],
              "public" : true
            },
            "entities" : {
              "nodepools" : {
                "id" : "8de02f04-7e07-4150-a81b-136be2be7b24/nodepools",
                "type" : "collection",
                "href" : "https://api.ionos.com/cloudapi/v5/k8s/8de02f04-7e07-4150-a81b-136be2be7b24/nodepools",
                "items" : [ {
                  "id" : "99bd9244-6d46-4cf8-8239-e103820deb73",
                  "type" : "nodepool",
                  "href" : "https://api.ionos.com/cloudapi/v5/k8s/8de02f04-7e07-4150-a81b-136be2be7b24/nodepools/99bd9244-6d46-4cf8-8239-e103820deb73",
                  "metadata" : {
                    "etag" : "abae6b6ad28e31a1bd44244eefcc89b1",
                    "createdDate" : "2021-05-24T12:48:58Z",
                    "createdBy" : "username",
                    "createdByUserId" : "99156d9e-eb3f-4024-a3a4-283be74699c0",
                    "lastModifiedDate" : "2021-05-24T13:59:41Z",
                    "lastModifiedBy" : "username",
                    "lastModifiedByUserId" : "99156d9e-eb3f-4024-a3a4-283be74699c0",
                    "state" : "UPDATING"
                  },
                  "properties" : {
                    "name" : "puppet_module_test6fqfwdqwdqwdqwdwq5eh4d0ebc5ed",
                    "datacenterId" : "be9e5eec-c005-4c9a-baca-d6e9987fc8b8",
                    "nodeCount" : 2,
                    "cpuFamily" : "INTEL_XEON",
                    "coresCount" : 1,
                    "ramSize" : 2048,
                    "availabilityZone" : "AUTO",
                    "storageType" : "SSD",
                    "storageSize" : 10,
                    "k8sVersion" : "1.18.9",
                    "maintenanceWindow" : {
                      "dayOfTheWeek" : "Sunday",
                      "time" : "14:55:00Z"
                    },
                    "autoScaling" : {
                      "minNodeCount" : 1,
                      "maxNodeCount" : 2
                    },
                    "lans" : [ {
                      "id" : 1
                    } ],
                    "labels" : { },
                    "annotations" : { },
                    "availableUpgradeVersions" : [ "1.18.12", "1.18.18" ],
                    "publicIps" : null
                  }
                } ]
              }
            }
          }, {
            "id" : "383a718a-a737-452b-a82d-397f8e46030b",
            "type" : "k8s",
            "href" : "https://api.ionos.com/cloudapi/v5/k8s/383a718a-a737-452b-a82d-397f8e46030b",
            "metadata" : {
              "etag" : "f25df7f7639b81e1a1c4db3a6b717fd0",
              "createdDate" : "2021-05-24T08:08:42Z",
              "createdBy" : "username",
              "createdByUserId" : "99156d9e-eb3f-4024-a3a4-283be74699c0",
              "lastModifiedDate" : "2021-05-24T08:08:42Z",
              "lastModifiedBy" : "username",
              "lastModifiedByUserId" : "99156d9e-eb3f-4024-a3a4-283be74699c0",
              "state" : "FAILED"
            },
            "properties" : {
              "name" : "puppet_module_test6fqdqwdqwdqwd5eh4d0ebc5ed",
              "k8sVersion" : "1.18.5",
              "maintenanceWindow" : {
                "dayOfTheWeek" : "Sunday",
                "time" : "14:53:00Z"
              },
              "availableUpgradeVersions" : [ "1.18.9", "1.18.12", "1.18.18", "1.19.10" ],
              "viableNodePoolVersions" : [ "1.18.5", "1.18.9", "1.18.12", "1.18.18" ],
              "public" : true
            },
            "entities" : {
              "nodepools" : {
                "id" : "383a718a-a737-452b-a82d-397f8e46030b/nodepools",
                "type" : "collection",
                "href" : "https://api.ionos.com/cloudapi/v5/k8s/383a718a-a737-452b-a82d-397f8e46030b/nodepools",
                "items" : [ ]
              }
            }
          } ]
        }
  recorded_at: Mon, 24 May 2021 13:59:43 GMT
- request:
    method: get
    uri: https://api.ionos.com/cloudapi/v5/k8s/7f15fe31-f8b9-4ebf-a092-91abc67cda4d/nodepools?depth=1
    body:
      encoding: US-ASCII
      string: ''
    headers:
      User-Agent:
      - OpenAPI-Generator/5.1.0/ruby
      Content-Type:
      - application/json
      Accept:
      - application/json
      Authorization: Basic dXNlcm5hbWU6cGFzc3dvcmQ=
      Expect:
      - ''
  response:
    status:
      code: 200
      message: OK
    headers:
      Date:
      - Mon, 24 May 2021 13:59:43 GMT
      Server:
      - Apache/2.4.38 (Debian)
      Content-Length:
      - '1604'
      Content-Type:
      - application/json
      X-Frame-Options:
      - SAMEORIGIN
      X-Ratelimit-Burst:
      - '900'
      X-Ratelimit-Limit:
      - '1150'
      X-Ratelimit-Remaining:
      - '899'
      Access-Control-Allow-Origin:
      - "*"
      Access-Control-Allow-Headers:
      - "*"
      Access-Control-Expose-Headers:
      - "*"
      Access-Control-Allow-Methods:
      - "*"
      Access-Control-Allow-Credentials:
      - 'true'
    body:
      encoding: UTF-8
      string: |
        {
          "id" : "7f15fe31-f8b9-4ebf-a092-91abc67cda4d/nodepools",
          "type" : "collection",
          "href" : "https://api.ionos.com/cloudapi/v5/k8s/7f15fe31-f8b9-4ebf-a092-91abc67cda4d/nodepools",
          "items" : [ {
            "id" : "244c2ffe-aa77-4bdd-98d8-db0cea41ee91",
            "type" : "nodepool",
            "href" : "https://api.ionos.com/cloudapi/v5/k8s/7f15fe31-f8b9-4ebf-a092-91abc67cda4d/nodepools/244c2ffe-aa77-4bdd-98d8-db0cea41ee91",
            "metadata" : {
              "etag" : "612003131b8b4e89df138cec47330c64",
              "createdDate" : "2021-05-24T13:47:07Z",
              "createdBy" : "username",
              "createdByUserId" : "99156d9e-eb3f-4024-a3a4-283be74699c0",
              "lastModifiedDate" : "2021-05-24T13:47:07Z",
              "lastModifiedBy" : "username",
              "lastModifiedByUserId" : "99156d9e-eb3f-4024-a3a4-283be74699c0",
              "state" : "ACTIVE"
            },
            "properties" : {
              "name" : "puppet_module_test6fqfwdqwdqwdqwdwq5eh4d0ebc5ed",
              "datacenterId" : "ba825e75-3bea-4cf5-af27-e537219a4226",
              "nodeCount" : 1,
              "cpuFamily" : "INTEL_XEON",
              "coresCount" : 1,
              "ramSize" : 2048,
              "availabilityZone" : "AUTO",
              "storageType" : "SSD",
              "storageSize" : 10,
              "k8sVersion" : "1.18.5",
              "maintenanceWindow" : {
                "dayOfTheWeek" : "Sunday",
                "time" : "14:52:00Z"
              },
              "autoScaling" : {
                "minNodeCount" : 1,
                "maxNodeCount" : 2
              },
              "lans" : [ ],
              "labels" : { },
              "annotations" : { },
              "availableUpgradeVersions" : [ "1.18.9", "1.18.12", "1.18.18" ],
              "publicIps" : null
            }
          } ]
        }
  recorded_at: Mon, 24 May 2021 13:59:43 GMT
- request:
    method: get
    uri: https://api.ionos.com/cloudapi/v5/k8s/7f15fe31-f8b9-4ebf-a092-91abc67cda4d/nodepools/244c2ffe-aa77-4bdd-98d8-db0cea41ee91/nodes?depth=1
    body:
      encoding: US-ASCII
      string: ''
    headers:
      User-Agent:
      - OpenAPI-Generator/5.1.0/ruby
      Content-Type:
      - application/json
      Accept:
      - application/json
      Authorization: Basic dXNlcm5hbWU6cGFzc3dvcmQ=
      Expect:
      - ''
  response:
    status:
      code: 200
      message: OK
    headers:
      Date:
      - Mon, 24 May 2021 13:59:43 GMT
      Server:
      - Apache/2.4.38 (Debian)
      Content-Length:
      - '784'
      Content-Type:
      - application/json
      Access-Control-Allow-Origin:
      - "*"
      Access-Control-Allow-Headers:
      - "*"
      Access-Control-Expose-Headers:
      - "*"
      Access-Control-Allow-Methods:
      - "*"
      Access-Control-Allow-Credentials:
      - 'true'
    body:
      encoding: UTF-8
      string: '{"id":"244c2ffe-aa77-4bdd-98d8-db0cea41ee91/nodes","type":"collection","href":"https://api.ionos.com/cloudapi/v5/k8s/7f15fe31-f8b9-4ebf-a092-91abc67cda4d/nodepools/244c2ffe-aa77-4bdd-98d8-db0cea41ee91/nodes","items":[{"id":"3cbe06e2-7b7a-474b-8eb6-871f6867d44a","type":"node","href":"https://api.ionos.com/cloudapi/v5/k8s/7f15fe31-f8b9-4ebf-a092-91abc67cda4d/nodepools/244c2ffe-aa77-4bdd-98d8-db0cea41ee91/nodes/3cbe06e2-7b7a-474b-8eb6-871f6867d44a","metadata":{"etag":"d2e0f3a62076894fe621e9bef00c94ea","lastModifiedDate":"2021-05-24T13:47:55Z","state":"READY","createdDate":"2021-05-24T13:47:55Z","lastSoftwareUpdatedDate":"2021-05-24T13:47:52Z"},"properties":{"name":"puppet-module-test6fqfwdqwdqwdqwdwq5eh4d0ebc5ed-2tfgdaiwfc","k8sVersion":"1.18.5","publicIP":"162.254.26.135"}}]}'
  recorded_at: Mon, 24 May 2021 13:59:43 GMT
- request:
    method: get
    uri: https://api.ionos.com/cloudapi/v5/datacenters/ba825e75-3bea-4cf5-af27-e537219a4226
    body:
      encoding: US-ASCII
      string: ''
    headers:
      User-Agent:
      - OpenAPI-Generator/5.1.0/ruby
      Content-Type:
      - application/json
      Accept:
      - application/json
      Authorization: Basic dXNlcm5hbWU6cGFzc3dvcmQ=
      Expect:
      - ''
  response:
    status:
      code: 200
      message: OK
    headers:
      Date:
      - Mon, 24 May 2021 13:59:43 GMT
      Server:
      - Apache/2.4.38 (Debian)
      Content-Length:
      - '1749'
      Content-Type:
      - application/json
      Etag:
      - 8dd8efd839841ff8dcd0b5f9f9704bc4
      X-Frame-Options:
      - SAMEORIGIN
      X-Ratelimit-Burst:
      - '900'
      X-Ratelimit-Limit:
      - '1150'
      X-Ratelimit-Remaining:
      - '899'
      Access-Control-Allow-Origin:
      - "*"
      Access-Control-Allow-Headers:
      - "*"
      Access-Control-Expose-Headers:
      - "*"
      Access-Control-Allow-Methods:
      - "*"
      Access-Control-Allow-Credentials:
      - 'true'
    body:
      encoding: ASCII-8BIT
      string: |
        {
          "id" : "ba825e75-3bea-4cf5-af27-e537219a4226",
          "type" : "datacenter",
          "href" : "https://api.ionos.com/cloudapi/v5/datacenters/ba825e75-3bea-4cf5-af27-e537219a4226",
          "metadata" : {
            "etag" : "8dd8efd839841ff8dcd0b5f9f9704bc4",
            "createdDate" : "2021-05-24T13:46:58Z",
            "createdBy" : "username",
            "createdByUserId" : "99156d9e-eb3f-4024-a3a4-283be74699c0",
            "lastModifiedDate" : "2021-05-24T13:47:55Z",
            "lastModifiedBy" : "[UNKNOWN]",
            "lastModifiedByUserId" : "[UNKNOWN]",
            "state" : "AVAILABLE"
          },
          "properties" : {
            "name" : "puppet_module_test23523f23f2g2g23g323f3h4d0ebc5ed",
            "description" : "Puppet Module test description",
            "location" : "us/las",
            "version" : 4,
            "features" : [ "SSD_STORAGE_ZONING", "SSD" ],
            "secAuthProtection" : false
          },
          "entities" : {
            "servers" : {
              "id" : "ba825e75-3bea-4cf5-af27-e537219a4226/servers",
              "type" : "collection",
              "href" : "https://api.ionos.com/cloudapi/v5/datacenters/ba825e75-3bea-4cf5-af27-e537219a4226/servers"
            },
            "volumes" : {
              "id" : "ba825e75-3bea-4cf5-af27-e537219a4226/volumes",
              "type" : "collection",
              "href" : "https://api.ionos.com/cloudapi/v5/datacenters/ba825e75-3bea-4cf5-af27-e537219a4226/volumes"
            },
            "loadbalancers" : {
              "id" : "ba825e75-3bea-4cf5-af27-e537219a4226/loadbalancers",
              "type" : "collection",
              "href" : "https://api.ionos.com/cloudapi/v5/datacenters/ba825e75-3bea-4cf5-af27-e537219a4226/loadbalancers"
            },
            "lans" : {
              "id" : "ba825e75-3bea-4cf5-af27-e537219a4226/lans",
              "type" : "collection",
              "href" : "https://api.ionos.com/cloudapi/v5/datacenters/ba825e75-3bea-4cf5-af27-e537219a4226/lans"
            }
          }
        }
  recorded_at: Mon, 24 May 2021 13:59:43 GMT
- request:
    method: get
    uri: https://api.ionos.com/cloudapi/v5/k8s/b69a49c7-ba45-4ebb-833d-26ca7b3864ea/nodepools?depth=1
    body:
      encoding: US-ASCII
      string: ''
    headers:
      User-Agent:
      - OpenAPI-Generator/5.1.0/ruby
      Content-Type:
      - application/json
      Accept:
      - application/json
      Authorization: Basic dXNlcm5hbWU6cGFzc3dvcmQ=
      Expect:
      - ''
  response:
    status:
      code: 200
      message: OK
    headers:
      Date:
      - Mon, 24 May 2021 13:59:44 GMT
      Server:
      - Apache/2.4.38 (Debian)
      Content-Length:
      - '203'
      Content-Type:
      - application/json
      X-Frame-Options:
      - SAMEORIGIN
      X-Ratelimit-Burst:
      - '900'
      X-Ratelimit-Limit:
      - '1150'
      X-Ratelimit-Remaining:
      - '899'
      Access-Control-Allow-Origin:
      - "*"
      Access-Control-Allow-Headers:
      - "*"
      Access-Control-Expose-Headers:
      - "*"
      Access-Control-Allow-Methods:
      - "*"
      Access-Control-Allow-Credentials:
      - 'true'
    body:
      encoding: UTF-8
      string: |
        {
          "id" : "b69a49c7-ba45-4ebb-833d-26ca7b3864ea/nodepools",
          "type" : "collection",
          "href" : "https://api.ionos.com/cloudapi/v5/k8s/b69a49c7-ba45-4ebb-833d-26ca7b3864ea/nodepools",
          "items" : [ ]
        }
  recorded_at: Mon, 24 May 2021 13:59:44 GMT
- request:
    method: get
    uri: https://api.ionos.com/cloudapi/v5/k8s/c5d3b438-0ad7-45a3-a105-c9bc8eebaa57/nodepools?depth=1
    body:
      encoding: US-ASCII
      string: ''
    headers:
      User-Agent:
      - OpenAPI-Generator/5.1.0/ruby
      Content-Type:
      - application/json
      Accept:
      - application/json
      Authorization: Basic dXNlcm5hbWU6cGFzc3dvcmQ=
      Expect:
      - ''
  response:
    status:
      code: 200
      message: OK
    headers:
      Date:
      - Mon, 24 May 2021 13:59:44 GMT
      Server:
      - Apache/2.4.38 (Debian)
      Content-Length:
      - '203'
      Content-Type:
      - application/json
      X-Frame-Options:
      - SAMEORIGIN
      X-Ratelimit-Burst:
      - '900'
      X-Ratelimit-Limit:
      - '1150'
      X-Ratelimit-Remaining:
      - '899'
      Access-Control-Allow-Origin:
      - "*"
      Access-Control-Allow-Headers:
      - "*"
      Access-Control-Expose-Headers:
      - "*"
      Access-Control-Allow-Methods:
      - "*"
      Access-Control-Allow-Credentials:
      - 'true'
    body:
      encoding: UTF-8
      string: |
        {
          "id" : "c5d3b438-0ad7-45a3-a105-c9bc8eebaa57/nodepools",
          "type" : "collection",
          "href" : "https://api.ionos.com/cloudapi/v5/k8s/c5d3b438-0ad7-45a3-a105-c9bc8eebaa57/nodepools",
          "items" : [ ]
        }
  recorded_at: Mon, 24 May 2021 13:59:44 GMT
- request:
    method: get
    uri: https://api.ionos.com/cloudapi/v5/k8s/8de02f04-7e07-4150-a81b-136be2be7b24/nodepools?depth=1
    body:
      encoding: US-ASCII
      string: ''
    headers:
      User-Agent:
      - OpenAPI-Generator/5.1.0/ruby
      Content-Type:
      - application/json
      Accept:
      - application/json
      Authorization: Basic dXNlcm5hbWU6cGFzc3dvcmQ=
      Expect:
      - ''
  response:
    status:
      code: 200
      message: OK
    headers:
      Date:
      - Mon, 24 May 2021 13:59:45 GMT
      Server:
      - Apache/2.4.38 (Debian)
      Content-Length:
      - '1623'
      Content-Type:
      - application/json
      X-Frame-Options:
      - SAMEORIGIN
      X-Ratelimit-Burst:
      - '900'
      X-Ratelimit-Limit:
      - '1150'
      X-Ratelimit-Remaining:
      - '899'
      Access-Control-Allow-Origin:
      - "*"
      Access-Control-Allow-Headers:
      - "*"
      Access-Control-Expose-Headers:
      - "*"
      Access-Control-Allow-Methods:
      - "*"
      Access-Control-Allow-Credentials:
      - 'true'
    body:
      encoding: UTF-8
      string: |
        {
          "id" : "8de02f04-7e07-4150-a81b-136be2be7b24/nodepools",
          "type" : "collection",
          "href" : "https://api.ionos.com/cloudapi/v5/k8s/8de02f04-7e07-4150-a81b-136be2be7b24/nodepools",
          "items" : [ {
            "id" : "99bd9244-6d46-4cf8-8239-e103820deb73",
            "type" : "nodepool",
            "href" : "https://api.ionos.com/cloudapi/v5/k8s/8de02f04-7e07-4150-a81b-136be2be7b24/nodepools/99bd9244-6d46-4cf8-8239-e103820deb73",
            "metadata" : {
              "etag" : "abae6b6ad28e31a1bd44244eefcc89b1",
              "createdDate" : "2021-05-24T12:48:58Z",
              "createdBy" : "username",
              "createdByUserId" : "99156d9e-eb3f-4024-a3a4-283be74699c0",
              "lastModifiedDate" : "2021-05-24T13:59:41Z",
              "lastModifiedBy" : "username",
              "lastModifiedByUserId" : "99156d9e-eb3f-4024-a3a4-283be74699c0",
              "state" : "UPDATING"
            },
            "properties" : {
              "name" : "puppet_module_test6fqfwdqwdqwdqwdwq5eh4d0ebc5ed",
              "datacenterId" : "be9e5eec-c005-4c9a-baca-d6e9987fc8b8",
              "nodeCount" : 2,
              "cpuFamily" : "INTEL_XEON",
              "coresCount" : 1,
              "ramSize" : 2048,
              "availabilityZone" : "AUTO",
              "storageType" : "SSD",
              "storageSize" : 10,
              "k8sVersion" : "1.18.9",
              "maintenanceWindow" : {
                "dayOfTheWeek" : "Sunday",
                "time" : "14:55:00Z"
              },
              "autoScaling" : {
                "minNodeCount" : 1,
                "maxNodeCount" : 2
              },
              "lans" : [ {
                "id" : 1
              } ],
              "labels" : { },
              "annotations" : { },
              "availableUpgradeVersions" : [ "1.18.12", "1.18.18" ],
              "publicIps" : null
            }
          } ]
        }
  recorded_at: Mon, 24 May 2021 13:59:45 GMT
- request:
    method: get
    uri: https://api.ionos.com/cloudapi/v5/k8s/8de02f04-7e07-4150-a81b-136be2be7b24/nodepools/99bd9244-6d46-4cf8-8239-e103820deb73/nodes?depth=1
    body:
      encoding: US-ASCII
      string: ''
    headers:
      User-Agent:
      - OpenAPI-Generator/5.1.0/ruby
      Content-Type:
      - application/json
      Accept:
      - application/json
      Authorization: Basic dXNlcm5hbWU6cGFzc3dvcmQ=
      Expect:
      - ''
  response:
    status:
      code: 200
      message: OK
    headers:
      Date:
      - Mon, 24 May 2021 13:59:45 GMT
      Server:
      - Apache/2.4.38 (Debian)
      Content-Length:
      - '1351'
      Content-Type:
      - application/json
      Access-Control-Allow-Origin:
      - "*"
      Access-Control-Allow-Headers:
      - "*"
      Access-Control-Expose-Headers:
      - "*"
      Access-Control-Allow-Methods:
      - "*"
      Access-Control-Allow-Credentials:
      - 'true'
    body:
      encoding: UTF-8
      string: '{"id":"99bd9244-6d46-4cf8-8239-e103820deb73/nodes","type":"collection","href":"https://api.ionos.com/cloudapi/v5/k8s/8de02f04-7e07-4150-a81b-136be2be7b24/nodepools/99bd9244-6d46-4cf8-8239-e103820deb73/nodes","items":[{"id":"8b4da514-5f2c-46b7-8c0e-038b7e699279","type":"node","href":"https://api.ionos.com/cloudapi/v5/k8s/8de02f04-7e07-4150-a81b-136be2be7b24/nodepools/99bd9244-6d46-4cf8-8239-e103820deb73/nodes/8b4da514-5f2c-46b7-8c0e-038b7e699279","metadata":{"etag":"156c2e8124c6abf197563ecd616aac9c","lastModifiedDate":"2021-05-24T13:27:44Z","state":"READY","createdDate":"2021-05-24T13:27:44Z","lastSoftwareUpdatedDate":"2021-05-24T13:27:40Z"},"properties":{"name":"puppet-module-test6fqfwdqwdqwdqwdwq5eh4d0ebc5ed-2rvkvehbo7","k8sVersion":"1.18.9","publicIP":"162.254.25.252"}},{"id":"266f3c8f-3dad-4ce5-8d28-0627f27b1706","type":"node","href":"https://api.ionos.com/cloudapi/v5/k8s/8de02f04-7e07-4150-a81b-136be2be7b24/nodepools/99bd9244-6d46-4cf8-8239-e103820deb73/nodes/266f3c8f-3dad-4ce5-8d28-0627f27b1706","metadata":{"etag":"b1d346890bf5f045ed6bab120cd34418","lastModifiedDate":"2021-05-24T13:42:01Z","state":"READY","createdDate":"2021-05-24T13:42:01Z","lastSoftwareUpdatedDate":"2021-05-24T13:27:40Z"},"properties":{"name":"puppet-module-test6fqfwdqwdqwdqwdwq5eh4d0ebc5ed-lvyqjp7ajj","k8sVersion":"1.18.9","publicIP":"158.222.102.251"}}]}'
  recorded_at: Mon, 24 May 2021 13:59:45 GMT
- request:
    method: get
    uri: https://api.ionos.com/cloudapi/v5/datacenters/be9e5eec-c005-4c9a-baca-d6e9987fc8b8
    body:
      encoding: US-ASCII
      string: ''
    headers:
      User-Agent:
      - OpenAPI-Generator/5.1.0/ruby
      Content-Type:
      - application/json
      Accept:
      - application/json
      Authorization: Basic dXNlcm5hbWU6cGFzc3dvcmQ=
      Expect:
      - ''
  response:
    status:
      code: 200
      message: OK
    headers:
      Date:
      - Mon, 24 May 2021 13:59:45 GMT
      Server:
      - Apache/2.4.38 (Debian)
      Content-Length:
      - '1749'
      Content-Type:
      - application/json
      Etag:
      - 9c640f3d65d2aa82f9ed80f6ca8d17be
      X-Frame-Options:
      - SAMEORIGIN
      X-Ratelimit-Burst:
      - '900'
      X-Ratelimit-Limit:
      - '1150'
      X-Ratelimit-Remaining:
      - '899'
      Access-Control-Allow-Origin:
      - "*"
      Access-Control-Allow-Headers:
      - "*"
      Access-Control-Expose-Headers:
      - "*"
      Access-Control-Allow-Methods:
      - "*"
      Access-Control-Allow-Credentials:
      - 'true'
    body:
      encoding: ASCII-8BIT
      string: |
        {
          "id" : "be9e5eec-c005-4c9a-baca-d6e9987fc8b8",
          "type" : "datacenter",
          "href" : "https://api.ionos.com/cloudapi/v5/datacenters/be9e5eec-c005-4c9a-baca-d6e9987fc8b8",
          "metadata" : {
            "etag" : "9c640f3d65d2aa82f9ed80f6ca8d17be",
            "createdDate" : "2021-05-24T12:48:49Z",
            "createdBy" : "username",
            "createdByUserId" : "99156d9e-eb3f-4024-a3a4-283be74699c0",
            "lastModifiedDate" : "2021-05-24T13:53:48Z",
            "lastModifiedBy" : "[UNKNOWN]",
            "lastModifiedByUserId" : "[UNKNOWN]",
            "state" : "AVAILABLE"
          },
          "properties" : {
            "name" : "puppet_module_test64s56bedyeye5u5ygh5eh4d0ebc5ed",
            "description" : "Puppet Module test description",
            "location" : "us/las",
            "version" : 14,
            "features" : [ "SSD_STORAGE_ZONING", "SSD" ],
            "secAuthProtection" : false
          },
          "entities" : {
            "servers" : {
              "id" : "be9e5eec-c005-4c9a-baca-d6e9987fc8b8/servers",
              "type" : "collection",
              "href" : "https://api.ionos.com/cloudapi/v5/datacenters/be9e5eec-c005-4c9a-baca-d6e9987fc8b8/servers"
            },
            "volumes" : {
              "id" : "be9e5eec-c005-4c9a-baca-d6e9987fc8b8/volumes",
              "type" : "collection",
              "href" : "https://api.ionos.com/cloudapi/v5/datacenters/be9e5eec-c005-4c9a-baca-d6e9987fc8b8/volumes"
            },
            "loadbalancers" : {
              "id" : "be9e5eec-c005-4c9a-baca-d6e9987fc8b8/loadbalancers",
              "type" : "collection",
              "href" : "https://api.ionos.com/cloudapi/v5/datacenters/be9e5eec-c005-4c9a-baca-d6e9987fc8b8/loadbalancers"
            },
            "lans" : {
              "id" : "be9e5eec-c005-4c9a-baca-d6e9987fc8b8/lans",
              "type" : "collection",
              "href" : "https://api.ionos.com/cloudapi/v5/datacenters/be9e5eec-c005-4c9a-baca-d6e9987fc8b8/lans"
            }
          }
        }
  recorded_at: Mon, 24 May 2021 13:59:45 GMT
- request:
    method: get
    uri: https://api.ionos.com/cloudapi/v5/k8s/383a718a-a737-452b-a82d-397f8e46030b/nodepools?depth=1
    body:
      encoding: US-ASCII
      string: ''
    headers:
      User-Agent:
      - OpenAPI-Generator/5.1.0/ruby
      Content-Type:
      - application/json
      Accept:
      - application/json
      Authorization: Basic dXNlcm5hbWU6cGFzc3dvcmQ=
      Expect:
      - ''
  response:
    status:
      code: 200
      message: OK
    headers:
      Date:
      - Mon, 24 May 2021 13:59:45 GMT
      Server:
      - Apache/2.4.38 (Debian)
      Content-Length:
      - '203'
      Content-Type:
      - application/json
      X-Frame-Options:
      - SAMEORIGIN
      X-Ratelimit-Burst:
      - '900'
      X-Ratelimit-Limit:
      - '1150'
      X-Ratelimit-Remaining:
      - '899'
      Access-Control-Allow-Origin:
      - "*"
      Access-Control-Allow-Headers:
      - "*"
      Access-Control-Expose-Headers:
      - "*"
      Access-Control-Allow-Methods:
      - "*"
      Access-Control-Allow-Credentials:
      - 'true'
    body:
      encoding: UTF-8
      string: |
        {
          "id" : "383a718a-a737-452b-a82d-397f8e46030b/nodepools",
          "type" : "collection",
          "href" : "https://api.ionos.com/cloudapi/v5/k8s/383a718a-a737-452b-a82d-397f8e46030b/nodepools",
          "items" : [ ]
        }
  recorded_at: Mon, 24 May 2021 13:59:46 GMT
recorded_with: VCR 6.0.0
