---
http_interactions:
- request:
    method: get
    uri: https://api.ionos.com/cloudapi/v5/datacenters?depth=1
    body:
      encoding: US-ASCII
      string: ''
    headers:
      User-Agent:
      - ionos-cloud-sdk-ruby/v5
      Content-Type:
      - application/json
      Accept:
      - application/json
      Authorization: Basic dXNlcm5hbWU6cGFzc3dvcmQ=
      Expect:
      - ''
  response:
    status:
      code: 200
      message: OK
    headers:
      Date:
      - Fri, 09 Apr 2021 13:18:48 GMT
      Server:
      - Apache/2.4.38 (Debian)
      Content-Length:
      - '1931'
      Content-Type:
      - application/json
      X-Frame-Options:
      - SAMEORIGIN
      X-Ratelimit-Burst:
      - '900'
      X-Ratelimit-Limit:
      - '1150'
      X-Ratelimit-Remaining:
      - '899'
      Access-Control-Allow-Origin:
      - "*"
      Access-Control-Allow-Headers:
      - "*"
      Access-Control-Expose-Headers:
      - "*"
      Access-Control-Allow-Methods:
      - "*"
      Access-Control-Allow-Credentials:
      - 'true'
    body:
      encoding: UTF-8
      string: |
        {
          "id" : "datacenters",
          "type" : "collection",
          "href" : "https://api.ionos.com/cloudapi/v5/datacenters",
          "items" : [ {
            "id" : "38486675-0110-478e-9079-e515242cd35b",
            "type" : "datacenter",
            "href" : "https://api.ionos.com/cloudapi/v5/datacenters/38486675-0110-478e-9079-e515242cd35b",
            "metadata" : {
              "etag" : "507c0f512e4f13c4f5925131f25631eb",
              "createdDate" : "2021-04-08T13:38:27Z",
              "createdBy" : "username",
              "createdByUserId" : "99156d9e-eb3f-4024-a3a4-283be74699c0",
              "lastModifiedDate" : "2021-04-09T13:14:13Z",
              "lastModifiedBy" : "username",
              "lastModifiedByUserId" : "99156d9e-eb3f-4024-a3a4-283be74699c0",
              "state" : "AVAILABLE"
            },
            "properties" : {
              "name" : "Puppet Module Test",
              "description" : null,
              "location" : "us/las",
              "version" : 60,
              "features" : [ "SSD" ],
              "secAuthProtection" : false
            },
            "entities" : {
              "servers" : {
                "id" : "38486675-0110-478e-9079-e515242cd35b/servers",
                "type" : "collection",
                "href" : "https://api.ionos.com/cloudapi/v5/datacenters/38486675-0110-478e-9079-e515242cd35b/servers"
              },
              "volumes" : {
                "id" : "38486675-0110-478e-9079-e515242cd35b/volumes",
                "type" : "collection",
                "href" : "https://api.ionos.com/cloudapi/v5/datacenters/38486675-0110-478e-9079-e515242cd35b/volumes"
              },
              "loadbalancers" : {
                "id" : "38486675-0110-478e-9079-e515242cd35b/loadbalancers",
                "type" : "collection",
                "href" : "https://api.ionos.com/cloudapi/v5/datacenters/38486675-0110-478e-9079-e515242cd35b/loadbalancers"
              },
              "lans" : {
                "id" : "38486675-0110-478e-9079-e515242cd35b/lans",
                "type" : "collection",
                "href" : "https://api.ionos.com/cloudapi/v5/datacenters/38486675-0110-478e-9079-e515242cd35b/lans"
              }
            }
          } ]
        }
  recorded_at: Fri, 09 Apr 2021 13:18:48 GMT
- request:
    method: get
    uri: https://api.ionos.com/cloudapi/v5/datacenters/38486675-0110-478e-9079-e515242cd35b/servers?depth=1
    body:
      encoding: US-ASCII
      string: ''
    headers:
      User-Agent:
      - ionos-cloud-sdk-ruby/v5
      Content-Type:
      - application/json
      Accept:
      - application/json
      Authorization: Basic dXNlcm5hbWU6cGFzc3dvcmQ=
      Expect:
      - ''
  response:
    status:
      code: 200
      message: OK
    headers:
      Date:
      - Fri, 09 Apr 2021 13:18:48 GMT
      Server:
      - Apache/2.4.38 (Debian)
      Content-Length:
      - '1978'
      Content-Type:
      - application/json
      X-Frame-Options:
      - SAMEORIGIN
      X-Ratelimit-Burst:
      - '900'
      X-Ratelimit-Limit:
      - '1150'
      X-Ratelimit-Remaining:
      - '899'
      Access-Control-Allow-Origin:
      - "*"
      Access-Control-Allow-Headers:
      - "*"
      Access-Control-Expose-Headers:
      - "*"
      Access-Control-Allow-Methods:
      - "*"
      Access-Control-Allow-Credentials:
      - 'true'
    body:
      encoding: UTF-8
      string: |
        {
          "id" : "38486675-0110-478e-9079-e515242cd35b/servers",
          "type" : "collection",
          "href" : "https://api.ionos.com/cloudapi/v5/datacenters/38486675-0110-478e-9079-e515242cd35b/servers",
          "items" : [ {
            "id" : "cf03c457-8245-4f3a-b658-453378db683a",
            "type" : "server",
            "href" : "https://api.ionos.com/cloudapi/v5/datacenters/38486675-0110-478e-9079-e515242cd35b/servers/cf03c457-8245-4f3a-b658-453378db683a",
            "metadata" : {
              "etag" : "507c0f512e4f13c4f5925131f25631eb",
              "createdDate" : "2021-04-08T13:49:02Z",
              "createdBy" : "username",
              "createdByUserId" : "99156d9e-eb3f-4024-a3a4-283be74699c0",
              "lastModifiedDate" : "2021-04-09T13:14:13Z",
              "lastModifiedBy" : "username",
              "lastModifiedByUserId" : "99156d9e-eb3f-4024-a3a4-283be74699c0",
              "state" : "AVAILABLE"
            },
            "properties" : {
              "name" : "Puppet Module Test",
              "cores" : 1,
              "ram" : 1024,
              "availabilityZone" : "AUTO",
              "vmState" : "RUNNING",
              "bootCdrom" : null,
              "bootVolume" : null,
              "cpuFamily" : "AMD_OPTERON"
            },
            "entities" : {
              "cdroms" : {
                "id" : "cf03c457-8245-4f3a-b658-453378db683a/cdroms",
                "type" : "collection",
                "href" : "https://api.ionos.com/cloudapi/v5/datacenters/38486675-0110-478e-9079-e515242cd35b/servers/cf03c457-8245-4f3a-b658-453378db683a/cdroms"
              },
              "volumes" : {
                "id" : "cf03c457-8245-4f3a-b658-453378db683a/volumes",
                "type" : "collection",
                "href" : "https://api.ionos.com/cloudapi/v5/datacenters/38486675-0110-478e-9079-e515242cd35b/servers/cf03c457-8245-4f3a-b658-453378db683a/volumes"
              },
              "nics" : {
                "id" : "cf03c457-8245-4f3a-b658-453378db683a/nics",
                "type" : "collection",
                "href" : "https://api.ionos.com/cloudapi/v5/datacenters/38486675-0110-478e-9079-e515242cd35b/servers/cf03c457-8245-4f3a-b658-453378db683a/nics"
              }
            }
          } ]
        }
  recorded_at: Fri, 09 Apr 2021 13:18:48 GMT
- request:
    method: get
    uri: https://api.ionos.com/cloudapi/v5/datacenters/38486675-0110-478e-9079-e515242cd35b/lans?depth=1
    body:
      encoding: US-ASCII
      string: ''
    headers:
      User-Agent:
      - ionos-cloud-sdk-ruby/v5
      Content-Type:
      - application/json
      Accept:
      - application/json
      Authorization: Basic dXNlcm5hbWU6cGFzc3dvcmQ=
      Expect:
      - ''
  response:
    status:
      code: 200
      message: OK
    headers:
      Date:
      - Fri, 09 Apr 2021 13:18:49 GMT
      Server:
      - Apache/2.4.38 (Debian)
      Content-Length:
      - '1149'
      Content-Type:
      - application/json
      X-Frame-Options:
      - SAMEORIGIN
      X-Ratelimit-Burst:
      - '900'
      X-Ratelimit-Limit:
      - '1150'
      X-Ratelimit-Remaining:
      - '899'
      Access-Control-Allow-Origin:
      - "*"
      Access-Control-Allow-Headers:
      - "*"
      Access-Control-Expose-Headers:
      - "*"
      Access-Control-Allow-Methods:
      - "*"
      Access-Control-Allow-Credentials:
      - 'true'
    body:
      encoding: UTF-8
      string: |
        {
          "id" : "38486675-0110-478e-9079-e515242cd35b/lans",
          "type" : "collection",
          "href" : "https://api.ionos.com/cloudapi/v5/datacenters/38486675-0110-478e-9079-e515242cd35b/lans",
          "items" : [ {
            "id" : "1",
            "type" : "lan",
            "href" : "https://api.ionos.com/cloudapi/v5/datacenters/38486675-0110-478e-9079-e515242cd35b/lans/1",
            "metadata" : {
              "etag" : "ea44a775318a51e088d61d5d8d10b32a",
              "createdDate" : "2021-04-08T14:59:09Z",
              "createdBy" : "username",
              "createdByUserId" : "99156d9e-eb3f-4024-a3a4-283be74699c0",
              "lastModifiedDate" : "2021-04-08T14:59:09Z",
              "lastModifiedBy" : "username",
              "lastModifiedByUserId" : "99156d9e-eb3f-4024-a3a4-283be74699c0",
              "state" : "AVAILABLE"
            },
            "properties" : {
              "name" : "Puppet Module Test",
              "ipFailover" : [ ],
              "pcc" : null,
              "public" : false
            },
            "entities" : {
              "nics" : {
                "id" : "1/nics",
                "type" : "collection",
                "href" : "https://api.ionos.com/cloudapi/v5/datacenters/38486675-0110-478e-9079-e515242cd35b/lans/1/nics"
              }
            }
          } ]
        }
  recorded_at: Fri, 09 Apr 2021 13:18:49 GMT
- request:
    method: post
    uri: https://api.ionos.com/cloudapi/v5/datacenters/38486675-0110-478e-9079-e515242cd35b/servers/cf03c457-8245-4f3a-b658-453378db683a/nics
    body:
      encoding: UTF-8
      string: '{"properties":{"name":"Puppet Module Test","dhcp":"true","lan":"1","firewallActive":"true","nat":"false"},"entities":{"firewallrules":{"items":[]}}}'
    headers:
      User-Agent:
      - ionos-cloud-sdk-ruby/v5
      Content-Type:
      - application/json
      Accept:
      - application/json
      Authorization: Basic dXNlcm5hbWU6cGFzc3dvcmQ=
      Expect:
      - ''
  response:
    status:
      code: 202
      message: Accepted
    headers:
      Date:
      - Fri, 09 Apr 2021 13:18:49 GMT
      Server:
      - Apache/2.4.38 (Debian)
      Content-Length:
      - '1199'
      Content-Type:
      - application/json
      Etag:
      - 03bcefd73f9091b2984dd766cc92c219
      Location:
      - https://api.ionos.com/cloudapi/v5/requests/81344a8d-e8d0-4aae-9ddf-da57f4a6193d/status
      X-Frame-Options:
      - SAMEORIGIN
      X-Ratelimit-Burst:
      - '50'
      X-Ratelimit-Limit:
      - '120'
      X-Ratelimit-Remaining:
      - '49'
      Access-Control-Allow-Origin:
      - "*"
      Access-Control-Allow-Headers:
      - "*"
      Access-Control-Expose-Headers:
      - "*"
      Access-Control-Allow-Methods:
      - "*"
      Access-Control-Allow-Credentials:
      - 'true'
    body:
      encoding: UTF-8
      string: |
        {
          "id" : "6c2a2727-32a9-4606-ac88-363f05fbd756",
          "type" : "nic",
          "href" : "https://api.ionos.com/cloudapi/v5/datacenters/38486675-0110-478e-9079-e515242cd35b/servers/cf03c457-8245-4f3a-b658-453378db683a/nics/6c2a2727-32a9-4606-ac88-363f05fbd756",
          "metadata" : {
            "etag" : "03bcefd73f9091b2984dd766cc92c219",
            "createdDate" : "2021-04-09T13:18:49Z",
            "createdBy" : "username",
            "createdByUserId" : "99156d9e-eb3f-4024-a3a4-283be74699c0",
            "lastModifiedDate" : "2021-04-09T13:18:49Z",
            "lastModifiedBy" : "username",
            "lastModifiedByUserId" : "99156d9e-eb3f-4024-a3a4-283be74699c0",
            "state" : "BUSY"
          },
          "properties" : {
            "name" : "Puppet Module Test",
            "mac" : null,
            "ips" : [ ],
            "dhcp" : true,
            "lan" : 1,
            "firewallActive" : true,
            "nat" : false
          },
          "entities" : {
            "firewallrules" : {
              "id" : "6c2a2727-32a9-4606-ac88-363f05fbd756/firewallrules",
              "type" : "collection",
              "href" : "https://api.ionos.com/cloudapi/v5/datacenters/38486675-0110-478e-9079-e515242cd35b/servers/cf03c457-8245-4f3a-b658-453378db683a/nics/6c2a2727-32a9-4606-ac88-363f05fbd756/firewallrules"
            }
          }
        }
  recorded_at: Fri, 09 Apr 2021 13:18:49 GMT
- request:
    method: get
    uri: https://api.ionos.com/cloudapi/v5/requests/81344a8d-e8d0-4aae-9ddf-da57f4a6193d/status
    body:
      encoding: US-ASCII
      string: ''
    headers:
      User-Agent:
      - ionos-cloud-sdk-ruby/v5
      Content-Type:
      - application/json
      Accept:
      - application/json
      Authorization: Basic dXNlcm5hbWU6cGFzc3dvcmQ=
      Expect:
      - ''
  response:
    status:
      code: 200
      message: OK
    headers:
      Date:
      - Fri, 09 Apr 2021 13:18:49 GMT
      Server:
      - Apache/2.4.38 (Debian)
      Content-Length:
      - '678'
      Content-Type:
      - application/json
      Etag:
      - 9df29ce7ca629ff1d47bca1149d9faae
      X-Frame-Options:
      - SAMEORIGIN
      X-Ratelimit-Burst:
      - '900'
      X-Ratelimit-Limit:
      - '1150'
      X-Ratelimit-Remaining:
      - '899'
      Access-Control-Allow-Origin:
      - "*"
      Access-Control-Allow-Headers:
      - "*"
      Access-Control-Expose-Headers:
      - "*"
      Access-Control-Allow-Methods:
      - "*"
      Access-Control-Allow-Credentials:
      - 'true'
    body:
      encoding: UTF-8
      string: |
        {
          "id" : "81344a8d-e8d0-4aae-9ddf-da57f4a6193d/status",
          "type" : "request-status",
          "href" : "https://api.ionos.com/cloudapi/v5/requests/81344a8d-e8d0-4aae-9ddf-da57f4a6193d/status",
          "metadata" : {
            "status" : "QUEUED",
            "message" : "Request has been queued",
            "etag" : "9df29ce7ca629ff1d47bca1149d9faae",
            "targets" : [ {
              "target" : {
                "id" : "6c2a2727-32a9-4606-ac88-363f05fbd756",
                "type" : "nic",
                "href" : "https://api.ionos.com/cloudapi/v5/datacenters/38486675-0110-478e-9079-e515242cd35b/servers/cf03c457-8245-4f3a-b658-453378db683a/nics/6c2a2727-32a9-4606-ac88-363f05fbd756"
              },
              "status" : "QUEUED"
            } ]
          }
        }
  recorded_at: Fri, 09 Apr 2021 13:18:49 GMT
- request:
    method: get
    uri: https://api.ionos.com/cloudapi/v5/requests/81344a8d-e8d0-4aae-9ddf-da57f4a6193d/status
    body:
      encoding: US-ASCII
      string: ''
    headers:
      User-Agent:
      - ionos-cloud-sdk-ruby/v5
      Content-Type:
      - application/json
      Accept:
      - application/json
      Authorization: Basic dXNlcm5hbWU6cGFzc3dvcmQ=
      Expect:
      - ''
  response:
    status:
      code: 200
      message: OK
    headers:
      Date:
      - Fri, 09 Apr 2021 13:18:54 GMT
      Server:
      - Apache/2.4.38 (Debian)
      Content-Length:
      - '678'
      Content-Type:
      - application/json
      Etag:
      - 9df29ce7ca629ff1d47bca1149d9faae
      X-Frame-Options:
      - SAMEORIGIN
      X-Ratelimit-Burst:
      - '900'
      X-Ratelimit-Limit:
      - '1150'
      X-Ratelimit-Remaining:
      - '899'
      Access-Control-Allow-Origin:
      - "*"
      Access-Control-Allow-Headers:
      - "*"
      Access-Control-Expose-Headers:
      - "*"
      Access-Control-Allow-Methods:
      - "*"
      Access-Control-Allow-Credentials:
      - 'true'
    body:
      encoding: UTF-8
      string: |
        {
          "id" : "81344a8d-e8d0-4aae-9ddf-da57f4a6193d/status",
          "type" : "request-status",
          "href" : "https://api.ionos.com/cloudapi/v5/requests/81344a8d-e8d0-4aae-9ddf-da57f4a6193d/status",
          "metadata" : {
            "status" : "QUEUED",
            "message" : "Request has been queued",
            "etag" : "9df29ce7ca629ff1d47bca1149d9faae",
            "targets" : [ {
              "target" : {
                "id" : "6c2a2727-32a9-4606-ac88-363f05fbd756",
                "type" : "nic",
                "href" : "https://api.ionos.com/cloudapi/v5/datacenters/38486675-0110-478e-9079-e515242cd35b/servers/cf03c457-8245-4f3a-b658-453378db683a/nics/6c2a2727-32a9-4606-ac88-363f05fbd756"
              },
              "status" : "QUEUED"
            } ]
          }
        }
  recorded_at: Fri, 09 Apr 2021 13:18:54 GMT
- request:
    method: get
    uri: https://api.ionos.com/cloudapi/v5/requests/81344a8d-e8d0-4aae-9ddf-da57f4a6193d/status
    body:
      encoding: US-ASCII
      string: ''
    headers:
      User-Agent:
      - ionos-cloud-sdk-ruby/v5
      Content-Type:
      - application/json
      Accept:
      - application/json
      Authorization: Basic dXNlcm5hbWU6cGFzc3dvcmQ=
      Expect:
      - ''
  response:
    status:
      code: 200
      message: OK
    headers:
      Date:
      - Fri, 09 Apr 2021 13:19:00 GMT
      Server:
      - Apache/2.4.38 (Debian)
      Content-Length:
      - '678'
      Content-Type:
      - application/json
      Etag:
      - 9df29ce7ca629ff1d47bca1149d9faae
      X-Frame-Options:
      - SAMEORIGIN
      X-Ratelimit-Burst:
      - '900'
      X-Ratelimit-Limit:
      - '1150'
      X-Ratelimit-Remaining:
      - '899'
      Access-Control-Allow-Origin:
      - "*"
      Access-Control-Allow-Headers:
      - "*"
      Access-Control-Expose-Headers:
      - "*"
      Access-Control-Allow-Methods:
      - "*"
      Access-Control-Allow-Credentials:
      - 'true'
    body:
      encoding: UTF-8
      string: |
        {
          "id" : "81344a8d-e8d0-4aae-9ddf-da57f4a6193d/status",
          "type" : "request-status",
          "href" : "https://api.ionos.com/cloudapi/v5/requests/81344a8d-e8d0-4aae-9ddf-da57f4a6193d/status",
          "metadata" : {
            "status" : "QUEUED",
            "message" : "Request has been queued",
            "etag" : "9df29ce7ca629ff1d47bca1149d9faae",
            "targets" : [ {
              "target" : {
                "id" : "6c2a2727-32a9-4606-ac88-363f05fbd756",
                "type" : "nic",
                "href" : "https://api.ionos.com/cloudapi/v5/datacenters/38486675-0110-478e-9079-e515242cd35b/servers/cf03c457-8245-4f3a-b658-453378db683a/nics/6c2a2727-32a9-4606-ac88-363f05fbd756"
              },
              "status" : "QUEUED"
            } ]
          }
        }
  recorded_at: Fri, 09 Apr 2021 13:19:00 GMT
- request:
    method: get
    uri: https://api.ionos.com/cloudapi/v5/requests/81344a8d-e8d0-4aae-9ddf-da57f4a6193d/status
    body:
      encoding: US-ASCII
      string: ''
    headers:
      User-Agent:
      - ionos-cloud-sdk-ruby/v5
      Content-Type:
      - application/json
      Accept:
      - application/json
      Authorization: Basic dXNlcm5hbWU6cGFzc3dvcmQ=
      Expect:
      - ''
  response:
    status:
      code: 200
      message: OK
    headers:
      Date:
      - Fri, 09 Apr 2021 13:19:05 GMT
      Server:
      - Apache/2.4.38 (Debian)
      Content-Length:
      - '678'
      Content-Type:
      - application/json
      Etag:
      - 9df29ce7ca629ff1d47bca1149d9faae
      X-Frame-Options:
      - SAMEORIGIN
      X-Ratelimit-Burst:
      - '900'
      X-Ratelimit-Limit:
      - '1150'
      X-Ratelimit-Remaining:
      - '899'
      Access-Control-Allow-Origin:
      - "*"
      Access-Control-Allow-Headers:
      - "*"
      Access-Control-Expose-Headers:
      - "*"
      Access-Control-Allow-Methods:
      - "*"
      Access-Control-Allow-Credentials:
      - 'true'
    body:
      encoding: UTF-8
      string: |
        {
          "id" : "81344a8d-e8d0-4aae-9ddf-da57f4a6193d/status",
          "type" : "request-status",
          "href" : "https://api.ionos.com/cloudapi/v5/requests/81344a8d-e8d0-4aae-9ddf-da57f4a6193d/status",
          "metadata" : {
            "status" : "QUEUED",
            "message" : "Request has been queued",
            "etag" : "9df29ce7ca629ff1d47bca1149d9faae",
            "targets" : [ {
              "target" : {
                "id" : "6c2a2727-32a9-4606-ac88-363f05fbd756",
                "type" : "nic",
                "href" : "https://api.ionos.com/cloudapi/v5/datacenters/38486675-0110-478e-9079-e515242cd35b/servers/cf03c457-8245-4f3a-b658-453378db683a/nics/6c2a2727-32a9-4606-ac88-363f05fbd756"
              },
              "status" : "QUEUED"
            } ]
          }
        }
  recorded_at: Fri, 09 Apr 2021 13:19:05 GMT
- request:
    method: get
    uri: https://api.ionos.com/cloudapi/v5/requests/81344a8d-e8d0-4aae-9ddf-da57f4a6193d/status
    body:
      encoding: US-ASCII
      string: ''
    headers:
      User-Agent:
      - ionos-cloud-sdk-ruby/v5
      Content-Type:
      - application/json
      Accept:
      - application/json
      Authorization: Basic dXNlcm5hbWU6cGFzc3dvcmQ=
      Expect:
      - ''
  response:
    status:
      code: 200
      message: OK
    headers:
      Date:
      - Fri, 09 Apr 2021 13:19:10 GMT
      Server:
      - Apache/2.4.38 (Debian)
      Content-Length:
      - '678'
      Content-Type:
      - application/json
      Etag:
      - 9df29ce7ca629ff1d47bca1149d9faae
      X-Frame-Options:
      - SAMEORIGIN
      X-Ratelimit-Burst:
      - '900'
      X-Ratelimit-Limit:
      - '1150'
      X-Ratelimit-Remaining:
      - '899'
      Access-Control-Allow-Origin:
      - "*"
      Access-Control-Allow-Headers:
      - "*"
      Access-Control-Expose-Headers:
      - "*"
      Access-Control-Allow-Methods:
      - "*"
      Access-Control-Allow-Credentials:
      - 'true'
    body:
      encoding: UTF-8
      string: |
        {
          "id" : "81344a8d-e8d0-4aae-9ddf-da57f4a6193d/status",
          "type" : "request-status",
          "href" : "https://api.ionos.com/cloudapi/v5/requests/81344a8d-e8d0-4aae-9ddf-da57f4a6193d/status",
          "metadata" : {
            "status" : "QUEUED",
            "message" : "Request has been queued",
            "etag" : "9df29ce7ca629ff1d47bca1149d9faae",
            "targets" : [ {
              "target" : {
                "id" : "6c2a2727-32a9-4606-ac88-363f05fbd756",
                "type" : "nic",
                "href" : "https://api.ionos.com/cloudapi/v5/datacenters/38486675-0110-478e-9079-e515242cd35b/servers/cf03c457-8245-4f3a-b658-453378db683a/nics/6c2a2727-32a9-4606-ac88-363f05fbd756"
              },
              "status" : "QUEUED"
            } ]
          }
        }
  recorded_at: Fri, 09 Apr 2021 13:19:10 GMT
- request:
    method: get
    uri: https://api.ionos.com/cloudapi/v5/requests/81344a8d-e8d0-4aae-9ddf-da57f4a6193d/status
    body:
      encoding: US-ASCII
      string: ''
    headers:
      User-Agent:
      - ionos-cloud-sdk-ruby/v5
      Content-Type:
      - application/json
      Accept:
      - application/json
      Authorization: Basic dXNlcm5hbWU6cGFzc3dvcmQ=
      Expect:
      - ''
  response:
    status:
      code: 200
      message: OK
    headers:
      Date:
      - Fri, 09 Apr 2021 13:19:15 GMT
      Server:
      - Apache/2.4.38 (Debian)
      Content-Length:
      - '689'
      Content-Type:
      - application/json
      Etag:
      - 2ba22e58ca17bb728d522bba36cf8350
      X-Frame-Options:
      - SAMEORIGIN
      X-Ratelimit-Burst:
      - '900'
      X-Ratelimit-Limit:
      - '1150'
      X-Ratelimit-Remaining:
      - '899'
      Access-Control-Allow-Origin:
      - "*"
      Access-Control-Allow-Headers:
      - "*"
      Access-Control-Expose-Headers:
      - "*"
      Access-Control-Allow-Methods:
      - "*"
      Access-Control-Allow-Credentials:
      - 'true'
    body:
      encoding: UTF-8
      string: |
        {
          "id" : "81344a8d-e8d0-4aae-9ddf-da57f4a6193d/status",
          "type" : "request-status",
          "href" : "https://api.ionos.com/cloudapi/v5/requests/81344a8d-e8d0-4aae-9ddf-da57f4a6193d/status",
          "metadata" : {
            "status" : "DONE",
            "message" : "Request has been successfully executed",
            "etag" : "2ba22e58ca17bb728d522bba36cf8350",
            "targets" : [ {
              "target" : {
                "id" : "6c2a2727-32a9-4606-ac88-363f05fbd756",
                "type" : "nic",
                "href" : "https://api.ionos.com/cloudapi/v5/datacenters/38486675-0110-478e-9079-e515242cd35b/servers/cf03c457-8245-4f3a-b658-453378db683a/nics/6c2a2727-32a9-4606-ac88-363f05fbd756"
              },
              "status" : "DONE"
            } ]
          }
        }
  recorded_at: Fri, 09 Apr 2021 13:19:15 GMT
recorded_with: VCR 6.0.0
