---
http_interactions:
- request:
    method: get
    uri: https://api.ionos.com/databases/postgresql/clusters/06b2f7f5-a374-11ec-ac51-82a34c99d4c7/backups
    body:
      encoding: US-ASCII
      string: ''
    headers:
      User-Agent:
      - puppet/v5.1.0_sdk-ruby-dbaas-postgres/1.0.0_puppet/7.14.0
      Content-Type:
      - application/json
      Accept:
      - application/json
      Authorization: Basic dXNlcm5hbWU6cGFzc3dvcmQ=
      Expect:
      - ''
  response:
    status:
      code: 200
      message: ''
    headers:
      Server:
      - nginx
      Date:
      - Mon, 14 Mar 2022 09:10:30 GMT
      Content-Type:
      - application/json; charset=utf-8
      Content-Length:
      - '409'
      Access-Control-Allow-Origin:
      - "*"
    body:
      encoding: ASCII-8BIT
      string: '{"id":"06b2f7f5-a374-11ec-ac51-82a34c99d4c7/backups","type":"collection","items":[{"type":"backup","id":"06b2f7f5-a374-11ec-ac51-82a34c99d4c7-4oymiqu-12","properties":{"clusterId":"06b2f7f5-a374-11ec-ac51-82a34c99d4c7","version":"12","isActive":true,"earliestRecoveryTargetTime":"2022-03-14T09:00:40Z"},"metadata":{"state":"AVAILABLE","createdDate":"2022-03-14T08:52:07Z"}}],"offset":0,"limit":1,"_links":{}}

        '
  recorded_at: Mon, 14 Mar 2022 09:10:30 GMT
- request:
    method: post
    uri: https://api.ionos.com/databases/postgresql/clusters/06b2f7f5-a374-11ec-ac51-82a34c99d4c7/restore
    body:
      encoding: UTF-8
      string: '{"backupId":"06b2f7f5-a374-11ec-ac51-82a34c99d4c7-4oymiqu-12"}'
    headers:
      User-Agent:
      - puppet/v5.1.0_sdk-ruby-dbaas-postgres/1.0.0_puppet/7.14.0
      Content-Type:
      - application/json
      Accept:
      - application/json
      Authorization: Basic dXNlcm5hbWU6cGFzc3dvcmQ=
      Expect:
      - ''
  response:
    status:
      code: 202
      message: ''
    headers:
      Server:
      - nginx
      Date:
      - Mon, 14 Mar 2022 09:10:30 GMT
      Content-Type:
      - application/json; charset=utf-8
      Content-Length:
      - '0'
      Access-Control-Allow-Origin:
      - "*"
    body:
      encoding: ASCII-8BIT
      string: ''
  recorded_at: Mon, 14 Mar 2022 09:10:30 GMT
- request:
    method: get
    uri: https://api.ionos.com/databases/postgresql/clusters/06b2f7f5-a374-11ec-ac51-82a34c99d4c7
    body:
      encoding: US-ASCII
      string: ''
    headers:
      User-Agent:
      - puppet/v5.1.0_sdk-ruby-dbaas-postgres/1.0.0_puppet/7.14.0
      Content-Type:
      - application/json
      Accept:
      - application/json
      Authorization: Basic dXNlcm5hbWU6cGFzc3dvcmQ=
      Expect:
      - ''
  response:
    status:
      code: 200
      message: ''
    headers:
      Server:
      - nginx
      Date:
      - Mon, 14 Mar 2022 09:10:30 GMT
      Content-Type:
      - application/json; charset=utf-8
      Content-Length:
      - '795'
      Access-Control-Allow-Origin:
      - "*"
    body:
      encoding: ASCII-8BIT
      string: '{"type":"cluster","id":"06b2f7f5-a374-11ec-ac51-82a34c99d4c7","metadata":{"state":"AVAILABLE","createdDate":"2022-03-14T08:52:06Z","createdBy":"username","createdByUserId":"99156d9e-eb3f-4024-a3a4-283be74699c0","lastModifiedDate":"2022-03-14T09:00:29Z","lastModifiedBy":"username","lastModifiedByUserId":"99156d9e-eb3f-4024-a3a4-283be74699c0"},"properties":{"displayName":"puppet_module_test0423r2r23r2gwsgwsgewgwegwegh246558","location":"de/txl","connections":[{"datacenterId":"86279c5d-d59d-4d82-ad46-65ac357ceeed","lanId":"1","cidr":"192.168.1.105/24"}],"cores":1,"postgresVersion":"12","ram":2048,"instances":1,"storageSize":8096,"storageType":"HDD","maintenanceWindow":{"dayOfTheWeek":"Sunday","time":"16:30:59"},"synchronizationMode":"ASYNCHRONOUS"}}

        '
  recorded_at: Mon, 14 Mar 2022 09:10:30 GMT
recorded_with: VCR 6.0.0
