---
http_interactions:
- request:
    method: get
    uri: https://api.ionos.com/cloudapi/v5/datacenters?depth=1
    body:
      encoding: US-ASCII
      string: ''
    headers:
      User-Agent:
      - ionos-cloud-sdk-ruby/v5
      Content-Type:
      - application/json
      Accept:
      - application/json
      Authorization: Basic dXNlcm5hbWU6cGFzc3dvcmQ=
      Expect:
      - ''
  response:
    status:
      code: 200
      message: OK
    headers:
      Date:
      - Wed, 31 Mar 2021 08:44:49 GMT
      Server:
      - Apache/2.4.38 (Debian)
      Content-Length:
      - '5531'
      Content-Type:
      - application/json
      X-Frame-Options:
      - SAMEORIGIN
      X-Ratelimit-Burst:
      - '900'
      X-Ratelimit-Limit:
      - '1150'
      X-Ratelimit-Remaining:
      - '899'
      Access-Control-Allow-Origin:
      - "*"
      Access-Control-Allow-Headers:
      - "*"
      Access-Control-Expose-Headers:
      - "*"
      Access-Control-Allow-Methods:
      - "*"
      Access-Control-Allow-Credentials:
      - 'true'
    body:
      encoding: UTF-8
      string: |
        {
          "id" : "datacenters",
          "type" : "collection",
          "href" : "https://api.ionos.com/cloudapi/v5/datacenters",
          "items" : [ {
            "id" : "8cd1be7f-633a-449b-9fc5-e7651a35d68b",
            "type" : "datacenter",
            "href" : "https://api.ionos.com/cloudapi/v5/datacenters/8cd1be7f-633a-449b-9fc5-e7651a35d68b",
            "metadata" : {
              "etag" : "acc08362563fc58362e617d8b938760d",
              "createdDate" : "2021-03-30T08:24:51Z",
              "createdBy" : "username",
              "createdByUserId" : "99156d9e-eb3f-4024-a3a4-283be74699c0",
              "lastModifiedDate" : "2021-03-30T08:28:41Z",
              "lastModifiedBy" : "username",
              "lastModifiedByUserId" : "99156d9e-eb3f-4024-a3a4-283be74699c0",
              "state" : "AVAILABLE"
            },
            "properties" : {
              "name" : "myDataCenter2",
              "description" : null,
              "location" : "us/las",
              "version" : 9,
              "features" : [ "SSD" ],
              "secAuthProtection" : false
            },
            "entities" : {
              "servers" : {
                "id" : "8cd1be7f-633a-449b-9fc5-e7651a35d68b/servers",
                "type" : "collection",
                "href" : "https://api.ionos.com/cloudapi/v5/datacenters/8cd1be7f-633a-449b-9fc5-e7651a35d68b/servers"
              },
              "volumes" : {
                "id" : "8cd1be7f-633a-449b-9fc5-e7651a35d68b/volumes",
                "type" : "collection",
                "href" : "https://api.ionos.com/cloudapi/v5/datacenters/8cd1be7f-633a-449b-9fc5-e7651a35d68b/volumes"
              },
              "loadbalancers" : {
                "id" : "8cd1be7f-633a-449b-9fc5-e7651a35d68b/loadbalancers",
                "type" : "collection",
                "href" : "https://api.ionos.com/cloudapi/v5/datacenters/8cd1be7f-633a-449b-9fc5-e7651a35d68b/loadbalancers"
              },
              "lans" : {
                "id" : "8cd1be7f-633a-449b-9fc5-e7651a35d68b/lans",
                "type" : "collection",
                "href" : "https://api.ionos.com/cloudapi/v5/datacenters/8cd1be7f-633a-449b-9fc5-e7651a35d68b/lans"
              }
            }
          }, {
            "id" : "1ca85771-5c86-476e-b86b-803223352370",
            "type" : "datacenter",
            "href" : "https://api.ionos.com/cloudapi/v5/datacenters/1ca85771-5c86-476e-b86b-803223352370",
            "metadata" : {
              "etag" : "ece61a60d42e60222a3c06e4e7f98c3d",
              "createdDate" : "2021-03-19T15:48:00Z",
              "createdBy" : "username",
              "createdByUserId" : "99156d9e-eb3f-4024-a3a4-283be74699c0",
              "lastModifiedDate" : "2021-03-31T08:44:04Z",
              "lastModifiedBy" : "username",
              "lastModifiedByUserId" : "99156d9e-eb3f-4024-a3a4-283be74699c0",
              "state" : "AVAILABLE"
            },
            "properties" : {
              "name" : "Puppet Module Test",
              "description" : null,
              "location" : "us/las",
              "version" : 74,
              "features" : [ "SSD" ],
              "secAuthProtection" : false
            },
            "entities" : {
              "servers" : {
                "id" : "1ca85771-5c86-476e-b86b-803223352370/servers",
                "type" : "collection",
                "href" : "https://api.ionos.com/cloudapi/v5/datacenters/1ca85771-5c86-476e-b86b-803223352370/servers"
              },
              "volumes" : {
                "id" : "1ca85771-5c86-476e-b86b-803223352370/volumes",
                "type" : "collection",
                "href" : "https://api.ionos.com/cloudapi/v5/datacenters/1ca85771-5c86-476e-b86b-803223352370/volumes"
              },
              "loadbalancers" : {
                "id" : "1ca85771-5c86-476e-b86b-803223352370/loadbalancers",
                "type" : "collection",
                "href" : "https://api.ionos.com/cloudapi/v5/datacenters/1ca85771-5c86-476e-b86b-803223352370/loadbalancers"
              },
              "lans" : {
                "id" : "1ca85771-5c86-476e-b86b-803223352370/lans",
                "type" : "collection",
                "href" : "https://api.ionos.com/cloudapi/v5/datacenters/1ca85771-5c86-476e-b86b-803223352370/lans"
              }
            }
          }, {
            "id" : "ba4eaca1-08d0-4743-82d5-13806c40f62c",
            "type" : "datacenter",
            "href" : "https://api.ionos.com/cloudapi/v5/datacenters/ba4eaca1-08d0-4743-82d5-13806c40f62c",
            "metadata" : {
              "etag" : "a89801cf6bee04d0841e466b00a6cf66",
              "createdDate" : "2021-03-19T14:26:22Z",
              "createdBy" : "username",
              "createdByUserId" : "99156d9e-eb3f-4024-a3a4-283be74699c0",
              "lastModifiedDate" : "2021-03-19T14:26:22Z",
              "lastModifiedBy" : "username",
              "lastModifiedByUserId" : "99156d9e-eb3f-4024-a3a4-283be74699c0",
              "state" : "AVAILABLE"
            },
            "properties" : {
              "name" : "Unnamed Data Center",
              "description" : null,
              "location" : "de/txl",
              "version" : 2,
              "features" : [ "SSD" ],
              "secAuthProtection" : false
            },
            "entities" : {
              "servers" : {
                "id" : "ba4eaca1-08d0-4743-82d5-13806c40f62c/servers",
                "type" : "collection",
                "href" : "https://api.ionos.com/cloudapi/v5/datacenters/ba4eaca1-08d0-4743-82d5-13806c40f62c/servers"
              },
              "volumes" : {
                "id" : "ba4eaca1-08d0-4743-82d5-13806c40f62c/volumes",
                "type" : "collection",
                "href" : "https://api.ionos.com/cloudapi/v5/datacenters/ba4eaca1-08d0-4743-82d5-13806c40f62c/volumes"
              },
              "loadbalancers" : {
                "id" : "ba4eaca1-08d0-4743-82d5-13806c40f62c/loadbalancers",
                "type" : "collection",
                "href" : "https://api.ionos.com/cloudapi/v5/datacenters/ba4eaca1-08d0-4743-82d5-13806c40f62c/loadbalancers"
              },
              "lans" : {
                "id" : "ba4eaca1-08d0-4743-82d5-13806c40f62c/lans",
                "type" : "collection",
                "href" : "https://api.ionos.com/cloudapi/v5/datacenters/ba4eaca1-08d0-4743-82d5-13806c40f62c/lans"
              }
            }
          } ]
        }
  recorded_at: Wed, 31 Mar 2021 08:44:49 GMT
- request:
    method: get
    uri: https://api.profitbricks.com/cloudapi/v4/datacenters/1ca85771-5c86-476e-b86b-803223352370/servers?depth=1
    body:
      encoding: US-ASCII
      string: ''
    headers:
      User-Agent:
      - profitbricks-ruby-sdk/4.0.1 Puppet/7.4.1
      Accept:
      - "*/*"
      Content-Type:
      - application/json
      Authorization: Basic dXNlcm5hbWU6cGFzc3dvcmQ=
  response:
    status:
      code: 200
      message: OK
    headers:
      Date:
      - Wed, 31 Mar 2021 08:44:49 GMT
      Server:
      - Apache/2.4.38 (Debian)
      Content-Length:
      - '5203'
      Content-Type:
      - application/json
      X-Frame-Options:
      - SAMEORIGIN
      X-Ratelimit-Burst:
      - '900'
      X-Ratelimit-Limit:
      - '1150'
      X-Ratelimit-Remaining:
      - '899'
      Strict-Transport-Security:
      - max-age=15768000
      Access-Control-Allow-Origin:
      - "*"
      Access-Control-Allow-Headers:
      - "*"
      Access-Control-Expose-Headers:
      - "*"
      Access-Control-Allow-Methods:
      - "*"
      Access-Control-Allow-Credentials:
      - 'true'
    body:
      encoding: ASCII-8BIT
      string: |
        {
          "id" : "1ca85771-5c86-476e-b86b-803223352370/servers",
          "type" : "collection",
          "href" : "https://api.profitbricks.com/cloudapi/v4/datacenters/1ca85771-5c86-476e-b86b-803223352370/servers",
          "items" : [ {
            "id" : "29eda491-a4bf-4fd6-9345-81e53344e96b",
            "type" : "server",
            "href" : "https://api.profitbricks.com/cloudapi/v4/datacenters/1ca85771-5c86-476e-b86b-803223352370/servers/29eda491-a4bf-4fd6-9345-81e53344e96b",
            "metadata" : {
              "createdDate" : "2021-03-31T08:40:53Z",
              "createdBy" : "username",
              "etag" : "ec96fb8bc882d5dd5e283ada929a6fae",
              "lastModifiedDate" : "2021-03-31T08:43:49Z",
              "lastModifiedBy" : "username",
              "state" : "INACTIVE"
            },
            "properties" : {
              "name" : "Puppet Module Test 2",
              "cores" : 2,
              "ram" : 2048,
              "availabilityZone" : "AUTO",
              "vmState" : "SHUTOFF",
              "bootCdrom" : null,
              "bootVolume" : null,
              "cpuFamily" : "AMD_OPTERON"
            },
            "entities" : {
              "cdroms" : {
                "id" : "29eda491-a4bf-4fd6-9345-81e53344e96b/cdroms",
                "type" : "collection",
                "href" : "https://api.profitbricks.com/cloudapi/v4/datacenters/1ca85771-5c86-476e-b86b-803223352370/servers/29eda491-a4bf-4fd6-9345-81e53344e96b/cdroms"
              },
              "volumes" : {
                "id" : "29eda491-a4bf-4fd6-9345-81e53344e96b/volumes",
                "type" : "collection",
                "href" : "https://api.profitbricks.com/cloudapi/v4/datacenters/1ca85771-5c86-476e-b86b-803223352370/servers/29eda491-a4bf-4fd6-9345-81e53344e96b/volumes"
              },
              "nics" : {
                "id" : "29eda491-a4bf-4fd6-9345-81e53344e96b/nics",
                "type" : "collection",
                "href" : "https://api.profitbricks.com/cloudapi/v4/datacenters/1ca85771-5c86-476e-b86b-803223352370/servers/29eda491-a4bf-4fd6-9345-81e53344e96b/nics"
              }
            }
          }, {
            "id" : "5104fcf0-0e97-4a17-aa80-7bf29e80f630",
            "type" : "server",
            "href" : "https://api.profitbricks.com/cloudapi/v4/datacenters/1ca85771-5c86-476e-b86b-803223352370/servers/5104fcf0-0e97-4a17-aa80-7bf29e80f630",
            "metadata" : {
              "createdDate" : "2021-03-31T08:40:20Z",
              "createdBy" : "username",
              "etag" : "75ea909c2cf3a1612867f8693f543238",
              "lastModifiedDate" : "2021-03-31T08:40:20Z",
              "lastModifiedBy" : "username",
              "state" : "AVAILABLE"
            },
            "properties" : {
              "name" : "Puppet Module Test",
              "cores" : 1,
              "ram" : 1024,
              "availabilityZone" : "AUTO",
              "vmState" : "RUNNING",
              "bootCdrom" : null,
              "bootVolume" : null,
              "cpuFamily" : "AMD_OPTERON"
            },
            "entities" : {
              "cdroms" : {
                "id" : "5104fcf0-0e97-4a17-aa80-7bf29e80f630/cdroms",
                "type" : "collection",
                "href" : "https://api.profitbricks.com/cloudapi/v4/datacenters/1ca85771-5c86-476e-b86b-803223352370/servers/5104fcf0-0e97-4a17-aa80-7bf29e80f630/cdroms"
              },
              "volumes" : {
                "id" : "5104fcf0-0e97-4a17-aa80-7bf29e80f630/volumes",
                "type" : "collection",
                "href" : "https://api.profitbricks.com/cloudapi/v4/datacenters/1ca85771-5c86-476e-b86b-803223352370/servers/5104fcf0-0e97-4a17-aa80-7bf29e80f630/volumes"
              },
              "nics" : {
                "id" : "5104fcf0-0e97-4a17-aa80-7bf29e80f630/nics",
                "type" : "collection",
                "href" : "https://api.profitbricks.com/cloudapi/v4/datacenters/1ca85771-5c86-476e-b86b-803223352370/servers/5104fcf0-0e97-4a17-aa80-7bf29e80f630/nics"
              }
            }
          }, {
            "id" : "5e7ec7fc-7bc4-4f6b-8ed1-d8adba0430ec",
            "type" : "server",
            "href" : "https://api.profitbricks.com/cloudapi/v4/datacenters/1ca85771-5c86-476e-b86b-803223352370/servers/5e7ec7fc-7bc4-4f6b-8ed1-d8adba0430ec",
            "metadata" : {
              "createdDate" : "2021-03-22T14:48:22Z",
              "createdBy" : "username",
              "etag" : "c2bbc23554d6d9b727d0eae53872852f",
              "lastModifiedDate" : "2021-03-22T14:48:22Z",
              "lastModifiedBy" : "username",
              "state" : "AVAILABLE"
            },
            "properties" : {
              "name" : "Puppet Module Test",
              "cores" : 1,
              "ram" : 1024,
              "availabilityZone" : "AUTO",
              "vmState" : "RUNNING",
              "bootCdrom" : null,
              "bootVolume" : null,
              "cpuFamily" : "AMD_OPTERON"
            },
            "entities" : {
              "cdroms" : {
                "id" : "5e7ec7fc-7bc4-4f6b-8ed1-d8adba0430ec/cdroms",
                "type" : "collection",
                "href" : "https://api.profitbricks.com/cloudapi/v4/datacenters/1ca85771-5c86-476e-b86b-803223352370/servers/5e7ec7fc-7bc4-4f6b-8ed1-d8adba0430ec/cdroms"
              },
              "volumes" : {
                "id" : "5e7ec7fc-7bc4-4f6b-8ed1-d8adba0430ec/volumes",
                "type" : "collection",
                "href" : "https://api.profitbricks.com/cloudapi/v4/datacenters/1ca85771-5c86-476e-b86b-803223352370/servers/5e7ec7fc-7bc4-4f6b-8ed1-d8adba0430ec/volumes"
              },
              "nics" : {
                "id" : "5e7ec7fc-7bc4-4f6b-8ed1-d8adba0430ec/nics",
                "type" : "collection",
                "href" : "https://api.profitbricks.com/cloudapi/v4/datacenters/1ca85771-5c86-476e-b86b-803223352370/servers/5e7ec7fc-7bc4-4f6b-8ed1-d8adba0430ec/nics"
              }
            }
          } ]
        }
  recorded_at: Wed, 31 Mar 2021 08:44:49 GMT
- request:
    method: post
    uri: https://api.ionos.com/cloudapi/v5/datacenters/1ca85771-5c86-476e-b86b-803223352370/servers/29eda491-a4bf-4fd6-9345-81e53344e96b/reboot
    body:
      encoding: US-ASCII
      string: ''
    headers:
      User-Agent:
      - ionos-cloud-sdk-ruby/v5
      Content-Type:
      - application/json
      Accept:
      - application/json
      Authorization: Basic dXNlcm5hbWU6cGFzc3dvcmQ=
      Expect:
      - ''
  response:
    status:
      code: 202
      message: Accepted
    headers:
      Date:
      - Wed, 31 Mar 2021 08:44:50 GMT
      Server:
      - Apache/2.4.38 (Debian)
      Content-Length:
      - '0'
      Etag:
      - e2b535a996dbfb1d9f6df1715ebcf525
      Location:
      - https://api.ionos.com/cloudapi/v5/requests/54084090-ffcb-48da-94cc-123674b0d8c4/status
      X-Frame-Options:
      - SAMEORIGIN
      X-Ratelimit-Burst:
      - '50'
      X-Ratelimit-Limit:
      - '120'
      X-Ratelimit-Remaining:
      - '49'
      Access-Control-Allow-Origin:
      - "*"
      Access-Control-Allow-Headers:
      - "*"
      Access-Control-Expose-Headers:
      - "*"
      Access-Control-Allow-Methods:
      - "*"
      Access-Control-Allow-Credentials:
      - 'true'
    body:
      encoding: UTF-8
      string: ''
  recorded_at: Wed, 31 Mar 2021 08:44:50 GMT
- request:
    method: get
    uri: https://api.ionos.com/cloudapi/v5/requests/54084090-ffcb-48da-94cc-123674b0d8c4/status
    body:
      encoding: US-ASCII
      string: ''
    headers:
      User-Agent:
      - ionos-cloud-sdk-ruby/v5
      Content-Type:
      - application/json
      Accept:
      - application/json
      Authorization: Basic dXNlcm5hbWU6cGFzc3dvcmQ=
      Expect:
      - ''
  response:
    status:
      code: 200
      message: OK
    headers:
      Date:
      - Wed, 31 Mar 2021 08:44:50 GMT
      Server:
      - Apache/2.4.38 (Debian)
      Content-Length:
      - '639'
      Content-Type:
      - application/json
      Etag:
      - 9df29ce7ca629ff1d47bca1149d9faae
      X-Frame-Options:
      - SAMEORIGIN
      X-Ratelimit-Burst:
      - '900'
      X-Ratelimit-Limit:
      - '1150'
      X-Ratelimit-Remaining:
      - '899'
      Access-Control-Allow-Origin:
      - "*"
      Access-Control-Allow-Headers:
      - "*"
      Access-Control-Expose-Headers:
      - "*"
      Access-Control-Allow-Methods:
      - "*"
      Access-Control-Allow-Credentials:
      - 'true'
    body:
      encoding: UTF-8
      string: |
        {
          "id" : "54084090-ffcb-48da-94cc-123674b0d8c4/status",
          "type" : "request-status",
          "href" : "https://api.ionos.com/cloudapi/v5/requests/54084090-ffcb-48da-94cc-123674b0d8c4/status",
          "metadata" : {
            "status" : "QUEUED",
            "message" : "Request has been queued",
            "etag" : "9df29ce7ca629ff1d47bca1149d9faae",
            "targets" : [ {
              "target" : {
                "id" : "29eda491-a4bf-4fd6-9345-81e53344e96b",
                "type" : "server",
                "href" : "https://api.ionos.com/cloudapi/v5/datacenters/1ca85771-5c86-476e-b86b-803223352370/servers/29eda491-a4bf-4fd6-9345-81e53344e96b"
              },
              "status" : "QUEUED"
            } ]
          }
        }
  recorded_at: Wed, 31 Mar 2021 08:44:50 GMT
- request:
    method: get
    uri: https://api.ionos.com/cloudapi/v5/requests/54084090-ffcb-48da-94cc-123674b0d8c4/status
    body:
      encoding: US-ASCII
      string: ''
    headers:
      User-Agent:
      - ionos-cloud-sdk-ruby/v5
      Content-Type:
      - application/json
      Accept:
      - application/json
      Authorization: Basic dXNlcm5hbWU6cGFzc3dvcmQ=
      Expect:
      - ''
  response:
    status:
      code: 200
      message: OK
    headers:
      Date:
      - Wed, 31 Mar 2021 08:44:55 GMT
      Server:
      - Apache/2.4.38 (Debian)
      Content-Length:
      - '639'
      Content-Type:
      - application/json
      Etag:
      - 9df29ce7ca629ff1d47bca1149d9faae
      X-Frame-Options:
      - SAMEORIGIN
      X-Ratelimit-Burst:
      - '900'
      X-Ratelimit-Limit:
      - '1150'
      X-Ratelimit-Remaining:
      - '899'
      Access-Control-Allow-Origin:
      - "*"
      Access-Control-Allow-Headers:
      - "*"
      Access-Control-Expose-Headers:
      - "*"
      Access-Control-Allow-Methods:
      - "*"
      Access-Control-Allow-Credentials:
      - 'true'
    body:
      encoding: UTF-8
      string: |
        {
          "id" : "54084090-ffcb-48da-94cc-123674b0d8c4/status",
          "type" : "request-status",
          "href" : "https://api.ionos.com/cloudapi/v5/requests/54084090-ffcb-48da-94cc-123674b0d8c4/status",
          "metadata" : {
            "status" : "QUEUED",
            "message" : "Request has been queued",
            "etag" : "9df29ce7ca629ff1d47bca1149d9faae",
            "targets" : [ {
              "target" : {
                "id" : "29eda491-a4bf-4fd6-9345-81e53344e96b",
                "type" : "server",
                "href" : "https://api.ionos.com/cloudapi/v5/datacenters/1ca85771-5c86-476e-b86b-803223352370/servers/29eda491-a4bf-4fd6-9345-81e53344e96b"
              },
              "status" : "QUEUED"
            } ]
          }
        }
  recorded_at: Wed, 31 Mar 2021 08:44:55 GMT
- request:
    method: get
    uri: https://api.ionos.com/cloudapi/v5/requests/54084090-ffcb-48da-94cc-123674b0d8c4/status
    body:
      encoding: US-ASCII
      string: ''
    headers:
      User-Agent:
      - ionos-cloud-sdk-ruby/v5
      Content-Type:
      - application/json
      Accept:
      - application/json
      Authorization: Basic dXNlcm5hbWU6cGFzc3dvcmQ=
      Expect:
      - ''
  response:
    status:
      code: 200
      message: OK
    headers:
      Date:
      - Wed, 31 Mar 2021 08:45:00 GMT
      Server:
      - Apache/2.4.38 (Debian)
      Content-Length:
      - '639'
      Content-Type:
      - application/json
      Etag:
      - 9df29ce7ca629ff1d47bca1149d9faae
      X-Frame-Options:
      - SAMEORIGIN
      X-Ratelimit-Burst:
      - '900'
      X-Ratelimit-Limit:
      - '1150'
      X-Ratelimit-Remaining:
      - '899'
      Access-Control-Allow-Origin:
      - "*"
      Access-Control-Allow-Headers:
      - "*"
      Access-Control-Expose-Headers:
      - "*"
      Access-Control-Allow-Methods:
      - "*"
      Access-Control-Allow-Credentials:
      - 'true'
    body:
      encoding: UTF-8
      string: |
        {
          "id" : "54084090-ffcb-48da-94cc-123674b0d8c4/status",
          "type" : "request-status",
          "href" : "https://api.ionos.com/cloudapi/v5/requests/54084090-ffcb-48da-94cc-123674b0d8c4/status",
          "metadata" : {
            "status" : "QUEUED",
            "message" : "Request has been queued",
            "etag" : "9df29ce7ca629ff1d47bca1149d9faae",
            "targets" : [ {
              "target" : {
                "id" : "29eda491-a4bf-4fd6-9345-81e53344e96b",
                "type" : "server",
                "href" : "https://api.ionos.com/cloudapi/v5/datacenters/1ca85771-5c86-476e-b86b-803223352370/servers/29eda491-a4bf-4fd6-9345-81e53344e96b"
              },
              "status" : "QUEUED"
            } ]
          }
        }
  recorded_at: Wed, 31 Mar 2021 08:45:00 GMT
- request:
    method: get
    uri: https://api.ionos.com/cloudapi/v5/requests/54084090-ffcb-48da-94cc-123674b0d8c4/status
    body:
      encoding: US-ASCII
      string: ''
    headers:
      User-Agent:
      - ionos-cloud-sdk-ruby/v5
      Content-Type:
      - application/json
      Accept:
      - application/json
      Authorization: Basic dXNlcm5hbWU6cGFzc3dvcmQ=
      Expect:
      - ''
  response:
    status:
      code: 200
      message: OK
    headers:
      Date:
      - Wed, 31 Mar 2021 08:45:05 GMT
      Server:
      - Apache/2.4.38 (Debian)
      Content-Length:
      - '639'
      Content-Type:
      - application/json
      Etag:
      - 9df29ce7ca629ff1d47bca1149d9faae
      X-Frame-Options:
      - SAMEORIGIN
      X-Ratelimit-Burst:
      - '900'
      X-Ratelimit-Limit:
      - '1150'
      X-Ratelimit-Remaining:
      - '899'
      Access-Control-Allow-Origin:
      - "*"
      Access-Control-Allow-Headers:
      - "*"
      Access-Control-Expose-Headers:
      - "*"
      Access-Control-Allow-Methods:
      - "*"
      Access-Control-Allow-Credentials:
      - 'true'
    body:
      encoding: UTF-8
      string: |
        {
          "id" : "54084090-ffcb-48da-94cc-123674b0d8c4/status",
          "type" : "request-status",
          "href" : "https://api.ionos.com/cloudapi/v5/requests/54084090-ffcb-48da-94cc-123674b0d8c4/status",
          "metadata" : {
            "status" : "QUEUED",
            "message" : "Request has been queued",
            "etag" : "9df29ce7ca629ff1d47bca1149d9faae",
            "targets" : [ {
              "target" : {
                "id" : "29eda491-a4bf-4fd6-9345-81e53344e96b",
                "type" : "server",
                "href" : "https://api.ionos.com/cloudapi/v5/datacenters/1ca85771-5c86-476e-b86b-803223352370/servers/29eda491-a4bf-4fd6-9345-81e53344e96b"
              },
              "status" : "QUEUED"
            } ]
          }
        }
  recorded_at: Wed, 31 Mar 2021 08:45:06 GMT
- request:
    method: get
    uri: https://api.ionos.com/cloudapi/v5/requests/54084090-ffcb-48da-94cc-123674b0d8c4/status
    body:
      encoding: US-ASCII
      string: ''
    headers:
      User-Agent:
      - ionos-cloud-sdk-ruby/v5
      Content-Type:
      - application/json
      Accept:
      - application/json
      Authorization: Basic dXNlcm5hbWU6cGFzc3dvcmQ=
      Expect:
      - ''
  response:
    status:
      code: 200
      message: OK
    headers:
      Date:
      - Wed, 31 Mar 2021 08:45:11 GMT
      Server:
      - Apache/2.4.38 (Debian)
      Content-Length:
      - '639'
      Content-Type:
      - application/json
      Etag:
      - 9df29ce7ca629ff1d47bca1149d9faae
      X-Frame-Options:
      - SAMEORIGIN
      X-Ratelimit-Burst:
      - '900'
      X-Ratelimit-Limit:
      - '1150'
      X-Ratelimit-Remaining:
      - '899'
      Access-Control-Allow-Origin:
      - "*"
      Access-Control-Allow-Headers:
      - "*"
      Access-Control-Expose-Headers:
      - "*"
      Access-Control-Allow-Methods:
      - "*"
      Access-Control-Allow-Credentials:
      - 'true'
    body:
      encoding: UTF-8
      string: |
        {
          "id" : "54084090-ffcb-48da-94cc-123674b0d8c4/status",
          "type" : "request-status",
          "href" : "https://api.ionos.com/cloudapi/v5/requests/54084090-ffcb-48da-94cc-123674b0d8c4/status",
          "metadata" : {
            "status" : "QUEUED",
            "message" : "Request has been queued",
            "etag" : "9df29ce7ca629ff1d47bca1149d9faae",
            "targets" : [ {
              "target" : {
                "id" : "29eda491-a4bf-4fd6-9345-81e53344e96b",
                "type" : "server",
                "href" : "https://api.ionos.com/cloudapi/v5/datacenters/1ca85771-5c86-476e-b86b-803223352370/servers/29eda491-a4bf-4fd6-9345-81e53344e96b"
              },
              "status" : "QUEUED"
            } ]
          }
        }
  recorded_at: Wed, 31 Mar 2021 08:45:11 GMT
- request:
    method: get
    uri: https://api.ionos.com/cloudapi/v5/requests/54084090-ffcb-48da-94cc-123674b0d8c4/status
    body:
      encoding: US-ASCII
      string: ''
    headers:
      User-Agent:
      - ionos-cloud-sdk-ruby/v5
      Content-Type:
      - application/json
      Accept:
      - application/json
      Authorization: Basic dXNlcm5hbWU6cGFzc3dvcmQ=
      Expect:
      - ''
  response:
    status:
      code: 200
      message: OK
    headers:
      Date:
      - Wed, 31 Mar 2021 08:45:16 GMT
      Server:
      - Apache/2.4.38 (Debian)
      Content-Length:
      - '639'
      Content-Type:
      - application/json
      Etag:
      - 9df29ce7ca629ff1d47bca1149d9faae
      X-Frame-Options:
      - SAMEORIGIN
      X-Ratelimit-Burst:
      - '900'
      X-Ratelimit-Limit:
      - '1150'
      X-Ratelimit-Remaining:
      - '899'
      Access-Control-Allow-Origin:
      - "*"
      Access-Control-Allow-Headers:
      - "*"
      Access-Control-Expose-Headers:
      - "*"
      Access-Control-Allow-Methods:
      - "*"
      Access-Control-Allow-Credentials:
      - 'true'
    body:
      encoding: UTF-8
      string: |
        {
          "id" : "54084090-ffcb-48da-94cc-123674b0d8c4/status",
          "type" : "request-status",
          "href" : "https://api.ionos.com/cloudapi/v5/requests/54084090-ffcb-48da-94cc-123674b0d8c4/status",
          "metadata" : {
            "status" : "QUEUED",
            "message" : "Request has been queued",
            "etag" : "9df29ce7ca629ff1d47bca1149d9faae",
            "targets" : [ {
              "target" : {
                "id" : "29eda491-a4bf-4fd6-9345-81e53344e96b",
                "type" : "server",
                "href" : "https://api.ionos.com/cloudapi/v5/datacenters/1ca85771-5c86-476e-b86b-803223352370/servers/29eda491-a4bf-4fd6-9345-81e53344e96b"
              },
              "status" : "QUEUED"
            } ]
          }
        }
  recorded_at: Wed, 31 Mar 2021 08:45:16 GMT
- request:
    method: get
    uri: https://api.ionos.com/cloudapi/v5/requests/54084090-ffcb-48da-94cc-123674b0d8c4/status
    body:
      encoding: US-ASCII
      string: ''
    headers:
      User-Agent:
      - ionos-cloud-sdk-ruby/v5
      Content-Type:
      - application/json
      Accept:
      - application/json
      Authorization: Basic dXNlcm5hbWU6cGFzc3dvcmQ=
      Expect:
      - ''
  response:
    status:
      code: 200
      message: OK
    headers:
      Date:
      - Wed, 31 Mar 2021 08:45:21 GMT
      Server:
      - Apache/2.4.38 (Debian)
      Content-Length:
      - '650'
      Content-Type:
      - application/json
      Etag:
      - 2ba22e58ca17bb728d522bba36cf8350
      X-Frame-Options:
      - SAMEORIGIN
      X-Ratelimit-Burst:
      - '900'
      X-Ratelimit-Limit:
      - '1150'
      X-Ratelimit-Remaining:
      - '899'
      Access-Control-Allow-Origin:
      - "*"
      Access-Control-Allow-Headers:
      - "*"
      Access-Control-Expose-Headers:
      - "*"
      Access-Control-Allow-Methods:
      - "*"
      Access-Control-Allow-Credentials:
      - 'true'
    body:
      encoding: UTF-8
      string: |
        {
          "id" : "54084090-ffcb-48da-94cc-123674b0d8c4/status",
          "type" : "request-status",
          "href" : "https://api.ionos.com/cloudapi/v5/requests/54084090-ffcb-48da-94cc-123674b0d8c4/status",
          "metadata" : {
            "status" : "DONE",
            "message" : "Request has been successfully executed",
            "etag" : "2ba22e58ca17bb728d522bba36cf8350",
            "targets" : [ {
              "target" : {
                "id" : "29eda491-a4bf-4fd6-9345-81e53344e96b",
                "type" : "server",
                "href" : "https://api.ionos.com/cloudapi/v5/datacenters/1ca85771-5c86-476e-b86b-803223352370/servers/29eda491-a4bf-4fd6-9345-81e53344e96b"
              },
              "status" : "DONE"
            } ]
          }
        }
  recorded_at: Wed, 31 Mar 2021 08:45:21 GMT
recorded_with: VCR 6.0.0
