---
http_interactions:
- request:
    method: get
    uri: https://api.ionos.com/cloudapi/v5/datacenters?depth=1
    body:
      encoding: US-ASCII
      string: ''
    headers:
      User-Agent:
      - ionos-cloud-sdk-ruby/v5
      Content-Type:
      - application/json
      Accept:
      - application/json
      Authorization: Basic dXNlcm5hbWU6cGFzc3dvcmQ=
      Expect:
      - ''
  response:
    status:
      code: 200
      message: OK
    headers:
      Date:
      - Fri, 19 Mar 2021 15:54:07 GMT
      Server:
      - Apache/2.4.38 (Debian)
      Content-Length:
      - '3733'
      Content-Type:
      - application/json
      X-Frame-Options:
      - SAMEORIGIN
      X-Ratelimit-Burst:
      - '900'
      X-Ratelimit-Limit:
      - '1150'
      X-Ratelimit-Remaining:
      - '899'
      Access-Control-Allow-Origin:
      - "*"
      Access-Control-Allow-Headers:
      - "*"
      Access-Control-Expose-Headers:
      - "*"
      Access-Control-Allow-Methods:
      - "*"
      Access-Control-Allow-Credentials:
      - 'true'
    body:
      encoding: UTF-8
      string: |
        {
          "id" : "datacenters",
          "type" : "collection",
          "href" : "https://api.ionos.com/cloudapi/v5/datacenters",
          "items" : [ {
            "id" : "1ca85771-5c86-476e-b86b-803223352370",
            "type" : "datacenter",
            "href" : "https://api.ionos.com/cloudapi/v5/datacenters/1ca85771-5c86-476e-b86b-803223352370",
            "metadata" : {
              "etag" : "8112487c1e03d671a00ef77460c9a555",
              "createdDate" : "2021-03-19T15:48:00Z",
              "createdBy" : "username",
              "createdByUserId" : "99156d9e-eb3f-4024-a3a4-283be74699c0",
              "lastModifiedDate" : "2021-03-19T15:51:34Z",
              "lastModifiedBy" : "username",
              "lastModifiedByUserId" : "99156d9e-eb3f-4024-a3a4-283be74699c0",
              "state" : "AVAILABLE"
            },
            "properties" : {
              "name" : "Puppet Module Test",
              "description" : null,
              "location" : "us/las",
              "version" : 7,
              "features" : [ "SSD" ],
              "secAuthProtection" : false
            },
            "entities" : {
              "servers" : {
                "id" : "1ca85771-5c86-476e-b86b-803223352370/servers",
                "type" : "collection",
                "href" : "https://api.ionos.com/cloudapi/v5/datacenters/1ca85771-5c86-476e-b86b-803223352370/servers"
              },
              "volumes" : {
                "id" : "1ca85771-5c86-476e-b86b-803223352370/volumes",
                "type" : "collection",
                "href" : "https://api.ionos.com/cloudapi/v5/datacenters/1ca85771-5c86-476e-b86b-803223352370/volumes"
              },
              "loadbalancers" : {
                "id" : "1ca85771-5c86-476e-b86b-803223352370/loadbalancers",
                "type" : "collection",
                "href" : "https://api.ionos.com/cloudapi/v5/datacenters/1ca85771-5c86-476e-b86b-803223352370/loadbalancers"
              },
              "lans" : {
                "id" : "1ca85771-5c86-476e-b86b-803223352370/lans",
                "type" : "collection",
                "href" : "https://api.ionos.com/cloudapi/v5/datacenters/1ca85771-5c86-476e-b86b-803223352370/lans"
              }
            }
          }, {
            "id" : "ba4eaca1-08d0-4743-82d5-13806c40f62c",
            "type" : "datacenter",
            "href" : "https://api.ionos.com/cloudapi/v5/datacenters/ba4eaca1-08d0-4743-82d5-13806c40f62c",
            "metadata" : {
              "etag" : "a89801cf6bee04d0841e466b00a6cf66",
              "createdDate" : "2021-03-19T14:26:22Z",
              "createdBy" : "username",
              "createdByUserId" : "99156d9e-eb3f-4024-a3a4-283be74699c0",
              "lastModifiedDate" : "2021-03-19T14:26:22Z",
              "lastModifiedBy" : "username",
              "lastModifiedByUserId" : "99156d9e-eb3f-4024-a3a4-283be74699c0",
              "state" : "AVAILABLE"
            },
            "properties" : {
              "name" : "Unnamed Data Center",
              "description" : null,
              "location" : "de/txl",
              "version" : 2,
              "features" : [ "SSD" ],
              "secAuthProtection" : false
            },
            "entities" : {
              "servers" : {
                "id" : "ba4eaca1-08d0-4743-82d5-13806c40f62c/servers",
                "type" : "collection",
                "href" : "https://api.ionos.com/cloudapi/v5/datacenters/ba4eaca1-08d0-4743-82d5-13806c40f62c/servers"
              },
              "volumes" : {
                "id" : "ba4eaca1-08d0-4743-82d5-13806c40f62c/volumes",
                "type" : "collection",
                "href" : "https://api.ionos.com/cloudapi/v5/datacenters/ba4eaca1-08d0-4743-82d5-13806c40f62c/volumes"
              },
              "loadbalancers" : {
                "id" : "ba4eaca1-08d0-4743-82d5-13806c40f62c/loadbalancers",
                "type" : "collection",
                "href" : "https://api.ionos.com/cloudapi/v5/datacenters/ba4eaca1-08d0-4743-82d5-13806c40f62c/loadbalancers"
              },
              "lans" : {
                "id" : "ba4eaca1-08d0-4743-82d5-13806c40f62c/lans",
                "type" : "collection",
                "href" : "https://api.ionos.com/cloudapi/v5/datacenters/ba4eaca1-08d0-4743-82d5-13806c40f62c/lans"
              }
            }
          } ]
        }
  recorded_at: Fri, 19 Mar 2021 15:54:07 GMT
- request:
    method: get
    uri: https://api.ionos.com/cloudapi/v5/datacenters/1ca85771-5c86-476e-b86b-803223352370/servers?depth=3
    body:
      encoding: US-ASCII
      string: ''
    headers:
      User-Agent:
      - ionos-cloud-sdk-ruby/v5
      Content-Type:
      - application/json
      Accept:
      - application/json
      Authorization: Basic dXNlcm5hbWU6cGFzc3dvcmQ=
      Expect:
      - ''
  response:
    status:
      code: 200
      message: OK
    headers:
      Date:
      - Fri, 19 Mar 2021 15:54:08 GMT
      Server:
      - Apache/2.4.38 (Debian)
      Content-Length:
      - '8177'
      Content-Type:
      - application/json
      X-Frame-Options:
      - SAMEORIGIN
      X-Ratelimit-Burst:
      - '900'
      X-Ratelimit-Limit:
      - '1150'
      X-Ratelimit-Remaining:
      - '899'
      Access-Control-Allow-Origin:
      - "*"
      Access-Control-Allow-Headers:
      - "*"
      Access-Control-Expose-Headers:
      - "*"
      Access-Control-Allow-Methods:
      - "*"
      Access-Control-Allow-Credentials:
      - 'true'
    body:
      encoding: UTF-8
      string: |
        {
          "id" : "1ca85771-5c86-476e-b86b-803223352370/servers",
          "type" : "collection",
          "href" : "https://api.ionos.com/cloudapi/v5/datacenters/1ca85771-5c86-476e-b86b-803223352370/servers",
          "items" : [ {
            "id" : "2cc69def-8469-406e-a933-759fb13ba734",
            "type" : "server",
            "href" : "https://api.ionos.com/cloudapi/v5/datacenters/1ca85771-5c86-476e-b86b-803223352370/servers/2cc69def-8469-406e-a933-759fb13ba734",
            "metadata" : {
              "etag" : "8112487c1e03d671a00ef77460c9a555",
              "createdDate" : "2021-03-19T15:51:34Z",
              "createdBy" : "username",
              "createdByUserId" : "99156d9e-eb3f-4024-a3a4-283be74699c0",
              "lastModifiedDate" : "2021-03-19T15:51:34Z",
              "lastModifiedBy" : "username",
              "lastModifiedByUserId" : "99156d9e-eb3f-4024-a3a4-283be74699c0",
              "state" : "AVAILABLE"
            },
            "properties" : {
              "name" : "Puppet Module Test 2",
              "cores" : 1,
              "ram" : 1024,
              "availabilityZone" : "AUTO",
              "vmState" : "RUNNING",
              "bootCdrom" : null,
              "bootVolume" : null,
              "cpuFamily" : "INTEL_XEON"
            },
            "entities" : {
              "cdroms" : {
                "id" : "2cc69def-8469-406e-a933-759fb13ba734/cdroms",
                "type" : "collection",
                "href" : "https://api.ionos.com/cloudapi/v5/datacenters/1ca85771-5c86-476e-b86b-803223352370/servers/2cc69def-8469-406e-a933-759fb13ba734/cdroms",
                "items" : [ ]
              },
              "volumes" : {
                "id" : "2cc69def-8469-406e-a933-759fb13ba734/volumes",
                "type" : "collection",
                "href" : "https://api.ionos.com/cloudapi/v5/datacenters/1ca85771-5c86-476e-b86b-803223352370/servers/2cc69def-8469-406e-a933-759fb13ba734/volumes",
                "items" : [ {
                  "id" : "bd8fddad-44e7-4faa-a802-28b814ab4189",
                  "type" : "volume",
                  "href" : "https://api.ionos.com/cloudapi/v5/datacenters/1ca85771-5c86-476e-b86b-803223352370/volumes/bd8fddad-44e7-4faa-a802-28b814ab4189",
                  "metadata" : {
                    "etag" : "8112487c1e03d671a00ef77460c9a555",
                    "createdDate" : "2021-03-19T15:51:34Z",
                    "createdBy" : "username",
                    "createdByUserId" : "99156d9e-eb3f-4024-a3a4-283be74699c0",
                    "lastModifiedDate" : "2021-03-19T15:51:34Z",
                    "lastModifiedBy" : "username",
                    "lastModifiedByUserId" : "99156d9e-eb3f-4024-a3a4-283be74699c0",
                    "state" : "AVAILABLE"
                  },
                  "properties" : {
                    "name" : "Puppet Module Test",
                    "type" : "SSD",
                    "size" : 100,
                    "availabilityZone" : "AUTO",
                    "image" : "819ca987-7a42-11eb-9ba9-3ae5f2d5b516",
                    "imagePassword" : null,
                    "sshKeys" : null,
                    "bus" : "VIRTIO",
                    "licenceType" : "LINUX",
                    "cpuHotPlug" : true,
                    "ramHotPlug" : true,
                    "nicHotPlug" : true,
                    "nicHotUnplug" : true,
                    "discVirtioHotPlug" : true,
                    "discVirtioHotUnplug" : true,
                    "deviceNumber" : 1,
                    "userData" : null
                  }
                }, {
                  "id" : "47ef0212-e0d7-414e-bc21-9c14251a4aed",
                  "type" : "volume",
                  "href" : "https://api.ionos.com/cloudapi/v5/datacenters/1ca85771-5c86-476e-b86b-803223352370/volumes/47ef0212-e0d7-414e-bc21-9c14251a4aed",
                  "metadata" : {
                    "etag" : "8112487c1e03d671a00ef77460c9a555",
                    "createdDate" : "2021-03-19T15:51:34Z",
                    "createdBy" : "username",
                    "createdByUserId" : "99156d9e-eb3f-4024-a3a4-283be74699c0",
                    "lastModifiedDate" : "2021-03-19T15:51:34Z",
                    "lastModifiedBy" : "username",
                    "lastModifiedByUserId" : "99156d9e-eb3f-4024-a3a4-283be74699c0",
                    "state" : "AVAILABLE"
                  },
                  "properties" : {
                    "name" : "Puppet Module Test 2",
                    "type" : "HDD",
                    "size" : 10,
                    "availabilityZone" : "ZONE_3",
                    "image" : "819ca987-7a42-11eb-9ba9-3ae5f2d5b516",
                    "imagePassword" : null,
                    "sshKeys" : null,
                    "bus" : "VIRTIO",
                    "licenceType" : "LINUX",
                    "cpuHotPlug" : true,
                    "ramHotPlug" : true,
                    "nicHotPlug" : true,
                    "nicHotUnplug" : true,
                    "discVirtioHotPlug" : true,
                    "discVirtioHotUnplug" : true,
                    "deviceNumber" : 2,
                    "userData" : null
                  }
                } ]
              },
              "nics" : {
                "id" : "2cc69def-8469-406e-a933-759fb13ba734/nics",
                "type" : "collection",
                "href" : "https://api.ionos.com/cloudapi/v5/datacenters/1ca85771-5c86-476e-b86b-803223352370/servers/2cc69def-8469-406e-a933-759fb13ba734/nics",
                "items" : [ {
                  "id" : "4385fb85-baee-417c-95b7-ab49006c1256",
                  "type" : "nic",
                  "href" : "https://api.ionos.com/cloudapi/v5/datacenters/1ca85771-5c86-476e-b86b-803223352370/servers/2cc69def-8469-406e-a933-759fb13ba734/nics/4385fb85-baee-417c-95b7-ab49006c1256",
                  "metadata" : {
                    "etag" : "8112487c1e03d671a00ef77460c9a555",
                    "createdDate" : "2021-03-19T15:51:34Z",
                    "createdBy" : "username",
                    "createdByUserId" : "99156d9e-eb3f-4024-a3a4-283be74699c0",
                    "lastModifiedDate" : "2021-03-19T15:51:34Z",
                    "lastModifiedBy" : "username",
                    "lastModifiedByUserId" : "99156d9e-eb3f-4024-a3a4-283be74699c0",
                    "state" : "AVAILABLE"
                  },
                  "properties" : {
                    "name" : "Puppet Module Test",
                    "mac" : "02:01:9f:32:1e:fd",
                    "ips" : [ "10.13.172.11" ],
                    "dhcp" : true,
                    "lan" : 1,
                    "firewallActive" : true,
                    "nat" : false
                  },
                  "entities" : {
                    "firewallrules" : {
                      "id" : "4385fb85-baee-417c-95b7-ab49006c1256/firewallrules",
                      "type" : "collection",
                      "href" : "https://api.ionos.com/cloudapi/v5/datacenters/1ca85771-5c86-476e-b86b-803223352370/servers/2cc69def-8469-406e-a933-759fb13ba734/nics/4385fb85-baee-417c-95b7-ab49006c1256/firewallrules"
                    }
                  }
                } ]
              }
            }
          }, {
            "id" : "24cee4d7-3dee-4a5e-ae5f-fc333233dde2",
            "type" : "server",
            "href" : "https://api.ionos.com/cloudapi/v5/datacenters/1ca85771-5c86-476e-b86b-803223352370/servers/24cee4d7-3dee-4a5e-ae5f-fc333233dde2",
            "metadata" : {
              "etag" : "23ed051182b1c44bd042a08811f243cc",
              "createdDate" : "2021-03-19T15:51:23Z",
              "createdBy" : "username",
              "createdByUserId" : "99156d9e-eb3f-4024-a3a4-283be74699c0",
              "lastModifiedDate" : "2021-03-19T15:51:23Z",
              "lastModifiedBy" : "username",
              "lastModifiedByUserId" : "99156d9e-eb3f-4024-a3a4-283be74699c0",
              "state" : "AVAILABLE"
            },
            "properties" : {
              "name" : "Puppet Module Test",
              "cores" : 1,
              "ram" : 1024,
              "availabilityZone" : "ZONE_1",
              "vmState" : "RUNNING",
              "bootCdrom" : null,
              "bootVolume" : null,
              "cpuFamily" : "AMD_OPTERON"
            },
            "entities" : {
              "cdroms" : {
                "id" : "24cee4d7-3dee-4a5e-ae5f-fc333233dde2/cdroms",
                "type" : "collection",
                "href" : "https://api.ionos.com/cloudapi/v5/datacenters/1ca85771-5c86-476e-b86b-803223352370/servers/24cee4d7-3dee-4a5e-ae5f-fc333233dde2/cdroms",
                "items" : [ ]
              },
              "volumes" : {
                "id" : "24cee4d7-3dee-4a5e-ae5f-fc333233dde2/volumes",
                "type" : "collection",
                "href" : "https://api.ionos.com/cloudapi/v5/datacenters/1ca85771-5c86-476e-b86b-803223352370/servers/24cee4d7-3dee-4a5e-ae5f-fc333233dde2/volumes",
                "items" : [ ]
              },
              "nics" : {
                "id" : "24cee4d7-3dee-4a5e-ae5f-fc333233dde2/nics",
                "type" : "collection",
                "href" : "https://api.ionos.com/cloudapi/v5/datacenters/1ca85771-5c86-476e-b86b-803223352370/servers/24cee4d7-3dee-4a5e-ae5f-fc333233dde2/nics",
                "items" : [ ]
              }
            }
          } ]
        }
  recorded_at: Fri, 19 Mar 2021 15:54:08 GMT
- request:
    method: get
    uri: https://api.ionos.com/cloudapi/v5/datacenters/ba4eaca1-08d0-4743-82d5-13806c40f62c/servers?depth=3
    body:
      encoding: US-ASCII
      string: ''
    headers:
      User-Agent:
      - ionos-cloud-sdk-ruby/v5
      Content-Type:
      - application/json
      Accept:
      - application/json
      Authorization: Basic dXNlcm5hbWU6cGFzc3dvcmQ=
      Expect:
      - ''
  response:
    status:
      code: 200
      message: OK
    headers:
      Date:
      - Fri, 19 Mar 2021 15:54:08 GMT
      Server:
      - Apache/2.4.38 (Debian)
      Content-Length:
      - '207'
      Content-Type:
      - application/json
      X-Frame-Options:
      - SAMEORIGIN
      X-Ratelimit-Burst:
      - '900'
      X-Ratelimit-Limit:
      - '1150'
      X-Ratelimit-Remaining:
      - '899'
      Access-Control-Allow-Origin:
      - "*"
      Access-Control-Allow-Headers:
      - "*"
      Access-Control-Expose-Headers:
      - "*"
      Access-Control-Allow-Methods:
      - "*"
      Access-Control-Allow-Credentials:
      - 'true'
    body:
      encoding: UTF-8
      string: |
        {
          "id" : "ba4eaca1-08d0-4743-82d5-13806c40f62c/servers",
          "type" : "collection",
          "href" : "https://api.ionos.com/cloudapi/v5/datacenters/ba4eaca1-08d0-4743-82d5-13806c40f62c/servers",
          "items" : [ ]
        }
  recorded_at: Fri, 19 Mar 2021 15:54:08 GMT
recorded_with: VCR 6.0.0
