---
http_interactions:
- request:
    method: get
    uri: https://api.ionos.com/cloudapi/v5/datacenters?depth=1
    body:
      encoding: US-ASCII
      string: ''
    headers:
      User-Agent:
      - ionos-cloud-sdk-ruby/v5
      Content-Type:
      - application/json
      Accept:
      - application/json
      Authorization: Basic dXNlcm5hbWU6cGFzc3dvcmQ=
      Expect:
      - ''
  response:
    status:
      code: 200
      message: OK
    headers:
      Date:
      - Wed, 14 Apr 2021 12:36:55 GMT
      Server:
      - Apache/2.4.38 (Debian)
      Content-Length:
      - '3727'
      Content-Type:
      - application/json
      X-Frame-Options:
      - SAMEORIGIN
      X-Ratelimit-Burst:
      - '900'
      X-Ratelimit-Limit:
      - '1150'
      X-Ratelimit-Remaining:
      - '899'
      Access-Control-Allow-Origin:
      - "*"
      Access-Control-Allow-Headers:
      - "*"
      Access-Control-Expose-Headers:
      - "*"
      Access-Control-Allow-Methods:
      - "*"
      Access-Control-Allow-Credentials:
      - 'true'
    body:
      encoding: UTF-8
      string: |
        {
          "id" : "datacenters",
          "type" : "collection",
          "href" : "https://api.ionos.com/cloudapi/v5/datacenters",
          "items" : [ {
            "id" : "bf8aa1ce-1176-4d57-b614-c6ee7c5ab27d",
            "type" : "datacenter",
            "href" : "https://api.ionos.com/cloudapi/v5/datacenters/bf8aa1ce-1176-4d57-b614-c6ee7c5ab27d",
            "metadata" : {
              "etag" : "0fa9c92b2f7a81706a8766b2ca50f6b6",
              "createdDate" : "2021-04-14T12:35:57Z",
              "createdBy" : "username",
              "createdByUserId" : "99156d9e-eb3f-4024-a3a4-283be74699c0",
              "lastModifiedDate" : "2021-04-14T12:36:33Z",
              "lastModifiedBy" : "username",
              "lastModifiedByUserId" : "99156d9e-eb3f-4024-a3a4-283be74699c0",
              "state" : "AVAILABLE"
            },
            "properties" : {
              "name" : "Puppet Module Test",
              "description" : null,
              "location" : "us/las",
              "version" : 5,
              "features" : [ "SSD" ],
              "secAuthProtection" : false
            },
            "entities" : {
              "servers" : {
                "id" : "bf8aa1ce-1176-4d57-b614-c6ee7c5ab27d/servers",
                "type" : "collection",
                "href" : "https://api.ionos.com/cloudapi/v5/datacenters/bf8aa1ce-1176-4d57-b614-c6ee7c5ab27d/servers"
              },
              "volumes" : {
                "id" : "bf8aa1ce-1176-4d57-b614-c6ee7c5ab27d/volumes",
                "type" : "collection",
                "href" : "https://api.ionos.com/cloudapi/v5/datacenters/bf8aa1ce-1176-4d57-b614-c6ee7c5ab27d/volumes"
              },
              "loadbalancers" : {
                "id" : "bf8aa1ce-1176-4d57-b614-c6ee7c5ab27d/loadbalancers",
                "type" : "collection",
                "href" : "https://api.ionos.com/cloudapi/v5/datacenters/bf8aa1ce-1176-4d57-b614-c6ee7c5ab27d/loadbalancers"
              },
              "lans" : {
                "id" : "bf8aa1ce-1176-4d57-b614-c6ee7c5ab27d/lans",
                "type" : "collection",
                "href" : "https://api.ionos.com/cloudapi/v5/datacenters/bf8aa1ce-1176-4d57-b614-c6ee7c5ab27d/lans"
              }
            }
          }, {
            "id" : "a2a5f7ca-362d-4443-aee4-026781cb3cf7",
            "type" : "datacenter",
            "href" : "https://api.ionos.com/cloudapi/v5/datacenters/a2a5f7ca-362d-4443-aee4-026781cb3cf7",
            "metadata" : {
              "etag" : "e987f90856d30d6bb6d33094f080b0a7",
              "createdDate" : "2021-04-12T07:47:28Z",
              "createdBy" : "username",
              "createdByUserId" : "99156d9e-eb3f-4024-a3a4-283be74699c0",
              "lastModifiedDate" : "2021-04-12T07:51:40Z",
              "lastModifiedBy" : "username",
              "lastModifiedByUserId" : "99156d9e-eb3f-4024-a3a4-283be74699c0",
              "state" : "AVAILABLE"
            },
            "properties" : {
              "name" : "myDataCenter2",
              "description" : null,
              "location" : "us/las",
              "version" : 7,
              "features" : [ "SSD" ],
              "secAuthProtection" : false
            },
            "entities" : {
              "servers" : {
                "id" : "a2a5f7ca-362d-4443-aee4-026781cb3cf7/servers",
                "type" : "collection",
                "href" : "https://api.ionos.com/cloudapi/v5/datacenters/a2a5f7ca-362d-4443-aee4-026781cb3cf7/servers"
              },
              "volumes" : {
                "id" : "a2a5f7ca-362d-4443-aee4-026781cb3cf7/volumes",
                "type" : "collection",
                "href" : "https://api.ionos.com/cloudapi/v5/datacenters/a2a5f7ca-362d-4443-aee4-026781cb3cf7/volumes"
              },
              "loadbalancers" : {
                "id" : "a2a5f7ca-362d-4443-aee4-026781cb3cf7/loadbalancers",
                "type" : "collection",
                "href" : "https://api.ionos.com/cloudapi/v5/datacenters/a2a5f7ca-362d-4443-aee4-026781cb3cf7/loadbalancers"
              },
              "lans" : {
                "id" : "a2a5f7ca-362d-4443-aee4-026781cb3cf7/lans",
                "type" : "collection",
                "href" : "https://api.ionos.com/cloudapi/v5/datacenters/a2a5f7ca-362d-4443-aee4-026781cb3cf7/lans"
              }
            }
          } ]
        }
  recorded_at: Wed, 14 Apr 2021 12:36:55 GMT
- request:
    method: post
    uri: https://api.ionos.com/cloudapi/v5/datacenters/bf8aa1ce-1176-4d57-b614-c6ee7c5ab27d/servers
    body:
      encoding: UTF-8
      string: '{"properties":{"name":"Puppet Module Test","cores":1,"ram":1024,"availabilityZone":"ZONE_1","cpuFamily":"AMD_OPTERON"},"entities":{"volumes":{"items":[]},"nics":{"items":[]}}}'
    headers:
      User-Agent:
      - ionos-cloud-sdk-ruby/v5
      Content-Type:
      - application/json
      Accept:
      - application/json
      Authorization: Basic dXNlcm5hbWU6cGFzc3dvcmQ=
      Expect:
      - ''
  response:
    status:
      code: 202
      message: Accepted
    headers:
      Date:
      - Wed, 14 Apr 2021 12:36:55 GMT
      Server:
      - Apache/2.4.38 (Debian)
      Content-Length:
      - '1416'
      Content-Type:
      - application/json
      Etag:
      - 2047582bc019ac93dd100f96e4e167d6
      Location:
      - https://api.ionos.com/cloudapi/v5/requests/f08694e1-1649-4c77-8200-c199ef1ce8b1/status
      X-Frame-Options:
      - SAMEORIGIN
      X-Ratelimit-Burst:
      - '50'
      X-Ratelimit-Limit:
      - '120'
      X-Ratelimit-Remaining:
      - '49'
      Access-Control-Allow-Origin:
      - "*"
      Access-Control-Allow-Headers:
      - "*"
      Access-Control-Expose-Headers:
      - "*"
      Access-Control-Allow-Methods:
      - "*"
      Access-Control-Allow-Credentials:
      - 'true'
    body:
      encoding: UTF-8
      string: |
        {
          "id" : "dd98bc3e-1b03-4402-a6b1-6f1540fc8367",
          "type" : "server",
          "href" : "https://api.ionos.com/cloudapi/v5/datacenters/bf8aa1ce-1176-4d57-b614-c6ee7c5ab27d/servers/dd98bc3e-1b03-4402-a6b1-6f1540fc8367",
          "metadata" : {
            "etag" : "2047582bc019ac93dd100f96e4e167d6",
            "createdDate" : "2021-04-14T12:36:55Z",
            "createdBy" : "username",
            "createdByUserId" : "99156d9e-eb3f-4024-a3a4-283be74699c0",
            "lastModifiedDate" : "2021-04-14T12:36:55Z",
            "lastModifiedBy" : "username",
            "lastModifiedByUserId" : "99156d9e-eb3f-4024-a3a4-283be74699c0",
            "state" : "BUSY"
          },
          "properties" : {
            "name" : "Puppet Module Test",
            "cores" : 1,
            "ram" : 1024,
            "availabilityZone" : "ZONE_1",
            "vmState" : null,
            "bootCdrom" : null,
            "bootVolume" : null,
            "cpuFamily" : "AMD_OPTERON"
          },
          "entities" : {
            "volumes" : {
              "id" : "dd98bc3e-1b03-4402-a6b1-6f1540fc8367/volumes",
              "type" : "collection",
              "href" : "https://api.ionos.com/cloudapi/v5/datacenters/bf8aa1ce-1176-4d57-b614-c6ee7c5ab27d/servers/dd98bc3e-1b03-4402-a6b1-6f1540fc8367/volumes"
            },
            "nics" : {
              "id" : "dd98bc3e-1b03-4402-a6b1-6f1540fc8367/nics",
              "type" : "collection",
              "href" : "https://api.ionos.com/cloudapi/v5/datacenters/bf8aa1ce-1176-4d57-b614-c6ee7c5ab27d/servers/dd98bc3e-1b03-4402-a6b1-6f1540fc8367/nics"
            }
          }
        }
  recorded_at: Wed, 14 Apr 2021 12:36:56 GMT
- request:
    method: get
    uri: https://api.ionos.com/cloudapi/v5/requests/f08694e1-1649-4c77-8200-c199ef1ce8b1/status
    body:
      encoding: US-ASCII
      string: ''
    headers:
      User-Agent:
      - ionos-cloud-sdk-ruby/v5
      Content-Type:
      - application/json
      Accept:
      - application/json
      Authorization: Basic dXNlcm5hbWU6cGFzc3dvcmQ=
      Expect:
      - ''
  response:
    status:
      code: 200
      message: OK
    headers:
      Date:
      - Wed, 14 Apr 2021 12:37:06 GMT
      Server:
      - Apache/2.4.38 (Debian)
      Content-Length:
      - '650'
      Content-Type:
      - application/json
      Etag:
      - 2ba22e58ca17bb728d522bba36cf8350
      X-Frame-Options:
      - SAMEORIGIN
      X-Ratelimit-Burst:
      - '900'
      X-Ratelimit-Limit:
      - '1150'
      X-Ratelimit-Remaining:
      - '899'
      Access-Control-Allow-Origin:
      - "*"
      Access-Control-Allow-Headers:
      - "*"
      Access-Control-Expose-Headers:
      - "*"
      Access-Control-Allow-Methods:
      - "*"
      Access-Control-Allow-Credentials:
      - 'true'
    body:
      encoding: UTF-8
      string: |
        {
          "id" : "f08694e1-1649-4c77-8200-c199ef1ce8b1/status",
          "type" : "request-status",
          "href" : "https://api.ionos.com/cloudapi/v5/requests/f08694e1-1649-4c77-8200-c199ef1ce8b1/status",
          "metadata" : {
            "status" : "DONE",
            "message" : "Request has been successfully executed",
            "etag" : "2ba22e58ca17bb728d522bba36cf8350",
            "targets" : [ {
              "target" : {
                "id" : "dd98bc3e-1b03-4402-a6b1-6f1540fc8367",
                "type" : "server",
                "href" : "https://api.ionos.com/cloudapi/v5/datacenters/bf8aa1ce-1176-4d57-b614-c6ee7c5ab27d/servers/dd98bc3e-1b03-4402-a6b1-6f1540fc8367"
              },
              "status" : "DONE"
            } ]
          }
        }
  recorded_at: Wed, 14 Apr 2021 12:37:06 GMT
recorded_with: VCR 6.0.0
