---
http_interactions:
- request:
    method: get
    uri: https://api.ionos.com/cloudapi/v6/datacenters?depth=1
    body:
      encoding: US-ASCII
      string: ''
    headers:
      User-Agent:
      - ionos-cloud-sdk-ruby/v6
      Content-Type:
      - application/json
      Accept:
      - application/json
      Authorization: Basic dXNlcm5hbWU6cGFzc3dvcmQ=
      Expect:
      - ''
  response:
    status:
      code: 200
      message: OK
    headers:
      Date:
      - Mon, 12 Jul 2021 13:43:44 GMT
      Server:
      - Apache/2.4.38 (Debian)
      Content-Length:
      - '6322'
      Content-Type:
      - application/json
      X-Frame-Options:
      - SAMEORIGIN
      X-Ratelimit-Burst:
      - '900'
      X-Ratelimit-Limit:
      - '1150'
      X-Ratelimit-Remaining:
      - '899'
      Access-Control-Allow-Origin:
      - "*"
      Access-Control-Allow-Headers:
      - "*"
      Access-Control-Expose-Headers:
      - "*"
      Access-Control-Allow-Methods:
      - "*"
      Access-Control-Allow-Credentials:
      - 'true'
    body:
      encoding: ASCII-8BIT
      string: |
        {
          "id" : "datacenters",
          "type" : "collection",
          "href" : "https://api.ionos.com/cloudapi/v6/datacenters",
          "items" : [ {
            "id" : "b71fa566-a843-4667-9991-259469531c3f",
            "type" : "datacenter",
            "href" : "https://api.ionos.com/cloudapi/v6/datacenters/b71fa566-a843-4667-9991-259469531c3f",
            "metadata" : {
              "etag" : "82fda0a55ae9ade26c254082fddd024e",
              "createdDate" : "2021-07-12T13:37:09Z",
              "createdBy" : "username",
              "createdByUserId" : "99156d9e-eb3f-4024-a3a4-283be74699c0",
              "lastModifiedDate" : "2021-07-12T13:42:32Z",
              "lastModifiedBy" : "username",
              "lastModifiedByUserId" : "99156d9e-eb3f-4024-a3a4-283be74699c0",
              "state" : "AVAILABLE"
            },
            "properties" : {
              "name" : "puppet_module_test6w3g3g34g3g34g3g89g34d0ebc5ed",
              "description" : "Puppet Module test description",
              "location" : "de/txl",
              "version" : 22,
              "features" : [ "vnf-nat", "ssd", "vnf-nat-pcc-connection", "k8s", "ssd-storage-zoning", "vnf-fw", "nic-hot-plug", "vnf-lb", "vnf-nlb-pcc-connection", "pcc", "nic-hot-unplug", "contract-identities", "disk-vio-hot-unplug", "disk-vio-hot-plug", "flow-logs", "cpu-hot-plug", "vnf-cidr", "core-vps", "mem-hot-plug", "private-loadbalancer" ],
              "secAuthProtection" : false,
              "cpuArchitecture" : [ {
                "cpuFamily" : "INTEL_SKYLAKE",
                "vendor" : "GenuineIntel",
                "maxCores" : 4,
                "maxRam" : 20480
              } ]
            },
            "entities" : {
              "servers" : {
                "id" : "b71fa566-a843-4667-9991-259469531c3f/servers",
                "type" : "collection",
                "href" : "https://api.ionos.com/cloudapi/v6/datacenters/b71fa566-a843-4667-9991-259469531c3f/servers"
              },
              "volumes" : {
                "id" : "b71fa566-a843-4667-9991-259469531c3f/volumes",
                "type" : "collection",
                "href" : "https://api.ionos.com/cloudapi/v6/datacenters/b71fa566-a843-4667-9991-259469531c3f/volumes"
              },
              "loadbalancers" : {
                "id" : "b71fa566-a843-4667-9991-259469531c3f/loadbalancers",
                "type" : "collection",
                "href" : "https://api.ionos.com/cloudapi/v6/datacenters/b71fa566-a843-4667-9991-259469531c3f/loadbalancers"
              },
              "lans" : {
                "id" : "b71fa566-a843-4667-9991-259469531c3f/lans",
                "type" : "collection",
                "href" : "https://api.ionos.com/cloudapi/v6/datacenters/b71fa566-a843-4667-9991-259469531c3f/lans"
              },
              "networkloadbalancers" : {
                "id" : "b71fa566-a843-4667-9991-259469531c3f/networkloadbalancers",
                "type" : "collection",
                "href" : "https://api.ionos.com/cloudapi/v6/datacenters/b71fa566-a843-4667-9991-259469531c3f/networkloadbalancers"
              },
              "applicationloadbalancers" : {
                "id" : "b71fa566-a843-4667-9991-259469531c3f/applicationloadbalancers",
                "type" : "collection",
                "href" : "https://api.ionos.com/cloudapi/v6/datacenters/b71fa566-a843-4667-9991-259469531c3f/applicationloadbalancers"
              },
              "natgateways" : {
                "id" : "b71fa566-a843-4667-9991-259469531c3f/natgateways",
                "type" : "collection",
                "href" : "https://api.ionos.com/cloudapi/v6/datacenters/b71fa566-a843-4667-9991-259469531c3f/natgateways"
              }
            }
          }, {
            "id" : "64d0766b-0fd0-458e-9bc9-33c885f2d513",
            "type" : "datacenter",
            "href" : "https://api.ionos.com/cloudapi/v6/datacenters/64d0766b-0fd0-458e-9bc9-33c885f2d513",
            "metadata" : {
              "etag" : "9afd51d9fc58a3effee34c9ceb1ea15e",
              "createdDate" : "2021-05-20T07:30:50Z",
              "createdBy" : "username",
              "createdByUserId" : "99156d9e-eb3f-4024-a3a4-283be74699c0",
              "lastModifiedDate" : "2021-05-20T19:42:10Z",
              "lastModifiedBy" : "[UNKNOWN]",
              "lastModifiedByUserId" : "[UNKNOWN]",
              "state" : "AVAILABLE"
            },
            "properties" : {
              "name" : "SDK AUTO-TEST",
              "description" : "Datacenter created by an automated test.",
              "location" : "de/fra",
              "version" : 9,
              "features" : [ "vnf-nat", "ssd", "vnf-nat-pcc-connection", "k8s", "ssd-storage-zoning", "vnf-fw", "nic-hot-plug", "vnf-lb", "vnf-nlb-pcc-connection", "pcc", "nic-hot-unplug", "contract-identities", "disk-vio-hot-unplug", "disk-vio-hot-plug", "flow-logs", "cpu-hot-plug", "vnf-cidr", "mem-hot-plug", "private-loadbalancer" ],
              "secAuthProtection" : false,
              "cpuArchitecture" : [ {
                "cpuFamily" : "INTEL_SKYLAKE",
                "vendor" : "GenuineIntel",
                "maxCores" : 4,
                "maxRam" : 20480
              } ]
            },
            "entities" : {
              "servers" : {
                "id" : "64d0766b-0fd0-458e-9bc9-33c885f2d513/servers",
                "type" : "collection",
                "href" : "https://api.ionos.com/cloudapi/v6/datacenters/64d0766b-0fd0-458e-9bc9-33c885f2d513/servers"
              },
              "volumes" : {
                "id" : "64d0766b-0fd0-458e-9bc9-33c885f2d513/volumes",
                "type" : "collection",
                "href" : "https://api.ionos.com/cloudapi/v6/datacenters/64d0766b-0fd0-458e-9bc9-33c885f2d513/volumes"
              },
              "loadbalancers" : {
                "id" : "64d0766b-0fd0-458e-9bc9-33c885f2d513/loadbalancers",
                "type" : "collection",
                "href" : "https://api.ionos.com/cloudapi/v6/datacenters/64d0766b-0fd0-458e-9bc9-33c885f2d513/loadbalancers"
              },
              "lans" : {
                "id" : "64d0766b-0fd0-458e-9bc9-33c885f2d513/lans",
                "type" : "collection",
                "href" : "https://api.ionos.com/cloudapi/v6/datacenters/64d0766b-0fd0-458e-9bc9-33c885f2d513/lans"
              },
              "networkloadbalancers" : {
                "id" : "64d0766b-0fd0-458e-9bc9-33c885f2d513/networkloadbalancers",
                "type" : "collection",
                "href" : "https://api.ionos.com/cloudapi/v6/datacenters/64d0766b-0fd0-458e-9bc9-33c885f2d513/networkloadbalancers"
              },
              "applicationloadbalancers" : {
                "id" : "64d0766b-0fd0-458e-9bc9-33c885f2d513/applicationloadbalancers",
                "type" : "collection",
                "href" : "https://api.ionos.com/cloudapi/v6/datacenters/64d0766b-0fd0-458e-9bc9-33c885f2d513/applicationloadbalancers"
              },
              "natgateways" : {
                "id" : "64d0766b-0fd0-458e-9bc9-33c885f2d513/natgateways",
                "type" : "collection",
                "href" : "https://api.ionos.com/cloudapi/v6/datacenters/64d0766b-0fd0-458e-9bc9-33c885f2d513/natgateways"
              }
            }
          } ]
        }
  recorded_at: Mon, 12 Jul 2021 13:43:45 GMT
- request:
    method: get
    uri: https://api.ionos.com/cloudapi/v6/datacenters/b71fa566-a843-4667-9991-259469531c3f/servers?depth=1
    body:
      encoding: US-ASCII
      string: ''
    headers:
      User-Agent:
      - ionos-cloud-sdk-ruby/v6
      Content-Type:
      - application/json
      Accept:
      - application/json
      Authorization: Basic dXNlcm5hbWU6cGFzc3dvcmQ=
      Expect:
      - ''
  response:
    status:
      code: 200
      message: OK
    headers:
      Date:
      - Mon, 12 Jul 2021 13:43:45 GMT
      Server:
      - Apache/2.4.38 (Debian)
      Content-Length:
      - '5767'
      Content-Type:
      - application/json
      X-Frame-Options:
      - SAMEORIGIN
      X-Ratelimit-Burst:
      - '900'
      X-Ratelimit-Limit:
      - '1150'
      X-Ratelimit-Remaining:
      - '899'
      Access-Control-Allow-Origin:
      - "*"
      Access-Control-Allow-Headers:
      - "*"
      Access-Control-Expose-Headers:
      - "*"
      Access-Control-Allow-Methods:
      - "*"
      Access-Control-Allow-Credentials:
      - 'true'
    body:
      encoding: ASCII-8BIT
      string: |
        {
          "id" : "b71fa566-a843-4667-9991-259469531c3f/servers",
          "type" : "collection",
          "href" : "https://api.ionos.com/cloudapi/v6/datacenters/b71fa566-a843-4667-9991-259469531c3f/servers",
          "items" : [ {
            "id" : "6d824881-f555-41b1-bd77-1e2bcacbafce",
            "type" : "server",
            "href" : "https://api.ionos.com/cloudapi/v6/datacenters/b71fa566-a843-4667-9991-259469531c3f/servers/6d824881-f555-41b1-bd77-1e2bcacbafce",
            "metadata" : {
              "etag" : "82fda0a55ae9ade26c254082fddd024e",
              "createdDate" : "2021-07-12T13:37:29Z",
              "createdBy" : "username",
              "createdByUserId" : "99156d9e-eb3f-4024-a3a4-283be74699c0",
              "lastModifiedDate" : "2021-07-12T13:42:32Z",
              "lastModifiedBy" : "username",
              "lastModifiedByUserId" : "99156d9e-eb3f-4024-a3a4-283be74699c0",
              "state" : "AVAILABLE"
            },
            "properties" : {
              "name" : "puppet_module_test6ffwgwegwegwegwegewgwh4d0ebc5ed",
              "cores" : 2,
              "ram" : 2048,
              "availabilityZone" : "AUTO",
              "vmState" : "RUNNING",
              "bootCdrom" : null,
              "bootVolume" : null,
              "cpuFamily" : "INTEL_SKYLAKE",
              "type" : "ENTERPRISE"
            },
            "entities" : {
              "cdroms" : {
                "id" : "6d824881-f555-41b1-bd77-1e2bcacbafce/cdroms",
                "type" : "collection",
                "href" : "https://api.ionos.com/cloudapi/v6/datacenters/b71fa566-a843-4667-9991-259469531c3f/servers/6d824881-f555-41b1-bd77-1e2bcacbafce/cdroms"
              },
              "volumes" : {
                "id" : "6d824881-f555-41b1-bd77-1e2bcacbafce/volumes",
                "type" : "collection",
                "href" : "https://api.ionos.com/cloudapi/v6/datacenters/b71fa566-a843-4667-9991-259469531c3f/servers/6d824881-f555-41b1-bd77-1e2bcacbafce/volumes"
              },
              "nics" : {
                "id" : "6d824881-f555-41b1-bd77-1e2bcacbafce/nics",
                "type" : "collection",
                "href" : "https://api.ionos.com/cloudapi/v6/datacenters/b71fa566-a843-4667-9991-259469531c3f/servers/6d824881-f555-41b1-bd77-1e2bcacbafce/nics"
              }
            }
          }, {
            "id" : "128a4d5e-a3e3-48f4-a3c5-1859208e844c",
            "type" : "server",
            "href" : "https://api.ionos.com/cloudapi/v6/datacenters/b71fa566-a843-4667-9991-259469531c3f/servers/128a4d5e-a3e3-48f4-a3c5-1859208e844c",
            "metadata" : {
              "etag" : "01216f4cd0322974c2e007281161096b",
              "createdDate" : "2021-07-12T13:37:18Z",
              "createdBy" : "username",
              "createdByUserId" : "99156d9e-eb3f-4024-a3a4-283be74699c0",
              "lastModifiedDate" : "2021-07-12T13:40:44Z",
              "lastModifiedBy" : "username",
              "lastModifiedByUserId" : "99156d9e-eb3f-4024-a3a4-283be74699c0",
              "state" : "AVAILABLE"
            },
            "properties" : {
              "name" : "puppet_module_test6ffwegwgwegwwdqw5eh4d0ebc5ed",
              "cores" : 1,
              "ram" : 1024,
              "availabilityZone" : "AUTO",
              "vmState" : "RUNNING",
              "bootCdrom" : null,
              "bootVolume" : null,
              "cpuFamily" : "INTEL_SKYLAKE",
              "type" : "ENTERPRISE"
            },
            "entities" : {
              "cdroms" : {
                "id" : "128a4d5e-a3e3-48f4-a3c5-1859208e844c/cdroms",
                "type" : "collection",
                "href" : "https://api.ionos.com/cloudapi/v6/datacenters/b71fa566-a843-4667-9991-259469531c3f/servers/128a4d5e-a3e3-48f4-a3c5-1859208e844c/cdroms"
              },
              "volumes" : {
                "id" : "128a4d5e-a3e3-48f4-a3c5-1859208e844c/volumes",
                "type" : "collection",
                "href" : "https://api.ionos.com/cloudapi/v6/datacenters/b71fa566-a843-4667-9991-259469531c3f/servers/128a4d5e-a3e3-48f4-a3c5-1859208e844c/volumes"
              },
              "nics" : {
                "id" : "128a4d5e-a3e3-48f4-a3c5-1859208e844c/nics",
                "type" : "collection",
                "href" : "https://api.ionos.com/cloudapi/v6/datacenters/b71fa566-a843-4667-9991-259469531c3f/servers/128a4d5e-a3e3-48f4-a3c5-1859208e844c/nics"
              }
            }
          }, {
            "id" : "7bbfc8aa-a24b-4efe-b78e-f7e26d79939d",
            "type" : "server",
            "href" : "https://api.ionos.com/cloudapi/v6/datacenters/b71fa566-a843-4667-9991-259469531c3f/servers/7bbfc8aa-a24b-4efe-b78e-f7e26d79939d",
            "metadata" : {
              "etag" : "bf40548ff896c027011811470e3eb55d",
              "createdDate" : "2021-07-12T13:37:50Z",
              "createdBy" : "username",
              "createdByUserId" : "99156d9e-eb3f-4024-a3a4-283be74699c0",
              "lastModifiedDate" : "2021-07-12T13:37:50Z",
              "lastModifiedBy" : "username",
              "lastModifiedByUserId" : "99156d9e-eb3f-4024-a3a4-283be74699c0",
              "state" : "AVAILABLE"
            },
            "properties" : {
              "name" : "puppet_module_test6ffwggergergergeadadegewgwh4d0ebc5ed",
              "cores" : 1,
              "ram" : 1024,
              "availabilityZone" : "AUTO",
              "vmState" : "RUNNING",
              "bootCdrom" : null,
              "bootVolume" : null,
              "cpuFamily" : "INTEL_SKYLAKE",
              "type" : "CUBE",
              "templateUuid" : "15c6dd2f-02d2-4987-b439-9a58dd59ecc3"
            },
            "entities" : {
              "cdroms" : {
                "id" : "7bbfc8aa-a24b-4efe-b78e-f7e26d79939d/cdroms",
                "type" : "collection",
                "href" : "https://api.ionos.com/cloudapi/v6/datacenters/b71fa566-a843-4667-9991-259469531c3f/servers/7bbfc8aa-a24b-4efe-b78e-f7e26d79939d/cdroms"
              },
              "volumes" : {
                "id" : "7bbfc8aa-a24b-4efe-b78e-f7e26d79939d/volumes",
                "type" : "collection",
                "href" : "https://api.ionos.com/cloudapi/v6/datacenters/b71fa566-a843-4667-9991-259469531c3f/servers/7bbfc8aa-a24b-4efe-b78e-f7e26d79939d/volumes"
              },
              "nics" : {
                "id" : "7bbfc8aa-a24b-4efe-b78e-f7e26d79939d/nics",
                "type" : "collection",
                "href" : "https://api.ionos.com/cloudapi/v6/datacenters/b71fa566-a843-4667-9991-259469531c3f/servers/7bbfc8aa-a24b-4efe-b78e-f7e26d79939d/nics"
              }
            }
          } ]
        }
  recorded_at: Mon, 12 Jul 2021 13:43:45 GMT
- request:
    method: post
    uri: https://api.ionos.com/cloudapi/v6/datacenters/b71fa566-a843-4667-9991-259469531c3f/servers/6d824881-f555-41b1-bd77-1e2bcacbafce/reboot
    body:
      encoding: US-ASCII
      string: ''
    headers:
      User-Agent:
      - ionos-cloud-sdk-ruby/v6
      Content-Type:
      - application/json
      Accept:
      - application/json
      Authorization: Basic dXNlcm5hbWU6cGFzc3dvcmQ=
      Expect:
      - ''
  response:
    status:
      code: 202
      message: Accepted
    headers:
      Date:
      - Mon, 12 Jul 2021 13:43:45 GMT
      Server:
      - Apache/2.4.38 (Debian)
      Content-Length:
      - '0'
      Etag:
      - e2b535a996dbfb1d9f6df1715ebcf525
      Location:
      - https://api.ionos.com/cloudapi/v6/requests/ccb2c53b-1378-4ec8-9704-e0798ac7074c/status
      X-Frame-Options:
      - SAMEORIGIN
      X-Ratelimit-Burst:
      - '50'
      X-Ratelimit-Limit:
      - '120'
      X-Ratelimit-Remaining:
      - '49'
      Access-Control-Allow-Origin:
      - "*"
      Access-Control-Allow-Headers:
      - "*"
      Access-Control-Expose-Headers:
      - "*"
      Access-Control-Allow-Methods:
      - "*"
      Access-Control-Allow-Credentials:
      - 'true'
    body:
      encoding: ASCII-8BIT
      string: ''
  recorded_at: Mon, 12 Jul 2021 13:43:45 GMT
- request:
    method: get
    uri: https://api.ionos.com/cloudapi/v6/requests/ccb2c53b-1378-4ec8-9704-e0798ac7074c/status
    body:
      encoding: US-ASCII
      string: ''
    headers:
      User-Agent:
      - ionos-cloud-sdk-ruby/v6
      Content-Type:
      - application/json
      Accept:
      - application/json
      Authorization: Basic dXNlcm5hbWU6cGFzc3dvcmQ=
      Expect:
      - ''
  response:
    status:
      code: 200
      message: OK
    headers:
      Date:
      - Mon, 12 Jul 2021 13:44:06 GMT
      Server:
      - Apache/2.4.38 (Debian)
      Content-Length:
      - '650'
      Content-Type:
      - application/json
      Etag:
      - 2ba22e58ca17bb728d522bba36cf8350
      X-Frame-Options:
      - SAMEORIGIN
      X-Ratelimit-Burst:
      - '900'
      X-Ratelimit-Limit:
      - '1150'
      X-Ratelimit-Remaining:
      - '899'
      Access-Control-Allow-Origin:
      - "*"
      Access-Control-Allow-Headers:
      - "*"
      Access-Control-Expose-Headers:
      - "*"
      Access-Control-Allow-Methods:
      - "*"
      Access-Control-Allow-Credentials:
      - 'true'
    body:
      encoding: UTF-8
      string: |
        {
          "id" : "ccb2c53b-1378-4ec8-9704-e0798ac7074c/status",
          "type" : "request-status",
          "href" : "https://api.ionos.com/cloudapi/v6/requests/ccb2c53b-1378-4ec8-9704-e0798ac7074c/status",
          "metadata" : {
            "status" : "DONE",
            "message" : "Request has been successfully executed",
            "etag" : "2ba22e58ca17bb728d522bba36cf8350",
            "targets" : [ {
              "target" : {
                "id" : "6d824881-f555-41b1-bd77-1e2bcacbafce",
                "type" : "server",
                "href" : "https://api.ionos.com/cloudapi/v6/datacenters/b71fa566-a843-4667-9991-259469531c3f/servers/6d824881-f555-41b1-bd77-1e2bcacbafce"
              },
              "status" : "DONE"
            } ]
          }
        }
  recorded_at: Mon, 12 Jul 2021 13:44:06 GMT
recorded_with: VCR 6.0.0
