---
http_interactions:
- request:
    method: get
    uri: https://api.ionos.com/cloudapi/v6/datacenters?depth=1
    body:
      encoding: US-ASCII
      string: ''
    headers:
      User-Agent:
      - ionos-cloud-sdk-ruby/v6
      Content-Type:
      - application/json
      Accept:
      - application/json
      Authorization: Basic dXNlcm5hbWU6cGFzc3dvcmQ=
      Expect:
      - ''
  response:
    status:
      code: 200
      message: OK
    headers:
      Date:
      - Mon, 12 Jul 2021 12:37:21 GMT
      Server:
      - Apache/2.4.38 (Debian)
      Content-Length:
      - '6322'
      Content-Type:
      - application/json
      X-Frame-Options:
      - SAMEORIGIN
      X-Ratelimit-Burst:
      - '900'
      X-Ratelimit-Limit:
      - '1150'
      X-Ratelimit-Remaining:
      - '899'
      Access-Control-Allow-Origin:
      - "*"
      Access-Control-Allow-Headers:
      - "*"
      Access-Control-Expose-Headers:
      - "*"
      Access-Control-Allow-Methods:
      - "*"
      Access-Control-Allow-Credentials:
      - 'true'
    body:
      encoding: ASCII-8BIT
      string: |
        {
          "id" : "datacenters",
          "type" : "collection",
          "href" : "https://api.ionos.com/cloudapi/v6/datacenters",
          "items" : [ {
            "id" : "4809a1da-a394-4c1e-a046-34950d6f37d9",
            "type" : "datacenter",
            "href" : "https://api.ionos.com/cloudapi/v6/datacenters/4809a1da-a394-4c1e-a046-34950d6f37d9",
            "metadata" : {
              "etag" : "3fdb71023074ec80fab2b7824d4e0c74",
              "createdDate" : "2021-07-12T12:30:53Z",
              "createdBy" : "username",
              "createdByUserId" : "99156d9e-eb3f-4024-a3a4-283be74699c0",
              "lastModifiedDate" : "2021-07-12T12:35:43Z",
              "lastModifiedBy" : "username",
              "lastModifiedByUserId" : "99156d9e-eb3f-4024-a3a4-283be74699c0",
              "state" : "AVAILABLE"
            },
            "properties" : {
              "name" : "puppet_module_test6w3g3g34g3g34g3g89g34d0ebc5ed",
              "description" : "Puppet Module test description",
              "location" : "de/txl",
              "version" : 22,
              "features" : [ "vnf-nat", "ssd", "vnf-nat-pcc-connection", "k8s", "ssd-storage-zoning", "vnf-fw", "nic-hot-plug", "vnf-lb", "vnf-nlb-pcc-connection", "pcc", "nic-hot-unplug", "contract-identities", "disk-vio-hot-unplug", "disk-vio-hot-plug", "flow-logs", "cpu-hot-plug", "vnf-cidr", "core-vps", "mem-hot-plug", "private-loadbalancer" ],
              "secAuthProtection" : false,
              "cpuArchitecture" : [ {
                "cpuFamily" : "INTEL_SKYLAKE",
                "vendor" : "GenuineIntel",
                "maxCores" : 4,
                "maxRam" : 20480
              } ]
            },
            "entities" : {
              "servers" : {
                "id" : "4809a1da-a394-4c1e-a046-34950d6f37d9/servers",
                "type" : "collection",
                "href" : "https://api.ionos.com/cloudapi/v6/datacenters/4809a1da-a394-4c1e-a046-34950d6f37d9/servers"
              },
              "volumes" : {
                "id" : "4809a1da-a394-4c1e-a046-34950d6f37d9/volumes",
                "type" : "collection",
                "href" : "https://api.ionos.com/cloudapi/v6/datacenters/4809a1da-a394-4c1e-a046-34950d6f37d9/volumes"
              },
              "loadbalancers" : {
                "id" : "4809a1da-a394-4c1e-a046-34950d6f37d9/loadbalancers",
                "type" : "collection",
                "href" : "https://api.ionos.com/cloudapi/v6/datacenters/4809a1da-a394-4c1e-a046-34950d6f37d9/loadbalancers"
              },
              "lans" : {
                "id" : "4809a1da-a394-4c1e-a046-34950d6f37d9/lans",
                "type" : "collection",
                "href" : "https://api.ionos.com/cloudapi/v6/datacenters/4809a1da-a394-4c1e-a046-34950d6f37d9/lans"
              },
              "networkloadbalancers" : {
                "id" : "4809a1da-a394-4c1e-a046-34950d6f37d9/networkloadbalancers",
                "type" : "collection",
                "href" : "https://api.ionos.com/cloudapi/v6/datacenters/4809a1da-a394-4c1e-a046-34950d6f37d9/networkloadbalancers"
              },
              "applicationloadbalancers" : {
                "id" : "4809a1da-a394-4c1e-a046-34950d6f37d9/applicationloadbalancers",
                "type" : "collection",
                "href" : "https://api.ionos.com/cloudapi/v6/datacenters/4809a1da-a394-4c1e-a046-34950d6f37d9/applicationloadbalancers"
              },
              "natgateways" : {
                "id" : "4809a1da-a394-4c1e-a046-34950d6f37d9/natgateways",
                "type" : "collection",
                "href" : "https://api.ionos.com/cloudapi/v6/datacenters/4809a1da-a394-4c1e-a046-34950d6f37d9/natgateways"
              }
            }
          }, {
            "id" : "64d0766b-0fd0-458e-9bc9-33c885f2d513",
            "type" : "datacenter",
            "href" : "https://api.ionos.com/cloudapi/v6/datacenters/64d0766b-0fd0-458e-9bc9-33c885f2d513",
            "metadata" : {
              "etag" : "9afd51d9fc58a3effee34c9ceb1ea15e",
              "createdDate" : "2021-05-20T07:30:50Z",
              "createdBy" : "username",
              "createdByUserId" : "99156d9e-eb3f-4024-a3a4-283be74699c0",
              "lastModifiedDate" : "2021-05-20T19:42:10Z",
              "lastModifiedBy" : "[UNKNOWN]",
              "lastModifiedByUserId" : "[UNKNOWN]",
              "state" : "AVAILABLE"
            },
            "properties" : {
              "name" : "SDK AUTO-TEST",
              "description" : "Datacenter created by an automated test.",
              "location" : "de/fra",
              "version" : 9,
              "features" : [ "vnf-nat", "ssd", "vnf-nat-pcc-connection", "k8s", "ssd-storage-zoning", "vnf-fw", "nic-hot-plug", "vnf-lb", "vnf-nlb-pcc-connection", "pcc", "nic-hot-unplug", "contract-identities", "disk-vio-hot-unplug", "disk-vio-hot-plug", "flow-logs", "cpu-hot-plug", "vnf-cidr", "mem-hot-plug", "private-loadbalancer" ],
              "secAuthProtection" : false,
              "cpuArchitecture" : [ {
                "cpuFamily" : "INTEL_SKYLAKE",
                "vendor" : "GenuineIntel",
                "maxCores" : 4,
                "maxRam" : 20480
              } ]
            },
            "entities" : {
              "servers" : {
                "id" : "64d0766b-0fd0-458e-9bc9-33c885f2d513/servers",
                "type" : "collection",
                "href" : "https://api.ionos.com/cloudapi/v6/datacenters/64d0766b-0fd0-458e-9bc9-33c885f2d513/servers"
              },
              "volumes" : {
                "id" : "64d0766b-0fd0-458e-9bc9-33c885f2d513/volumes",
                "type" : "collection",
                "href" : "https://api.ionos.com/cloudapi/v6/datacenters/64d0766b-0fd0-458e-9bc9-33c885f2d513/volumes"
              },
              "loadbalancers" : {
                "id" : "64d0766b-0fd0-458e-9bc9-33c885f2d513/loadbalancers",
                "type" : "collection",
                "href" : "https://api.ionos.com/cloudapi/v6/datacenters/64d0766b-0fd0-458e-9bc9-33c885f2d513/loadbalancers"
              },
              "lans" : {
                "id" : "64d0766b-0fd0-458e-9bc9-33c885f2d513/lans",
                "type" : "collection",
                "href" : "https://api.ionos.com/cloudapi/v6/datacenters/64d0766b-0fd0-458e-9bc9-33c885f2d513/lans"
              },
              "networkloadbalancers" : {
                "id" : "64d0766b-0fd0-458e-9bc9-33c885f2d513/networkloadbalancers",
                "type" : "collection",
                "href" : "https://api.ionos.com/cloudapi/v6/datacenters/64d0766b-0fd0-458e-9bc9-33c885f2d513/networkloadbalancers"
              },
              "applicationloadbalancers" : {
                "id" : "64d0766b-0fd0-458e-9bc9-33c885f2d513/applicationloadbalancers",
                "type" : "collection",
                "href" : "https://api.ionos.com/cloudapi/v6/datacenters/64d0766b-0fd0-458e-9bc9-33c885f2d513/applicationloadbalancers"
              },
              "natgateways" : {
                "id" : "64d0766b-0fd0-458e-9bc9-33c885f2d513/natgateways",
                "type" : "collection",
                "href" : "https://api.ionos.com/cloudapi/v6/datacenters/64d0766b-0fd0-458e-9bc9-33c885f2d513/natgateways"
              }
            }
          } ]
        }
  recorded_at: Mon, 12 Jul 2021 12:37:21 GMT
- request:
    method: get
    uri: https://api.ionos.com/cloudapi/v6/datacenters/4809a1da-a394-4c1e-a046-34950d6f37d9/servers?depth=1
    body:
      encoding: US-ASCII
      string: ''
    headers:
      User-Agent:
      - ionos-cloud-sdk-ruby/v6
      Content-Type:
      - application/json
      Accept:
      - application/json
      Authorization: Basic dXNlcm5hbWU6cGFzc3dvcmQ=
      Expect:
      - ''
  response:
    status:
      code: 200
      message: OK
    headers:
      Date:
      - Mon, 12 Jul 2021 12:37:21 GMT
      Server:
      - Apache/2.4.38 (Debian)
      Content-Length:
      - '5769'
      Content-Type:
      - application/json
      X-Frame-Options:
      - SAMEORIGIN
      X-Ratelimit-Burst:
      - '900'
      X-Ratelimit-Limit:
      - '1150'
      X-Ratelimit-Remaining:
      - '899'
      Access-Control-Allow-Origin:
      - "*"
      Access-Control-Allow-Headers:
      - "*"
      Access-Control-Expose-Headers:
      - "*"
      Access-Control-Allow-Methods:
      - "*"
      Access-Control-Allow-Credentials:
      - 'true'
    body:
      encoding: ASCII-8BIT
      string: |
        {
          "id" : "4809a1da-a394-4c1e-a046-34950d6f37d9/servers",
          "type" : "collection",
          "href" : "https://api.ionos.com/cloudapi/v6/datacenters/4809a1da-a394-4c1e-a046-34950d6f37d9/servers",
          "items" : [ {
            "id" : "1a8bd431-c3d7-4256-afe5-9f03a3d7fd8d",
            "type" : "server",
            "href" : "https://api.ionos.com/cloudapi/v6/datacenters/4809a1da-a394-4c1e-a046-34950d6f37d9/servers/1a8bd431-c3d7-4256-afe5-9f03a3d7fd8d",
            "metadata" : {
              "etag" : "3fdb71023074ec80fab2b7824d4e0c74",
              "createdDate" : "2021-07-12T12:31:12Z",
              "createdBy" : "username",
              "createdByUserId" : "99156d9e-eb3f-4024-a3a4-283be74699c0",
              "lastModifiedDate" : "2021-07-12T12:35:43Z",
              "lastModifiedBy" : "username",
              "lastModifiedByUserId" : "99156d9e-eb3f-4024-a3a4-283be74699c0",
              "state" : "AVAILABLE"
            },
            "properties" : {
              "name" : "puppet_module_test6ffwgwegwegwegwegewgwh4d0ebc5ed",
              "cores" : 2,
              "ram" : 2048,
              "availabilityZone" : "AUTO",
              "vmState" : "RUNNING",
              "bootCdrom" : null,
              "bootVolume" : null,
              "cpuFamily" : "INTEL_SKYLAKE",
              "type" : "ENTERPRISE"
            },
            "entities" : {
              "cdroms" : {
                "id" : "1a8bd431-c3d7-4256-afe5-9f03a3d7fd8d/cdroms",
                "type" : "collection",
                "href" : "https://api.ionos.com/cloudapi/v6/datacenters/4809a1da-a394-4c1e-a046-34950d6f37d9/servers/1a8bd431-c3d7-4256-afe5-9f03a3d7fd8d/cdroms"
              },
              "volumes" : {
                "id" : "1a8bd431-c3d7-4256-afe5-9f03a3d7fd8d/volumes",
                "type" : "collection",
                "href" : "https://api.ionos.com/cloudapi/v6/datacenters/4809a1da-a394-4c1e-a046-34950d6f37d9/servers/1a8bd431-c3d7-4256-afe5-9f03a3d7fd8d/volumes"
              },
              "nics" : {
                "id" : "1a8bd431-c3d7-4256-afe5-9f03a3d7fd8d/nics",
                "type" : "collection",
                "href" : "https://api.ionos.com/cloudapi/v6/datacenters/4809a1da-a394-4c1e-a046-34950d6f37d9/servers/1a8bd431-c3d7-4256-afe5-9f03a3d7fd8d/nics"
              }
            }
          }, {
            "id" : "0d116cf3-7d14-4531-a4bd-81cfe55dce8e",
            "type" : "server",
            "href" : "https://api.ionos.com/cloudapi/v6/datacenters/4809a1da-a394-4c1e-a046-34950d6f37d9/servers/0d116cf3-7d14-4531-a4bd-81cfe55dce8e",
            "metadata" : {
              "etag" : "06ada1e5dafb6786223f6472a0a5396b",
              "createdDate" : "2021-07-12T12:31:01Z",
              "createdBy" : "username",
              "createdByUserId" : "99156d9e-eb3f-4024-a3a4-283be74699c0",
              "lastModifiedDate" : "2021-07-12T12:33:55Z",
              "lastModifiedBy" : "username",
              "lastModifiedByUserId" : "99156d9e-eb3f-4024-a3a4-283be74699c0",
              "state" : "AVAILABLE"
            },
            "properties" : {
              "name" : "puppet_module_test6ffwegwgwegwwdqw5eh4d0ebc5ed",
              "cores" : 1,
              "ram" : 1024,
              "availabilityZone" : "AUTO",
              "vmState" : "RUNNING",
              "bootCdrom" : null,
              "bootVolume" : null,
              "cpuFamily" : "INTEL_SKYLAKE",
              "type" : "ENTERPRISE"
            },
            "entities" : {
              "cdroms" : {
                "id" : "0d116cf3-7d14-4531-a4bd-81cfe55dce8e/cdroms",
                "type" : "collection",
                "href" : "https://api.ionos.com/cloudapi/v6/datacenters/4809a1da-a394-4c1e-a046-34950d6f37d9/servers/0d116cf3-7d14-4531-a4bd-81cfe55dce8e/cdroms"
              },
              "volumes" : {
                "id" : "0d116cf3-7d14-4531-a4bd-81cfe55dce8e/volumes",
                "type" : "collection",
                "href" : "https://api.ionos.com/cloudapi/v6/datacenters/4809a1da-a394-4c1e-a046-34950d6f37d9/servers/0d116cf3-7d14-4531-a4bd-81cfe55dce8e/volumes"
              },
              "nics" : {
                "id" : "0d116cf3-7d14-4531-a4bd-81cfe55dce8e/nics",
                "type" : "collection",
                "href" : "https://api.ionos.com/cloudapi/v6/datacenters/4809a1da-a394-4c1e-a046-34950d6f37d9/servers/0d116cf3-7d14-4531-a4bd-81cfe55dce8e/nics"
              }
            }
          }, {
            "id" : "67ba0115-0ee6-4d70-ac5e-5e268693747d",
            "type" : "server",
            "href" : "https://api.ionos.com/cloudapi/v6/datacenters/4809a1da-a394-4c1e-a046-34950d6f37d9/servers/67ba0115-0ee6-4d70-ac5e-5e268693747d",
            "metadata" : {
              "etag" : "5ac75148b277cec5715f8cd06078583f",
              "createdDate" : "2021-07-12T12:31:34Z",
              "createdBy" : "username",
              "createdByUserId" : "99156d9e-eb3f-4024-a3a4-283be74699c0",
              "lastModifiedDate" : "2021-07-12T12:31:34Z",
              "lastModifiedBy" : "username",
              "lastModifiedByUserId" : "99156d9e-eb3f-4024-a3a4-283be74699c0",
              "state" : "AVAILABLE"
            },
            "properties" : {
              "name" : "puppet_module_test6ffwggergergergeadadegewgwh4d0ebc5ed",
              "cores" : 1,
              "ram" : 1024,
              "availabilityZone" : "AUTO",
              "vmState" : "SUSPENDED",
              "bootCdrom" : null,
              "bootVolume" : null,
              "cpuFamily" : "INTEL_SKYLAKE",
              "type" : "CUBE",
              "templateUuid" : "15c6dd2f-02d2-4987-b439-9a58dd59ecc3"
            },
            "entities" : {
              "cdroms" : {
                "id" : "67ba0115-0ee6-4d70-ac5e-5e268693747d/cdroms",
                "type" : "collection",
                "href" : "https://api.ionos.com/cloudapi/v6/datacenters/4809a1da-a394-4c1e-a046-34950d6f37d9/servers/67ba0115-0ee6-4d70-ac5e-5e268693747d/cdroms"
              },
              "volumes" : {
                "id" : "67ba0115-0ee6-4d70-ac5e-5e268693747d/volumes",
                "type" : "collection",
                "href" : "https://api.ionos.com/cloudapi/v6/datacenters/4809a1da-a394-4c1e-a046-34950d6f37d9/servers/67ba0115-0ee6-4d70-ac5e-5e268693747d/volumes"
              },
              "nics" : {
                "id" : "67ba0115-0ee6-4d70-ac5e-5e268693747d/nics",
                "type" : "collection",
                "href" : "https://api.ionos.com/cloudapi/v6/datacenters/4809a1da-a394-4c1e-a046-34950d6f37d9/servers/67ba0115-0ee6-4d70-ac5e-5e268693747d/nics"
              }
            }
          } ]
        }
  recorded_at: Mon, 12 Jul 2021 12:37:21 GMT
- request:
    method: post
    uri: https://api.ionos.com/cloudapi/v6/datacenters/4809a1da-a394-4c1e-a046-34950d6f37d9/servers/67ba0115-0ee6-4d70-ac5e-5e268693747d/resume
    body:
      encoding: US-ASCII
      string: ''
    headers:
      User-Agent:
      - ionos-cloud-sdk-ruby/v6
      Content-Type:
      - application/json
      Accept:
      - application/json
      Authorization: Basic dXNlcm5hbWU6cGFzc3dvcmQ=
      Expect:
      - ''
  response:
    status:
      code: 202
      message: Accepted
    headers:
      Date:
      - Mon, 12 Jul 2021 12:37:22 GMT
      Server:
      - Apache/2.4.38 (Debian)
      Content-Length:
      - '0'
      Etag:
      - e2b535a996dbfb1d9f6df1715ebcf525
      Location:
      - https://api.ionos.com/cloudapi/v6/requests/c7ce7f84-6fed-4c76-b159-526c78b2ba82/status
      X-Frame-Options:
      - SAMEORIGIN
      X-Ratelimit-Burst:
      - '50'
      X-Ratelimit-Limit:
      - '120'
      X-Ratelimit-Remaining:
      - '49'
      Access-Control-Allow-Origin:
      - "*"
      Access-Control-Allow-Headers:
      - "*"
      Access-Control-Expose-Headers:
      - "*"
      Access-Control-Allow-Methods:
      - "*"
      Access-Control-Allow-Credentials:
      - 'true'
    body:
      encoding: ASCII-8BIT
      string: ''
  recorded_at: Mon, 12 Jul 2021 12:37:22 GMT
- request:
    method: get
    uri: https://api.ionos.com/cloudapi/v6/requests/c7ce7f84-6fed-4c76-b159-526c78b2ba82/status
    body:
      encoding: US-ASCII
      string: ''
    headers:
      User-Agent:
      - ionos-cloud-sdk-ruby/v6
      Content-Type:
      - application/json
      Accept:
      - application/json
      Authorization: Basic dXNlcm5hbWU6cGFzc3dvcmQ=
      Expect:
      - ''
  response:
    status:
      code: 200
      message: OK
    headers:
      Date:
      - Mon, 12 Jul 2021 12:37:27 GMT
      Server:
      - Apache/2.4.38 (Debian)
      Content-Length:
      - '650'
      Content-Type:
      - application/json
      Etag:
      - 2ba22e58ca17bb728d522bba36cf8350
      X-Frame-Options:
      - SAMEORIGIN
      X-Ratelimit-Burst:
      - '900'
      X-Ratelimit-Limit:
      - '1150'
      X-Ratelimit-Remaining:
      - '899'
      Access-Control-Allow-Origin:
      - "*"
      Access-Control-Allow-Headers:
      - "*"
      Access-Control-Expose-Headers:
      - "*"
      Access-Control-Allow-Methods:
      - "*"
      Access-Control-Allow-Credentials:
      - 'true'
    body:
      encoding: UTF-8
      string: |
        {
          "id" : "c7ce7f84-6fed-4c76-b159-526c78b2ba82/status",
          "type" : "request-status",
          "href" : "https://api.ionos.com/cloudapi/v6/requests/c7ce7f84-6fed-4c76-b159-526c78b2ba82/status",
          "metadata" : {
            "status" : "DONE",
            "message" : "Request has been successfully executed",
            "etag" : "2ba22e58ca17bb728d522bba36cf8350",
            "targets" : [ {
              "target" : {
                "id" : "67ba0115-0ee6-4d70-ac5e-5e268693747d",
                "type" : "server",
                "href" : "https://api.ionos.com/cloudapi/v6/datacenters/4809a1da-a394-4c1e-a046-34950d6f37d9/servers/67ba0115-0ee6-4d70-ac5e-5e268693747d"
              },
              "status" : "DONE"
            } ]
          }
        }
  recorded_at: Mon, 12 Jul 2021 12:37:27 GMT
recorded_with: VCR 6.0.0
