---
http_interactions:
- request:
    method: put
    uri: https://api.ionos.com/cloudapi/v5/um/groups/fee98c66-1bd9-4384-8231-e0fd7e2fa360/shares/bf8aa1ce-1176-4d57-b614-c6ee7c5ab27d
    body:
      encoding: UTF-8
      string: '{"properties":{"editPrivilege":false}}'
    headers:
      User-Agent:
      - ionos-cloud-sdk-ruby/v5
      Content-Type:
      - application/json
      Accept:
      - application/json
      Authorization: Basic dXNlcm5hbWU6cGFzc3dvcmQ=
      Expect:
      - ''
  response:
    status:
      code: 202
      message: Accepted
    headers:
      Date:
      - Wed, 14 Apr 2021 12:56:35 GMT
      Server:
      - Apache/2.4.38 (Debian)
      Content-Length:
      - '295'
      Content-Type:
      - application/json
      Etag:
      - e6ffcdff20fd122128da399f603f0c4d
      Location:
      - https://api.ionos.com/cloudapi/v5/requests/17518882-0712-45b8-acd0-eb1fd5676c23/status
      X-Frame-Options:
      - SAMEORIGIN
      X-Ratelimit-Burst:
      - '50'
      X-Ratelimit-Limit:
      - '120'
      X-Ratelimit-Remaining:
      - '49'
      Access-Control-Allow-Origin:
      - "*"
      Access-Control-Allow-Headers:
      - "*"
      Access-Control-Expose-Headers:
      - "*"
      Access-Control-Allow-Methods:
      - "*"
      Access-Control-Allow-Credentials:
      - 'true'
    body:
      encoding: UTF-8
      string: |
        {
          "id" : "bf8aa1ce-1176-4d57-b614-c6ee7c5ab27d",
          "type" : "resource",
          "href" : "https://api.ionos.com/cloudapi/v5/um/groups/fee98c66-1bd9-4384-8231-e0fd7e2fa360/shares/bf8aa1ce-1176-4d57-b614-c6ee7c5ab27d",
          "properties" : {
            "editPrivilege" : false,
            "sharePrivilege" : true
          }
        }
  recorded_at: Wed, 14 Apr 2021 12:56:35 GMT
- request:
    method: get
    uri: https://api.ionos.com/cloudapi/v5/requests/17518882-0712-45b8-acd0-eb1fd5676c23/status
    body:
      encoding: US-ASCII
      string: ''
    headers:
      User-Agent:
      - ionos-cloud-sdk-ruby/v5
      Content-Type:
      - application/json
      Accept:
      - application/json
      Authorization: Basic dXNlcm5hbWU6cGFzc3dvcmQ=
      Expect:
      - ''
  response:
    status:
      code: 200
      message: OK
    headers:
      Date:
      - Wed, 14 Apr 2021 12:56:35 GMT
      Server:
      - Apache/2.4.38 (Debian)
      Content-Length:
      - '649'
      Content-Type:
      - application/json
      Etag:
      - 2ba22e58ca17bb728d522bba36cf8350
      X-Frame-Options:
      - SAMEORIGIN
      X-Ratelimit-Burst:
      - '900'
      X-Ratelimit-Limit:
      - '1150'
      X-Ratelimit-Remaining:
      - '899'
      Access-Control-Allow-Origin:
      - "*"
      Access-Control-Allow-Headers:
      - "*"
      Access-Control-Expose-Headers:
      - "*"
      Access-Control-Allow-Methods:
      - "*"
      Access-Control-Allow-Credentials:
      - 'true'
    body:
      encoding: UTF-8
      string: |
        {
          "id" : "17518882-0712-45b8-acd0-eb1fd5676c23/status",
          "type" : "request-status",
          "href" : "https://api.ionos.com/cloudapi/v5/requests/17518882-0712-45b8-acd0-eb1fd5676c23/status",
          "metadata" : {
            "status" : "DONE",
            "message" : "Request has been successfully executed",
            "etag" : "2ba22e58ca17bb728d522bba36cf8350",
            "targets" : [ {
              "target" : {
                "id" : "bf8aa1ce-1176-4d57-b614-c6ee7c5ab27d",
                "type" : "resource",
                "href" : "https://api.ionos.com/cloudapi/v5/um/groups/fee98c66-1bd9-4384-8231-e0fd7e2fa360/shares/bf8aa1ce-1176-4d57-b614-c6ee7c5ab27d"
              },
              "status" : "DONE"
            } ]
          }
        }
  recorded_at: Wed, 14 Apr 2021 12:56:35 GMT
- request:
    method: get
    uri: https://api.ionos.com/cloudapi/v5/um/groups?depth=2
    body:
      encoding: US-ASCII
      string: ''
    headers:
      User-Agent:
      - ionos-cloud-sdk-ruby/v5
      Content-Type:
      - application/json
      Accept:
      - application/json
      Authorization: Basic dXNlcm5hbWU6cGFzc3dvcmQ=
      Expect:
      - ''
  response:
    status:
      code: 200
      message: OK
    headers:
      Date:
      - Wed, 14 Apr 2021 12:56:35 GMT
      Server:
      - Apache/2.4.38 (Debian)
      Content-Length:
      - '7858'
      Content-Type:
      - application/json
      X-Frame-Options:
      - SAMEORIGIN
      X-Ratelimit-Burst:
      - '900'
      X-Ratelimit-Limit:
      - '1150'
      X-Ratelimit-Remaining:
      - '899'
      Access-Control-Allow-Origin:
      - "*"
      Access-Control-Allow-Headers:
      - "*"
      Access-Control-Expose-Headers:
      - "*"
      Access-Control-Allow-Methods:
      - "*"
      Access-Control-Allow-Credentials:
      - 'true'
    body:
      encoding: UTF-8
      string: |
        {
          "id" : "groups",
          "type" : "collection",
          "href" : "https://api.ionos.com/cloudapi/v5/um/groups",
          "items" : [ {
            "id" : "fee98c66-1bd9-4384-8231-e0fd7e2fa360",
            "type" : "group",
            "href" : "https://api.ionos.com/cloudapi/v5/um/groups/fee98c66-1bd9-4384-8231-e0fd7e2fa360",
            "properties" : {
              "name" : "Puppet Module Test",
              "createDataCenter" : false,
              "createSnapshot" : true,
              "reserveIp" : true,
              "accessActivityLog" : true,
              "createPcc" : false,
              "s3Privilege" : false,
              "createBackupUnit" : false,
              "createInternetAccess" : false,
              "createK8sCluster" : false
            },
            "entities" : {
              "users" : {
                "id" : "fee98c66-1bd9-4384-8231-e0fd7e2fa360/users",
                "type" : "collection",
                "href" : "https://api.ionos.com/cloudapi/v5/um/groups/fee98c66-1bd9-4384-8231-e0fd7e2fa360/users",
                "items" : [ ]
              },
              "resources" : {
                "id" : "fee98c66-1bd9-4384-8231-e0fd7e2fa360/resources",
                "type" : "collection",
                "href" : "https://api.ionos.com/cloudapi/v5/um/groups/fee98c66-1bd9-4384-8231-e0fd7e2fa360/resources",
                "items" : [ {
                  "id" : "bf8aa1ce-1176-4d57-b614-c6ee7c5ab27d",
                  "type" : "datacenter",
                  "href" : "https://api.ionos.com/cloudapi/v5/um/resources/datacenter/bf8aa1ce-1176-4d57-b614-c6ee7c5ab27d"
                } ]
              }
            }
          }, {
            "id" : "cb77f47d-4646-4b9b-8ac2-016706ee885a",
            "type" : "group",
            "href" : "https://api.ionos.com/cloudapi/v5/um/groups/cb77f47d-4646-4b9b-8ac2-016706ee885a",
            "properties" : {
              "name" : "Puppet Module Test",
              "createDataCenter" : false,
              "createSnapshot" : true,
              "reserveIp" : true,
              "accessActivityLog" : true,
              "createPcc" : false,
              "s3Privilege" : false,
              "createBackupUnit" : false,
              "createInternetAccess" : true,
              "createK8sCluster" : false
            },
            "entities" : {
              "users" : {
                "id" : "cb77f47d-4646-4b9b-8ac2-016706ee885a/users",
                "type" : "collection",
                "href" : "https://api.ionos.com/cloudapi/v5/um/groups/cb77f47d-4646-4b9b-8ac2-016706ee885a/users",
                "items" : [ {
                  "id" : "fe907f33-0bb8-49c5-b33d-4060b7c19bbd",
                  "type" : "user",
                  "href" : "https://api.ionos.com/cloudapi/v5/um/users/fe907f33-0bb8-49c5-b33d-4060b7c19bbd"
                }, {
                  "id" : "48a58b64-1680-4eba-af23-fc8859d89196",
                  "type" : "user",
                  "href" : "https://api.ionos.com/cloudapi/v5/um/users/48a58b64-1680-4eba-af23-fc8859d89196"
                } ]
              },
              "resources" : {
                "id" : "cb77f47d-4646-4b9b-8ac2-016706ee885a/resources",
                "type" : "collection",
                "href" : "https://api.ionos.com/cloudapi/v5/um/groups/cb77f47d-4646-4b9b-8ac2-016706ee885a/resources",
                "items" : [ ]
              }
            }
          }, {
            "id" : "c28dcf2a-2487-4018-9657-338decc981f3",
            "type" : "group",
            "href" : "https://api.ionos.com/cloudapi/v5/um/groups/c28dcf2a-2487-4018-9657-338decc981f3",
            "properties" : {
              "name" : "Puppet Module Test 2",
              "createDataCenter" : false,
              "createSnapshot" : true,
              "reserveIp" : true,
              "accessActivityLog" : true,
              "createPcc" : false,
              "s3Privilege" : false,
              "createBackupUnit" : false,
              "createInternetAccess" : true,
              "createK8sCluster" : false
            },
            "entities" : {
              "users" : {
                "id" : "c28dcf2a-2487-4018-9657-338decc981f3/users",
                "type" : "collection",
                "href" : "https://api.ionos.com/cloudapi/v5/um/groups/c28dcf2a-2487-4018-9657-338decc981f3/users",
                "items" : [ {
                  "id" : "48a58b64-1680-4eba-af23-fc8859d89196",
                  "type" : "user",
                  "href" : "https://api.ionos.com/cloudapi/v5/um/users/48a58b64-1680-4eba-af23-fc8859d89196"
                }, {
                  "id" : "fe907f33-0bb8-49c5-b33d-4060b7c19bbd",
                  "type" : "user",
                  "href" : "https://api.ionos.com/cloudapi/v5/um/users/fe907f33-0bb8-49c5-b33d-4060b7c19bbd"
                } ]
              },
              "resources" : {
                "id" : "c28dcf2a-2487-4018-9657-338decc981f3/resources",
                "type" : "collection",
                "href" : "https://api.ionos.com/cloudapi/v5/um/groups/c28dcf2a-2487-4018-9657-338decc981f3/resources",
                "items" : [ ]
              }
            }
          }, {
            "id" : "98c8644c-1417-410b-bf0a-9c906bd1aaa6",
            "type" : "group",
            "href" : "https://api.ionos.com/cloudapi/v5/um/groups/98c8644c-1417-410b-bf0a-9c906bd1aaa6",
            "properties" : {
              "name" : "Puppet Module Test 3",
              "createDataCenter" : false,
              "createSnapshot" : true,
              "reserveIp" : true,
              "accessActivityLog" : true,
              "createPcc" : false,
              "s3Privilege" : false,
              "createBackupUnit" : false,
              "createInternetAccess" : true,
              "createK8sCluster" : false
            },
            "entities" : {
              "users" : {
                "id" : "98c8644c-1417-410b-bf0a-9c906bd1aaa6/users",
                "type" : "collection",
                "href" : "https://api.ionos.com/cloudapi/v5/um/groups/98c8644c-1417-410b-bf0a-9c906bd1aaa6/users",
                "items" : [ {
                  "id" : "fe907f33-0bb8-49c5-b33d-4060b7c19bbd",
                  "type" : "user",
                  "href" : "https://api.ionos.com/cloudapi/v5/um/users/fe907f33-0bb8-49c5-b33d-4060b7c19bbd"
                } ]
              },
              "resources" : {
                "id" : "98c8644c-1417-410b-bf0a-9c906bd1aaa6/resources",
                "type" : "collection",
                "href" : "https://api.ionos.com/cloudapi/v5/um/groups/98c8644c-1417-410b-bf0a-9c906bd1aaa6/resources",
                "items" : [ ]
              }
            }
          }, {
            "id" : "5f8fb8b7-2c52-4507-8e69-fdc9da4613cb",
            "type" : "group",
            "href" : "https://api.ionos.com/cloudapi/v5/um/groups/5f8fb8b7-2c52-4507-8e69-fdc9da4613cb",
            "properties" : {
              "name" : "Puppet Test 2",
              "createDataCenter" : true,
              "createSnapshot" : false,
              "reserveIp" : false,
              "accessActivityLog" : true,
              "createPcc" : true,
              "s3Privilege" : true,
              "createBackupUnit" : true,
              "createInternetAccess" : true,
              "createK8sCluster" : true
            },
            "entities" : {
              "users" : {
                "id" : "5f8fb8b7-2c52-4507-8e69-fdc9da4613cb/users",
                "type" : "collection",
                "href" : "https://api.ionos.com/cloudapi/v5/um/groups/5f8fb8b7-2c52-4507-8e69-fdc9da4613cb/users",
                "items" : [ {
                  "id" : "ae778d33-a389-4fc6-a42c-a3768fe68197",
                  "type" : "user",
                  "href" : "https://api.ionos.com/cloudapi/v5/um/users/ae778d33-a389-4fc6-a42c-a3768fe68197"
                } ]
              },
              "resources" : {
                "id" : "5f8fb8b7-2c52-4507-8e69-fdc9da4613cb/resources",
                "type" : "collection",
                "href" : "https://api.ionos.com/cloudapi/v5/um/groups/5f8fb8b7-2c52-4507-8e69-fdc9da4613cb/resources",
                "items" : [ ]
              }
            }
          }, {
            "id" : "8df88a19-2691-414d-a6af-5d3b71d6aa85",
            "type" : "group",
            "href" : "https://api.ionos.com/cloudapi/v5/um/groups/8df88a19-2691-414d-a6af-5d3b71d6aa85",
            "properties" : {
              "name" : "test",
              "createDataCenter" : true,
              "createSnapshot" : true,
              "reserveIp" : true,
              "accessActivityLog" : true,
              "createPcc" : false,
              "s3Privilege" : true,
              "createBackupUnit" : true,
              "createInternetAccess" : false,
              "createK8sCluster" : false
            },
            "entities" : {
              "users" : {
                "id" : "8df88a19-2691-414d-a6af-5d3b71d6aa85/users",
                "type" : "collection",
                "href" : "https://api.ionos.com/cloudapi/v5/um/groups/8df88a19-2691-414d-a6af-5d3b71d6aa85/users",
                "items" : [ ]
              },
              "resources" : {
                "id" : "8df88a19-2691-414d-a6af-5d3b71d6aa85/resources",
                "type" : "collection",
                "href" : "https://api.ionos.com/cloudapi/v5/um/groups/8df88a19-2691-414d-a6af-5d3b71d6aa85/resources",
                "items" : [ ]
              }
            }
          } ]
        }
  recorded_at: Wed, 14 Apr 2021 12:56:35 GMT
- request:
    method: get
    uri: https://api.ionos.com/cloudapi/v5/um/groups/fee98c66-1bd9-4384-8231-e0fd7e2fa360/shares?depth=1
    body:
      encoding: US-ASCII
      string: ''
    headers:
      User-Agent:
      - ionos-cloud-sdk-ruby/v5
      Content-Type:
      - application/json
      Accept:
      - application/json
      Authorization: Basic dXNlcm5hbWU6cGFzc3dvcmQ=
      Expect:
      - ''
  response:
    status:
      code: 200
      message: OK
    headers:
      Date:
      - Wed, 14 Apr 2021 12:56:35 GMT
      Server:
      - Apache/2.4.38 (Debian)
      Content-Length:
      - '514'
      Content-Type:
      - application/json
      X-Frame-Options:
      - SAMEORIGIN
      X-Ratelimit-Burst:
      - '900'
      X-Ratelimit-Limit:
      - '1150'
      X-Ratelimit-Remaining:
      - '899'
      Access-Control-Allow-Origin:
      - "*"
      Access-Control-Allow-Headers:
      - "*"
      Access-Control-Expose-Headers:
      - "*"
      Access-Control-Allow-Methods:
      - "*"
      Access-Control-Allow-Credentials:
      - 'true'
    body:
      encoding: UTF-8
      string: |
        {
          "id" : "fee98c66-1bd9-4384-8231-e0fd7e2fa360/shares",
          "type" : "collection",
          "href" : "https://api.ionos.com/cloudapi/v5/um/groups/fee98c66-1bd9-4384-8231-e0fd7e2fa360/shares",
          "items" : [ {
            "id" : "bf8aa1ce-1176-4d57-b614-c6ee7c5ab27d",
            "type" : "resource",
            "href" : "https://api.ionos.com/cloudapi/v5/um/groups/fee98c66-1bd9-4384-8231-e0fd7e2fa360/shares/bf8aa1ce-1176-4d57-b614-c6ee7c5ab27d",
            "properties" : {
              "editPrivilege" : false,
              "sharePrivilege" : true
            }
          } ]
        }
  recorded_at: Wed, 14 Apr 2021 12:56:35 GMT
recorded_with: VCR 6.0.0
